<?xml version="1.0" encoding="ISO-8859-1" ?>
<link_info>
   <banner>MSP430 Linker PC v20.2.5.LTS</banner>
   <copyright>Copyright (c) 2003-2018 Texas Instruments Incorporated</copyright>
   <link_time>0x61fef846</link_time>
   <link_errors>0x0</link_errors>
   <output_file>iris-powctrl-ccs.out</output_file>
   <entry_point>
      <name>_c_int00_noargs_mpu</name>
      <address>0x822e</address>
   </entry_point>
   <input_file_list>
      <input_file id="fl-2">
         <path>.\driverlib\MSP430FR2xx_4xx\</path>
         <kind>object</kind>
         <file>adc.obj</file>
         <name>adc.obj</name>
      </input_file>
      <input_file id="fl-3">
         <path>.\driverlib\MSP430FR2xx_4xx\</path>
         <kind>object</kind>
         <file>crc.obj</file>
         <name>crc.obj</name>
      </input_file>
      <input_file id="fl-4">
         <path>.\driverlib\MSP430FR2xx_4xx\</path>
         <kind>object</kind>
         <file>cs.obj</file>
         <name>cs.obj</name>
      </input_file>
      <input_file id="fl-5">
         <path>.\driverlib\MSP430FR2xx_4xx\</path>
         <kind>object</kind>
         <file>ecomp.obj</file>
         <name>ecomp.obj</name>
      </input_file>
      <input_file id="fl-6">
         <path>.\driverlib\MSP430FR2xx_4xx\</path>
         <kind>object</kind>
         <file>eusci_a_spi.obj</file>
         <name>eusci_a_spi.obj</name>
      </input_file>
      <input_file id="fl-7">
         <path>.\driverlib\MSP430FR2xx_4xx\</path>
         <kind>object</kind>
         <file>eusci_a_uart.obj</file>
         <name>eusci_a_uart.obj</name>
      </input_file>
      <input_file id="fl-8">
         <path>.\driverlib\MSP430FR2xx_4xx\</path>
         <kind>object</kind>
         <file>eusci_b_i2c.obj</file>
         <name>eusci_b_i2c.obj</name>
      </input_file>
      <input_file id="fl-9">
         <path>.\driverlib\MSP430FR2xx_4xx\</path>
         <kind>object</kind>
         <file>eusci_b_spi.obj</file>
         <name>eusci_b_spi.obj</name>
      </input_file>
      <input_file id="fl-a">
         <path>.\driverlib\MSP430FR2xx_4xx\</path>
         <kind>object</kind>
         <file>framctl.obj</file>
         <name>framctl.obj</name>
      </input_file>
      <input_file id="fl-b">
         <path>.\driverlib\MSP430FR2xx_4xx\</path>
         <kind>object</kind>
         <file>gpio.obj</file>
         <name>gpio.obj</name>
      </input_file>
      <input_file id="fl-c">
         <path>.\driverlib\MSP430FR2xx_4xx\</path>
         <kind>object</kind>
         <file>icc.obj</file>
         <name>icc.obj</name>
      </input_file>
      <input_file id="fl-d">
         <path>.\driverlib\MSP430FR2xx_4xx\</path>
         <kind>object</kind>
         <file>lcd_e.obj</file>
         <name>lcd_e.obj</name>
      </input_file>
      <input_file id="fl-e">
         <path>.\driverlib\MSP430FR2xx_4xx\</path>
         <kind>object</kind>
         <file>mpy32.obj</file>
         <name>mpy32.obj</name>
      </input_file>
      <input_file id="fl-f">
         <path>.\driverlib\MSP430FR2xx_4xx\</path>
         <kind>object</kind>
         <file>pmm.obj</file>
         <name>pmm.obj</name>
      </input_file>
      <input_file id="fl-10">
         <path>.\driverlib\MSP430FR2xx_4xx\</path>
         <kind>object</kind>
         <file>rtc.obj</file>
         <name>rtc.obj</name>
      </input_file>
      <input_file id="fl-11">
         <path>.\driverlib\MSP430FR2xx_4xx\</path>
         <kind>object</kind>
         <file>sac.obj</file>
         <name>sac.obj</name>
      </input_file>
      <input_file id="fl-12">
         <path>.\driverlib\MSP430FR2xx_4xx\</path>
         <kind>object</kind>
         <file>sfr.obj</file>
         <name>sfr.obj</name>
      </input_file>
      <input_file id="fl-13">
         <path>.\driverlib\MSP430FR2xx_4xx\</path>
         <kind>object</kind>
         <file>sysctl.obj</file>
         <name>sysctl.obj</name>
      </input_file>
      <input_file id="fl-14">
         <path>.\driverlib\MSP430FR2xx_4xx\</path>
         <kind>object</kind>
         <file>tia.obj</file>
         <name>tia.obj</name>
      </input_file>
      <input_file id="fl-15">
         <path>.\driverlib\MSP430FR2xx_4xx\</path>
         <kind>object</kind>
         <file>timer_a.obj</file>
         <name>timer_a.obj</name>
      </input_file>
      <input_file id="fl-16">
         <path>.\driverlib\MSP430FR2xx_4xx\</path>
         <kind>object</kind>
         <file>timer_b.obj</file>
         <name>timer_b.obj</name>
      </input_file>
      <input_file id="fl-17">
         <path>.\driverlib\MSP430FR2xx_4xx\</path>
         <kind>object</kind>
         <file>tlv.obj</file>
         <name>tlv.obj</name>
      </input_file>
      <input_file id="fl-18">
         <path>.\driverlib\MSP430FR2xx_4xx\</path>
         <kind>object</kind>
         <file>wdt_a.obj</file>
         <name>wdt_a.obj</name>
      </input_file>
      <input_file id="fl-19">
         <path>.\src\</path>
         <kind>object</kind>
         <file>application.obj</file>
         <name>application.obj</name>
      </input_file>
      <input_file id="fl-1a">
         <path>.\src\</path>
         <kind>object</kind>
         <file>main.obj</file>
         <name>main.obj</name>
      </input_file>
      <input_file id="fl-1b">
         <path>.\src\</path>
         <kind>object</kind>
         <file>telemetry.obj</file>
         <name>telemetry.obj</name>
      </input_file>
      <input_file id="fl-1c">
         <path>.\src\drivers\</path>
         <kind>object</kind>
         <file>adcbankAB_driver.obj</file>
         <name>adcbankAB_driver.obj</name>
      </input_file>
      <input_file id="fl-1d">
         <path>.\src\drivers\</path>
         <kind>object</kind>
         <file>adcs_driver.obj</file>
         <name>adcs_driver.obj</name>
      </input_file>
      <input_file id="fl-1e">
         <path>.\src\drivers\</path>
         <kind>object</kind>
         <file>peripheral_driver.obj</file>
         <name>peripheral_driver.obj</name>
      </input_file>
      <input_file id="fl-1f">
         <path>.\src\drivers\device\tcan4x5x\</path>
         <kind>object</kind>
         <file>TCAN4550.obj</file>
         <name>TCAN4550.obj</name>
      </input_file>
      <input_file id="fl-20">
         <path>.\src\drivers\device\tcan4x5x\</path>
         <kind>object</kind>
         <file>TCAN4x5x_SPI.obj</file>
         <name>TCAN4x5x_SPI.obj</name>
      </input_file>
      <input_file id="fl-21">
         <path>.\src\drivers\protocol\</path>
         <kind>object</kind>
         <file>can.obj</file>
         <name>can.obj</name>
      </input_file>
      <input_file id="fl-22">
         <path>.\src\drivers\protocol\</path>
         <kind>object</kind>
         <file>spi.obj</file>
         <name>spi.obj</name>
      </input_file>
      <input_file id="fl-28">
         <kind>object</kind>
         <file>&lt;internal&gt;</file>
         <name>&lt;internal&gt;</name>
      </input_file>
      <input_file id="fl-43">
         <path>C:\ti\ccs1040\ccs\tools\compiler\ti-cgt-msp430_20.2.5.LTS\lib\</path>
         <kind>archive</kind>
         <file>rts430x_lc_rd_eabi.lib</file>
         <name>copy_decompress_lzss.c.obj</name>
      </input_file>
      <input_file id="fl-44">
         <path>C:\ti\ccs1040\ccs\tools\compiler\ti-cgt-msp430_20.2.5.LTS\lib\</path>
         <kind>archive</kind>
         <file>rts430x_lc_rd_eabi.lib</file>
         <name>copy_decompress_none.c.obj</name>
      </input_file>
      <input_file id="fl-45">
         <path>C:\ti\ccs1040\ccs\tools\compiler\ti-cgt-msp430_20.2.5.LTS\lib\</path>
         <kind>archive</kind>
         <file>rts430x_lc_rd_eabi.lib</file>
         <name>int20.asm.obj</name>
      </input_file>
      <input_file id="fl-46">
         <path>C:\ti\ccs1040\ccs\tools\compiler\ti-cgt-msp430_20.2.5.LTS\lib\</path>
         <kind>archive</kind>
         <file>rts430x_lc_rd_eabi.lib</file>
         <name>isr_trap.asm.obj</name>
      </input_file>
      <input_file id="fl-47">
         <path>C:\ti\ccs1040\ccs\tools\compiler\ti-cgt-msp430_20.2.5.LTS\lib\</path>
         <kind>archive</kind>
         <file>rts430x_lc_rd_eabi.lib</file>
         <name>int22.asm.obj</name>
      </input_file>
      <input_file id="fl-48">
         <path>C:\ti\ccs1040\ccs\tools\compiler\ti-cgt-msp430_20.2.5.LTS\lib\</path>
         <kind>archive</kind>
         <file>rts430x_lc_rd_eabi.lib</file>
         <name>int24.asm.obj</name>
      </input_file>
      <input_file id="fl-49">
         <path>C:\ti\ccs1040\ccs\tools\compiler\ti-cgt-msp430_20.2.5.LTS\lib\</path>
         <kind>archive</kind>
         <file>rts430x_lc_rd_eabi.lib</file>
         <name>int25.asm.obj</name>
      </input_file>
      <input_file id="fl-4a">
         <path>C:\ti\ccs1040\ccs\tools\compiler\ti-cgt-msp430_20.2.5.LTS\lib\</path>
         <kind>archive</kind>
         <file>rts430x_lc_rd_eabi.lib</file>
         <name>int26.asm.obj</name>
      </input_file>
      <input_file id="fl-4b">
         <path>C:\ti\ccs1040\ccs\tools\compiler\ti-cgt-msp430_20.2.5.LTS\lib\</path>
         <kind>archive</kind>
         <file>rts430x_lc_rd_eabi.lib</file>
         <name>int27.asm.obj</name>
      </input_file>
      <input_file id="fl-4c">
         <path>C:\ti\ccs1040\ccs\tools\compiler\ti-cgt-msp430_20.2.5.LTS\lib\</path>
         <kind>archive</kind>
         <file>rts430x_lc_rd_eabi.lib</file>
         <name>int28.asm.obj</name>
      </input_file>
      <input_file id="fl-4d">
         <path>C:\ti\ccs1040\ccs\tools\compiler\ti-cgt-msp430_20.2.5.LTS\lib\</path>
         <kind>archive</kind>
         <file>rts430x_lc_rd_eabi.lib</file>
         <name>int29.asm.obj</name>
      </input_file>
      <input_file id="fl-4e">
         <path>C:\ti\ccs1040\ccs\tools\compiler\ti-cgt-msp430_20.2.5.LTS\lib\</path>
         <kind>archive</kind>
         <file>rts430x_lc_rd_eabi.lib</file>
         <name>int30.asm.obj</name>
      </input_file>
      <input_file id="fl-4f">
         <path>C:\ti\ccs1040\ccs\tools\compiler\ti-cgt-msp430_20.2.5.LTS\lib\</path>
         <kind>archive</kind>
         <file>rts430x_lc_rd_eabi.lib</file>
         <name>int31.asm.obj</name>
      </input_file>
      <input_file id="fl-50">
         <path>C:\ti\ccs1040\ccs\tools\compiler\ti-cgt-msp430_20.2.5.LTS\lib\</path>
         <kind>archive</kind>
         <file>rts430x_lc_rd_eabi.lib</file>
         <name>int32.asm.obj</name>
      </input_file>
      <input_file id="fl-51">
         <path>C:\ti\ccs1040\ccs\tools\compiler\ti-cgt-msp430_20.2.5.LTS\lib\</path>
         <kind>archive</kind>
         <file>rts430x_lc_rd_eabi.lib</file>
         <name>int33.asm.obj</name>
      </input_file>
      <input_file id="fl-52">
         <path>C:\ti\ccs1040\ccs\tools\compiler\ti-cgt-msp430_20.2.5.LTS\lib\</path>
         <kind>archive</kind>
         <file>rts430x_lc_rd_eabi.lib</file>
         <name>int35.asm.obj</name>
      </input_file>
      <input_file id="fl-53">
         <path>C:\ti\ccs1040\ccs\tools\compiler\ti-cgt-msp430_20.2.5.LTS\lib\</path>
         <kind>archive</kind>
         <file>rts430x_lc_rd_eabi.lib</file>
         <name>int36.asm.obj</name>
      </input_file>
      <input_file id="fl-54">
         <path>C:\ti\ccs1040\ccs\tools\compiler\ti-cgt-msp430_20.2.5.LTS\lib\</path>
         <kind>archive</kind>
         <file>rts430x_lc_rd_eabi.lib</file>
         <name>int37.asm.obj</name>
      </input_file>
      <input_file id="fl-55">
         <path>C:\ti\ccs1040\ccs\tools\compiler\ti-cgt-msp430_20.2.5.LTS\lib\</path>
         <kind>archive</kind>
         <file>rts430x_lc_rd_eabi.lib</file>
         <name>int38.asm.obj</name>
      </input_file>
      <input_file id="fl-56">
         <path>C:\ti\ccs1040\ccs\tools\compiler\ti-cgt-msp430_20.2.5.LTS\lib\</path>
         <kind>archive</kind>
         <file>rts430x_lc_rd_eabi.lib</file>
         <name>int39.asm.obj</name>
      </input_file>
      <input_file id="fl-57">
         <path>C:\ti\ccs1040\ccs\tools\compiler\ti-cgt-msp430_20.2.5.LTS\lib\</path>
         <kind>archive</kind>
         <file>rts430x_lc_rd_eabi.lib</file>
         <name>int40.asm.obj</name>
      </input_file>
      <input_file id="fl-58">
         <path>C:\ti\ccs1040\ccs\tools\compiler\ti-cgt-msp430_20.2.5.LTS\lib\</path>
         <kind>archive</kind>
         <file>rts430x_lc_rd_eabi.lib</file>
         <name>int41.asm.obj</name>
      </input_file>
      <input_file id="fl-59">
         <path>C:\ti\ccs1040\ccs\tools\compiler\ti-cgt-msp430_20.2.5.LTS\lib\</path>
         <kind>archive</kind>
         <file>rts430x_lc_rd_eabi.lib</file>
         <name>int42.asm.obj</name>
      </input_file>
      <input_file id="fl-5a">
         <path>C:\ti\ccs1040\ccs\tools\compiler\ti-cgt-msp430_20.2.5.LTS\lib\</path>
         <kind>archive</kind>
         <file>rts430x_lc_rd_eabi.lib</file>
         <name>int43.asm.obj</name>
      </input_file>
      <input_file id="fl-5b">
         <path>C:\ti\ccs1040\ccs\tools\compiler\ti-cgt-msp430_20.2.5.LTS\lib\</path>
         <kind>archive</kind>
         <file>rts430x_lc_rd_eabi.lib</file>
         <name>int44.asm.obj</name>
      </input_file>
      <input_file id="fl-5c">
         <path>C:\ti\ccs1040\ccs\tools\compiler\ti-cgt-msp430_20.2.5.LTS\lib\</path>
         <kind>archive</kind>
         <file>rts430x_lc_rd_eabi.lib</file>
         <name>int45.asm.obj</name>
      </input_file>
      <input_file id="fl-5d">
         <path>C:\ti\ccs1040\ccs\tools\compiler\ti-cgt-msp430_20.2.5.LTS\lib\</path>
         <kind>archive</kind>
         <file>rts430x_lc_rd_eabi.lib</file>
         <name>copy_zero_init.c.obj</name>
      </input_file>
      <input_file id="fl-5e">
         <path>C:\ti\ccs1040\ccs\tools\compiler\ti-cgt-msp430_20.2.5.LTS\lib\</path>
         <kind>archive</kind>
         <file>rts430x_lc_rd_eabi.lib</file>
         <name>addd.c.obj</name>
      </input_file>
      <input_file id="fl-5f">
         <path>C:\ti\ccs1040\ccs\tools\compiler\ti-cgt-msp430_20.2.5.LTS\lib\</path>
         <kind>archive</kind>
         <file>rts430x_lc_rd_eabi.lib</file>
         <name>fs_add.asm.obj</name>
      </input_file>
      <input_file id="fl-60">
         <path>C:\ti\ccs1040\ccs\tools\compiler\ti-cgt-msp430_20.2.5.LTS\lib\</path>
         <kind>archive</kind>
         <file>rts430x_lc_rd_eabi.lib</file>
         <name>fs_cmp.asm.obj</name>
      </input_file>
      <input_file id="fl-61">
         <path>C:\ti\ccs1040\ccs\tools\compiler\ti-cgt-msp430_20.2.5.LTS\lib\</path>
         <kind>archive</kind>
         <file>rts430x_lc_rd_eabi.lib</file>
         <name>cvtdf.c.obj</name>
      </input_file>
      <input_file id="fl-62">
         <path>C:\ti\ccs1040\ccs\tools\compiler\ti-cgt-msp430_20.2.5.LTS\lib\</path>
         <kind>archive</kind>
         <file>rts430x_lc_rd_eabi.lib</file>
         <name>cvtfd.c.obj</name>
      </input_file>
      <input_file id="fl-63">
         <path>C:\ti\ccs1040\ccs\tools\compiler\ti-cgt-msp430_20.2.5.LTS\lib\</path>
         <kind>archive</kind>
         <file>rts430x_lc_rd_eabi.lib</file>
         <name>divd.c.obj</name>
      </input_file>
      <input_file id="fl-64">
         <path>C:\ti\ccs1040\ccs\tools\compiler\ti-cgt-msp430_20.2.5.LTS\lib\</path>
         <kind>archive</kind>
         <file>rts430x_lc_rd_eabi.lib</file>
         <name>frcdivd.c.obj</name>
      </input_file>
      <input_file id="fl-65">
         <path>C:\ti\ccs1040\ccs\tools\compiler\ti-cgt-msp430_20.2.5.LTS\lib\</path>
         <kind>archive</kind>
         <file>rts430x_lc_rd_eabi.lib</file>
         <name>fs_div.asm.obj</name>
      </input_file>
      <input_file id="fl-66">
         <path>C:\ti\ccs1040\ccs\tools\compiler\ti-cgt-msp430_20.2.5.LTS\lib\</path>
         <kind>archive</kind>
         <file>rts430x_lc_rd_eabi.lib</file>
         <name>div16s.asm.obj</name>
      </input_file>
      <input_file id="fl-67">
         <path>C:\ti\ccs1040\ccs\tools\compiler\ti-cgt-msp430_20.2.5.LTS\lib\</path>
         <kind>archive</kind>
         <file>rts430x_lc_rd_eabi.lib</file>
         <name>div32s.asm.obj</name>
      </input_file>
      <input_file id="fl-68">
         <path>C:\ti\ccs1040\ccs\tools\compiler\ti-cgt-msp430_20.2.5.LTS\lib\</path>
         <kind>archive</kind>
         <file>rts430x_lc_rd_eabi.lib</file>
         <name>div16u.asm.obj</name>
      </input_file>
      <input_file id="fl-69">
         <path>C:\ti\ccs1040\ccs\tools\compiler\ti-cgt-msp430_20.2.5.LTS\lib\</path>
         <kind>archive</kind>
         <file>rts430x_lc_rd_eabi.lib</file>
         <name>div32u.asm.obj</name>
      </input_file>
      <input_file id="fl-6a">
         <path>C:\ti\ccs1040\ccs\tools\compiler\ti-cgt-msp430_20.2.5.LTS\lib\</path>
         <kind>archive</kind>
         <file>rts430x_lc_rd_eabi.lib</file>
         <name>fltud.c.obj</name>
      </input_file>
      <input_file id="fl-6b">
         <path>C:\ti\ccs1040\ccs\tools\compiler\ti-cgt-msp430_20.2.5.LTS\lib\</path>
         <kind>archive</kind>
         <file>rts430x_lc_rd_eabi.lib</file>
         <name>fs_utof.asm.obj</name>
      </input_file>
      <input_file id="fl-6c">
         <path>C:\ti\ccs1040\ccs\tools\compiler\ti-cgt-msp430_20.2.5.LTS\lib\</path>
         <kind>archive</kind>
         <file>rts430x_lc_rd_eabi.lib</file>
         <name>fltuld.c.obj</name>
      </input_file>
      <input_file id="fl-6d">
         <path>C:\ti\ccs1040\ccs\tools\compiler\ti-cgt-msp430_20.2.5.LTS\lib\</path>
         <kind>archive</kind>
         <file>rts430x_lc_rd_eabi.lib</file>
         <name>mpyd.c.obj</name>
      </input_file>
      <input_file id="fl-6e">
         <path>C:\ti\ccs1040\ccs\tools\compiler\ti-cgt-msp430_20.2.5.LTS\lib\</path>
         <kind>archive</kind>
         <file>rts430x_lc_rd_eabi.lib</file>
         <name>frcmpyd.c.obj</name>
      </input_file>
      <input_file id="fl-6f">
         <path>C:\ti\ccs1040\ccs\tools\compiler\ti-cgt-msp430_20.2.5.LTS\lib\</path>
         <kind>archive</kind>
         <file>rts430x_lc_rd_eabi.lib</file>
         <name>fs_mpy.asm.obj</name>
      </input_file>
      <input_file id="fl-70">
         <path>C:\ti\ccs1040\ccs\tools\compiler\ti-cgt-msp430_20.2.5.LTS\lib\</path>
         <kind>archive</kind>
         <file>rts430x_lc_rd_eabi.lib</file>
         <name>mult16.asm.obj</name>
      </input_file>
      <input_file id="fl-71">
         <path>C:\ti\ccs1040\ccs\tools\compiler\ti-cgt-msp430_20.2.5.LTS\lib\</path>
         <kind>archive</kind>
         <file>rts430x_lc_rd_eabi.lib</file>
         <name>mult16_f5hw.asm.obj</name>
      </input_file>
      <input_file id="fl-72">
         <path>C:\ti\ccs1040\ccs\tools\compiler\ti-cgt-msp430_20.2.5.LTS\lib\</path>
         <kind>archive</kind>
         <file>rts430x_lc_rd_eabi.lib</file>
         <name>mult32.asm.obj</name>
      </input_file>
      <input_file id="fl-73">
         <path>C:\ti\ccs1040\ccs\tools\compiler\ti-cgt-msp430_20.2.5.LTS\lib\</path>
         <kind>archive</kind>
         <file>rts430x_lc_rd_eabi.lib</file>
         <name>mult32_f5hw.asm.obj</name>
      </input_file>
      <input_file id="fl-74">
         <path>C:\ti\ccs1040\ccs\tools\compiler\ti-cgt-msp430_20.2.5.LTS\lib\</path>
         <kind>archive</kind>
         <file>rts430x_lc_rd_eabi.lib</file>
         <name>mult64.asm.obj</name>
      </input_file>
      <input_file id="fl-75">
         <path>C:\ti\ccs1040\ccs\tools\compiler\ti-cgt-msp430_20.2.5.LTS\lib\</path>
         <kind>archive</kind>
         <file>rts430x_lc_rd_eabi.lib</file>
         <name>mult64_f5hw.asm.obj</name>
      </input_file>
      <input_file id="fl-76">
         <path>C:\ti\ccs1040\ccs\tools\compiler\ti-cgt-msp430_20.2.5.LTS\lib\</path>
         <kind>archive</kind>
         <file>rts430x_lc_rd_eabi.lib</file>
         <name>mult1632_f5hw.asm.obj</name>
      </input_file>
      <input_file id="fl-77">
         <path>C:\ti\ccs1040\ccs\tools\compiler\ti-cgt-msp430_20.2.5.LTS\lib\</path>
         <kind>archive</kind>
         <file>rts430x_lc_rd_eabi.lib</file>
         <name>mult3264_f5hw.asm.obj</name>
      </input_file>
      <input_file id="fl-78">
         <path>C:\ti\ccs1040\ccs\tools\compiler\ti-cgt-msp430_20.2.5.LTS\lib\</path>
         <kind>archive</kind>
         <file>rts430x_lc_rd_eabi.lib</file>
         <name>mult1632.asm.obj</name>
      </input_file>
      <input_file id="fl-79">
         <path>C:\ti\ccs1040\ccs\tools\compiler\ti-cgt-msp430_20.2.5.LTS\lib\</path>
         <kind>archive</kind>
         <file>rts430x_lc_rd_eabi.lib</file>
         <name>mult3264.asm.obj</name>
      </input_file>
      <input_file id="fl-7a">
         <path>C:\ti\ccs1040\ccs\tools\compiler\ti-cgt-msp430_20.2.5.LTS\lib\</path>
         <kind>archive</kind>
         <file>rts430x_lc_rd_eabi.lib</file>
         <name>lsl16.asm.obj</name>
      </input_file>
      <input_file id="fl-7b">
         <path>C:\ti\ccs1040\ccs\tools\compiler\ti-cgt-msp430_20.2.5.LTS\lib\</path>
         <kind>archive</kind>
         <file>rts430x_lc_rd_eabi.lib</file>
         <name>lsl32.asm.obj</name>
      </input_file>
      <input_file id="fl-7c">
         <path>C:\ti\ccs1040\ccs\tools\compiler\ti-cgt-msp430_20.2.5.LTS\lib\</path>
         <kind>archive</kind>
         <file>rts430x_lc_rd_eabi.lib</file>
         <name>lsl64.c.obj</name>
      </input_file>
      <input_file id="fl-7d">
         <path>C:\ti\ccs1040\ccs\tools\compiler\ti-cgt-msp430_20.2.5.LTS\lib\</path>
         <kind>archive</kind>
         <file>rts430x_lc_rd_eabi.lib</file>
         <name>asr32.asm.obj</name>
      </input_file>
      <input_file id="fl-7e">
         <path>C:\ti\ccs1040\ccs\tools\compiler\ti-cgt-msp430_20.2.5.LTS\lib\</path>
         <kind>archive</kind>
         <file>rts430x_lc_rd_eabi.lib</file>
         <name>asr64.c.obj</name>
      </input_file>
      <input_file id="fl-7f">
         <path>C:\ti\ccs1040\ccs\tools\compiler\ti-cgt-msp430_20.2.5.LTS\lib\</path>
         <kind>archive</kind>
         <file>rts430x_lc_rd_eabi.lib</file>
         <name>lsr32.asm.obj</name>
      </input_file>
      <input_file id="fl-80">
         <path>C:\ti\ccs1040\ccs\tools\compiler\ti-cgt-msp430_20.2.5.LTS\lib\</path>
         <kind>archive</kind>
         <file>rts430x_lc_rd_eabi.lib</file>
         <name>lsr64.c.obj</name>
      </input_file>
      <input_file id="fl-81">
         <path>C:\ti\ccs1040\ccs\tools\compiler\ti-cgt-msp430_20.2.5.LTS\lib\</path>
         <kind>archive</kind>
         <file>rts430x_lc_rd_eabi.lib</file>
         <name>subd.c.obj</name>
      </input_file>
      <input_file id="fl-82">
         <path>C:\ti\ccs1040\ccs\tools\compiler\ti-cgt-msp430_20.2.5.LTS\lib\</path>
         <kind>archive</kind>
         <file>rts430x_lc_rd_eabi.lib</file>
         <name>boot.c.obj</name>
      </input_file>
      <input_file id="fl-83">
         <path>C:\ti\ccs1040\ccs\ccs_base\msp430\lib\FR2xx\</path>
         <kind>archive</kind>
         <file>FRWP_INIT_LIB_CCS_msp430_large_code_restricted_data.lib</file>
         <name>frwp_init.obj</name>
      </input_file>
      <input_file id="fl-84">
         <path>C:\ti\ccs1040\ccs\tools\compiler\ti-cgt-msp430_20.2.5.LTS\lib\</path>
         <kind>archive</kind>
         <file>rts430x_lc_rd_eabi.lib</file>
         <name>args_main.c.obj</name>
      </input_file>
      <input_file id="fl-85">
         <path>C:\ti\ccs1040\ccs\tools\compiler\ti-cgt-msp430_20.2.5.LTS\lib\</path>
         <kind>archive</kind>
         <file>rts430x_lc_rd_eabi.lib</file>
         <name>autoinit.c.obj</name>
      </input_file>
      <input_file id="fl-86">
         <path>C:\ti\ccs1040\ccs\tools\compiler\ti-cgt-msp430_20.2.5.LTS\lib\</path>
         <kind>archive</kind>
         <file>rts430x_lc_rd_eabi.lib</file>
         <name>startup.c.obj</name>
      </input_file>
      <input_file id="fl-87">
         <path>C:\ti\ccs1040\ccs\tools\compiler\ti-cgt-msp430_20.2.5.LTS\lib\</path>
         <kind>archive</kind>
         <file>rts430x_lc_rd_eabi.lib</file>
         <name>pre_init.c.obj</name>
      </input_file>
      <input_file id="fl-88">
         <path>C:\ti\ccs1040\ccs\tools\compiler\ti-cgt-msp430_20.2.5.LTS\lib\</path>
         <kind>archive</kind>
         <file>rts430x_lc_rd_eabi.lib</file>
         <name>cpy_tbl.c.obj</name>
      </input_file>
      <input_file id="fl-89">
         <path>C:\ti\ccs1040\ccs\tools\compiler\ti-cgt-msp430_20.2.5.LTS\lib\</path>
         <kind>archive</kind>
         <file>rts430x_lc_rd_eabi.lib</file>
         <name>exit.c.obj</name>
      </input_file>
      <input_file id="fl-8a">
         <path>C:\ti\ccs1040\ccs\tools\compiler\ti-cgt-msp430_20.2.5.LTS\lib\</path>
         <kind>archive</kind>
         <file>rts430x_lc_rd_eabi.lib</file>
         <name>exit_gvars.c.obj</name>
      </input_file>
      <input_file id="fl-8b">
         <path>C:\ti\ccs1040\ccs\tools\compiler\ti-cgt-msp430_20.2.5.LTS\lib\</path>
         <kind>archive</kind>
         <file>rts430x_lc_rd_eabi.lib</file>
         <name>_lock.c.obj</name>
      </input_file>
      <input_file id="fl-8c">
         <path>C:\ti\ccs1040\ccs\tools\compiler\ti-cgt-msp430_20.2.5.LTS\lib\</path>
         <kind>archive</kind>
         <file>rts430x_lc_rd_eabi.lib</file>
         <name>e_log.c.obj</name>
      </input_file>
      <input_file id="fl-8d">
         <path>C:\ti\ccs1040\ccs\tools\compiler\ti-cgt-msp430_20.2.5.LTS\lib\</path>
         <kind>archive</kind>
         <file>rts430x_lc_rd_eabi.lib</file>
         <name>cmpd.c.obj</name>
      </input_file>
      <input_file id="fl-8e">
         <path>C:\ti\ccs1040\ccs\tools\compiler\ti-cgt-msp430_20.2.5.LTS\lib\</path>
         <kind>archive</kind>
         <file>rts430x_lc_rd_eabi.lib</file>
         <name>fltlid.c.obj</name>
      </input_file>
      <input_file id="fl-8f">
         <path>C:\ti\ccs1040\ccs\tools\compiler\ti-cgt-msp430_20.2.5.LTS\lib\</path>
         <kind>archive</kind>
         <file>rts430x_lc_rd_eabi.lib</file>
         <name>errno.c.obj</name>
      </input_file>
      <input_file id="fl-90">
         <path>C:\ti\ccs1040\ccs\tools\compiler\ti-cgt-msp430_20.2.5.LTS\lib\</path>
         <kind>archive</kind>
         <file>rts430x_lc_rd_eabi.lib</file>
         <name>memcpy.c.obj</name>
      </input_file>
      <input_file id="fl-91">
         <path>C:\ti\ccs1040\ccs\tools\compiler\ti-cgt-msp430_20.2.5.LTS\lib\</path>
         <kind>archive</kind>
         <file>rts430x_lc_rd_eabi.lib</file>
         <name>memset.c.obj</name>
      </input_file>
   </input_file_list>
   <object_component_list>
      <object_component id="oc-96a">
         <name>__TI_handler_table</name>
         <load_address>0x8000</load_address>
         <run_address>0x8000</run_address>
         <size>0xc</size>
      </object_component>
      <object_component id="oc-96d">
         <name>.cinit..data.load</name>
         <load_address>0x800c</load_address>
         <run_address>0x800c</run_address>
         <size>0x8</size>
      </object_component>
      <object_component id="oc-96c">
         <name>.cinit..bss.load</name>
         <load_address>0x8014</load_address>
         <run_address>0x8014</run_address>
         <size>0x6</size>
      </object_component>
      <object_component id="oc-96b">
         <name>__TI_cinit_table</name>
         <load_address>0x801a</load_address>
         <run_address>0x801a</run_address>
         <size>0x10</size>
      </object_component>
      <object_component id="oc-909">
         <name>.binit</name>
         <load_address>0x802a</load_address>
         <run_address>0x802a</run_address>
         <size>0x0</size>
      </object_component>
      <object_component id="oc-83a">
         <name>.const:$P$T0$1</name>
         <load_address>0x802a</load_address>
         <run_address>0x802a</run_address>
         <size>0x1c</size>
         <input_file_ref idref="fl-1a"/>
      </object_component>
      <object_component id="oc-83d">
         <name>.const:$P$T1$2</name>
         <load_address>0x8046</load_address>
         <run_address>0x8046</run_address>
         <size>0x1c</size>
         <input_file_ref idref="fl-1a"/>
      </object_component>
      <object_component id="oc-840">
         <name>.const:$P$T2$3</name>
         <load_address>0x8062</load_address>
         <run_address>0x8062</run_address>
         <size>0x1c</size>
         <input_file_ref idref="fl-1a"/>
      </object_component>
      <object_component id="oc-81f">
         <name>.const:$P$T3$4</name>
         <load_address>0x807e</load_address>
         <run_address>0x807e</run_address>
         <size>0x1c</size>
         <input_file_ref idref="fl-1a"/>
      </object_component>
      <object_component id="oc-822">
         <name>.const:$P$T4$5</name>
         <load_address>0x809a</load_address>
         <run_address>0x809a</run_address>
         <size>0x1c</size>
         <input_file_ref idref="fl-1a"/>
      </object_component>
      <object_component id="oc-825">
         <name>.const:$P$T5$6</name>
         <load_address>0x80b6</load_address>
         <run_address>0x80b6</run_address>
         <size>0x1c</size>
         <input_file_ref idref="fl-1a"/>
      </object_component>
      <object_component id="oc-6de">
         <name>.const:GPIO_PORT_TO_BASE</name>
         <load_address>0x80d2</load_address>
         <run_address>0x80d2</run_address>
         <size>0x1c</size>
         <input_file_ref idref="fl-b"/>
      </object_component>
      <object_component id="oc-673">
         <name>.const:$P$T22$7</name>
         <load_address>0x80ee</load_address>
         <run_address>0x80ee</run_address>
         <size>0xa</size>
         <input_file_ref idref="fl-21"/>
      </object_component>
      <object_component id="oc-73e">
         <name>.const:$P$T10$7</name>
         <load_address>0x80f8</load_address>
         <run_address>0x80f8</run_address>
         <size>0x8</size>
         <input_file_ref idref="fl-19"/>
      </object_component>
      <object_component id="oc-72f">
         <name>.const:$P$T11$8</name>
         <load_address>0x8100</load_address>
         <run_address>0x8100</run_address>
         <size>0x8</size>
         <input_file_ref idref="fl-19"/>
      </object_component>
      <object_component id="oc-5af">
         <name>.const:$P$T14$11</name>
         <load_address>0x8108</load_address>
         <run_address>0x8108</run_address>
         <size>0x8</size>
         <input_file_ref idref="fl-19"/>
      </object_component>
      <object_component id="oc-6b8">
         <name>.const:$P$T25$10</name>
         <load_address>0x8110</load_address>
         <run_address>0x8110</run_address>
         <size>0x8</size>
         <input_file_ref idref="fl-21"/>
      </object_component>
      <object_component id="oc-747">
         <name>.const:$P$T9$6</name>
         <load_address>0x8118</load_address>
         <run_address>0x8118</run_address>
         <size>0x8</size>
         <input_file_ref idref="fl-19"/>
      </object_component>
      <object_component id="oc-756">
         <name>.const:.string:$P$T8$5</name>
         <load_address>0x8120</load_address>
         <run_address>0x8120</run_address>
         <size>0x8</size>
         <input_file_ref idref="fl-19"/>
      </object_component>
      <object_component id="oc-7e8">
         <name>.const:.string:lookup$2</name>
         <load_address>0x8128</load_address>
         <run_address>0x8128</run_address>
         <size>0x8</size>
         <input_file_ref idref="fl-1f"/>
      </object_component>
      <object_component id="oc-7f3">
         <name>.const:.string:lookup$1</name>
         <load_address>0x8130</load_address>
         <run_address>0x8130</run_address>
         <size>0x7</size>
         <input_file_ref idref="fl-1f"/>
      </object_component>
      <object_component id="oc-667">
         <name>.const:$P$T18$3</name>
         <load_address>0x8138</load_address>
         <run_address>0x8138</run_address>
         <size>0x6</size>
         <input_file_ref idref="fl-21"/>
      </object_component>
      <object_component id="oc-5a9">
         <name>.const:$P$T12$9</name>
         <load_address>0x813e</load_address>
         <run_address>0x813e</run_address>
         <size>0x4</size>
         <input_file_ref idref="fl-19"/>
      </object_component>
      <object_component id="oc-5ac">
         <name>.const:$P$T13$10</name>
         <load_address>0x8142</load_address>
         <run_address>0x8142</run_address>
         <size>0x4</size>
         <input_file_ref idref="fl-19"/>
      </object_component>
      <object_component id="oc-655">
         <name>.const:$P$T16$1</name>
         <load_address>0x8146</load_address>
         <run_address>0x8146</run_address>
         <size>0x4</size>
         <input_file_ref idref="fl-21"/>
      </object_component>
      <object_component id="oc-65e">
         <name>.const:$P$T17$2</name>
         <load_address>0x814a</load_address>
         <run_address>0x814a</run_address>
         <size>0x4</size>
         <input_file_ref idref="fl-21"/>
      </object_component>
      <object_component id="oc-66d">
         <name>.const:$P$T20$5</name>
         <load_address>0x814e</load_address>
         <run_address>0x814e</run_address>
         <size>0x4</size>
         <input_file_ref idref="fl-21"/>
      </object_component>
      <object_component id="oc-670">
         <name>.const:$P$T21$6</name>
         <load_address>0x8152</load_address>
         <run_address>0x8152</run_address>
         <size>0x4</size>
         <input_file_ref idref="fl-21"/>
      </object_component>
      <object_component id="oc-6a6">
         <name>.const:$P$T23$8</name>
         <load_address>0x8156</load_address>
         <run_address>0x8156</run_address>
         <size>0x4</size>
         <input_file_ref idref="fl-21"/>
      </object_component>
      <object_component id="oc-6af">
         <name>.const:$P$T24$9</name>
         <load_address>0x815a</load_address>
         <run_address>0x815a</run_address>
         <size>0x4</size>
         <input_file_ref idref="fl-21"/>
      </object_component>
      <object_component id="oc-6c1">
         <name>.const:$P$T26$11</name>
         <load_address>0x815e</load_address>
         <run_address>0x815e</run_address>
         <size>0x4</size>
         <input_file_ref idref="fl-21"/>
      </object_component>
      <object_component id="oc-66a">
         <name>.const:$P$T19$4</name>
         <load_address>0x8162</load_address>
         <run_address>0x8162</run_address>
         <size>0x3</size>
         <input_file_ref idref="fl-21"/>
      </object_component>
      <object_component id="oc-3fd">
         <name>.text:_isr:ISR_Port4_S5</name>
         <load_address>0x8166</load_address>
         <run_address>0x8166</run_address>
         <size>0xa6</size>
         <input_file_ref idref="fl-1a"/>
      </object_component>
      <object_component id="oc-403">
         <name>.text:_isr:ISR_TB0_Overflow</name>
         <load_address>0x820c</load_address>
         <run_address>0x820c</run_address>
         <size>0x22</size>
         <input_file_ref idref="fl-1a"/>
      </object_component>
      <object_component id="oc-433">
         <name>.text:_isr:_c_int00_noargs_mpu</name>
         <load_address>0x822e</load_address>
         <run_address>0x822e</run_address>
         <size>0x20</size>
         <input_file_ref idref="fl-82"/>
      </object_component>
      <object_component id="oc-3f7">
         <name>.text:_isr:PORT6_ISR</name>
         <load_address>0x824e</load_address>
         <run_address>0x824e</run_address>
         <size>0x10</size>
         <input_file_ref idref="fl-1a"/>
      </object_component>
      <object_component id="oc-3f2">
         <name>.text:_isr:__TI_ISR_TRAP</name>
         <load_address>0x825e</load_address>
         <run_address>0x825e</run_address>
         <size>0x8</size>
         <input_file_ref idref="fl-46"/>
      </object_component>
      <object_component id="oc-809">
         <name>.text:__mspabi_addd</name>
         <load_address>0x10000</load_address>
         <run_address>0x10000</run_address>
         <size>0x72a</size>
         <input_file_ref idref="fl-5e"/>
      </object_component>
      <object_component id="oc-851">
         <name>.text:log</name>
         <load_address>0x1072a</load_address>
         <run_address>0x1072a</run_address>
         <size>0x628</size>
         <input_file_ref idref="fl-8c"/>
      </object_component>
      <object_component id="oc-4b0">
         <name>.text:__TI_frcdivd</name>
         <load_address>0x10d52</load_address>
         <run_address>0x10d52</run_address>
         <size>0x466</size>
         <input_file_ref idref="fl-64"/>
      </object_component>
      <object_component id="oc-57c">
         <name>.text:Init_CAN</name>
         <load_address>0x111b8</load_address>
         <run_address>0x111b8</run_address>
         <size>0x3a4</size>
         <input_file_ref idref="fl-21"/>
      </object_component>
      <object_component id="oc-69a">
         <name>.text:TCAN4x5x_MRAM_Configure</name>
         <load_address>0x1155c</load_address>
         <run_address>0x1155c</run_address>
         <size>0x352</size>
         <input_file_ref idref="fl-1f"/>
      </object_component>
      <object_component id="oc-803">
         <name>.text:__mspabi_mpyd</name>
         <load_address>0x118ae</load_address>
         <run_address>0x118ae</run_address>
         <size>0x298</size>
         <input_file_ref idref="fl-6d"/>
      </object_component>
      <object_component id="oc-5b8">
         <name>.text:TCAN4x5x_MCAN_ReadNextFIFO</name>
         <load_address>0x11b46</load_address>
         <run_address>0x11b46</run_address>
         <size>0x270</size>
         <input_file_ref idref="fl-1f"/>
      </object_component>
      <object_component id="oc-464">
         <name>.text:__mspabi_divd</name>
         <load_address>0x11db6</load_address>
         <run_address>0x11db6</run_address>
         <size>0x222</size>
         <input_file_ref idref="fl-63"/>
      </object_component>
      <object_component id="oc-85e">
         <name>.text:TCAN4x5x_MCAN_WriteTXBuffer</name>
         <load_address>0x11fd8</load_address>
         <run_address>0x11fd8</run_address>
         <size>0x20c</size>
         <input_file_ref idref="fl-1f"/>
      </object_component>
      <object_component id="oc-5be">
         <name>.text:handleCommand</name>
         <load_address>0x121e4</load_address>
         <run_address>0x121e4</run_address>
         <size>0x18e</size>
         <input_file_ref idref="fl-19"/>
      </object_component>
      <object_component id="oc-88e">
         <name>.text:__TI_frcmpyd</name>
         <load_address>0x12372</load_address>
         <run_address>0x12372</run_address>
         <size>0x164</size>
         <input_file_ref idref="fl-6e"/>
      </object_component>
      <object_component id="oc-56a">
         <name>.text:Init_Ports</name>
         <load_address>0x124d6</load_address>
         <run_address>0x124d6</run_address>
         <size>0x14e</size>
         <input_file_ref idref="fl-1e"/>
      </object_component>
      <object_component id="oc-738">
         <name>.text:read_load_current</name>
         <load_address>0x12624</load_address>
         <run_address>0x12624</run_address>
         <size>0x138</size>
         <input_file_ref idref="fl-1a"/>
      </object_component>
      <object_component id="oc-82d">
         <name>.text</name>
         <load_address>0x1275c</load_address>
         <run_address>0x1275c</run_address>
         <size>0x132</size>
         <input_file_ref idref="fl-5f"/>
      </object_component>
      <object_component id="oc-741">
         <name>.text:read_solar_current</name>
         <load_address>0x1288e</load_address>
         <run_address>0x1288e</run_address>
         <size>0x11c</size>
         <input_file_ref idref="fl-1a"/>
      </object_component>
      <object_component id="oc-68e">
         <name>.text:TCAN4x5x_MCAN_ConfigureDataTiming_Simple</name>
         <load_address>0x129aa</load_address>
         <run_address>0x129aa</run_address>
         <size>0x112</size>
         <input_file_ref idref="fl-1f"/>
      </object_component>
      <object_component id="oc-8c3">
         <name>.text:__mspabi_cmpd</name>
         <load_address>0x12abc</load_address>
         <run_address>0x12abc</run_address>
         <size>0xd8</size>
         <input_file_ref idref="fl-8d"/>
      </object_component>
      <object_component id="oc-7fd">
         <name>.text:read_ADC_B</name>
         <load_address>0x12b94</load_address>
         <run_address>0x12b94</run_address>
         <size>0xce</size>
         <input_file_ref idref="fl-1c"/>
      </object_component>
      <object_component id="oc-4e4">
         <name>.text:commandHandler_noInterrupt</name>
         <load_address>0x12c62</load_address>
         <run_address>0x12c62</run_address>
         <size>0xcc</size>
         <input_file_ref idref="fl-19"/>
      </object_component>
      <object_component id="oc-688">
         <name>.text:TCAN4x5x_MCAN_ConfigureNominalTiming_Simple</name>
         <load_address>0x12d2e</load_address>
         <run_address>0x12d2e</run_address>
         <size>0xc4</size>
         <input_file_ref idref="fl-1f"/>
      </object_component>
      <object_component id="oc-846">
         <name>.text:read_ADC_A</name>
         <load_address>0x12df2</load_address>
         <run_address>0x12df2</run_address>
         <size>0xbe</size>
         <input_file_ref idref="fl-1c"/>
      </object_component>
      <object_component id="oc-815">
         <name>.text</name>
         <load_address>0x12eb0</load_address>
         <run_address>0x12eb0</run_address>
         <size>0xb8</size>
         <input_file_ref idref="fl-6f"/>
      </object_component>
      <object_component id="oc-4de">
         <name>.text:Init_ADC_B</name>
         <load_address>0x12f68</load_address>
         <run_address>0x12f68</run_address>
         <size>0xb4</size>
         <input_file_ref idref="fl-1c"/>
      </object_component>
      <object_component id="oc-80f">
         <name>.text:__mspabi_cvtdf</name>
         <load_address>0x1301c</load_address>
         <run_address>0x1301c</run_address>
         <size>0xb2</size>
         <input_file_ref idref="fl-61"/>
      </object_component>
      <object_component id="oc-74a">
         <name>.text:read_temperature</name>
         <load_address>0x130ce</load_address>
         <run_address>0x130ce</run_address>
         <size>0xb2</size>
         <input_file_ref idref="fl-1a"/>
      </object_component>
      <object_component id="oc-6bb">
         <name>.text:TCAN4x5x_MCAN_WriteXIDFilter</name>
         <load_address>0x13180</load_address>
         <run_address>0x13180</run_address>
         <size>0xb0</size>
         <input_file_ref idref="fl-1f"/>
      </object_component>
      <object_component id="oc-4d8">
         <name>.text:Init_ADC_A</name>
         <load_address>0x13230</load_address>
         <run_address>0x13230</run_address>
         <size>0xa0</size>
         <input_file_ref idref="fl-1c"/>
      </object_component>
      <object_component id="oc-8bd">
         <name>.text:__mspabi_fltlid</name>
         <load_address>0x132d0</load_address>
         <run_address>0x132d0</run_address>
         <size>0x9e</size>
         <input_file_ref idref="fl-8e"/>
      </object_component>
      <object_component id="oc-729">
         <name>.text:read_MSB_voltage</name>
         <load_address>0x1336e</load_address>
         <run_address>0x1336e</run_address>
         <size>0x92</size>
         <input_file_ref idref="fl-1a"/>
      </object_component>
      <object_component id="oc-832">
         <name>.text</name>
         <load_address>0x13400</load_address>
         <run_address>0x13400</run_address>
         <size>0x90</size>
         <input_file_ref idref="fl-65"/>
      </object_component>
      <object_component id="oc-676">
         <name>.text:TCAN4x5x_MCAN_EnableProtectedRegisters</name>
         <load_address>0x13490</load_address>
         <run_address>0x13490</run_address>
         <size>0x80</size>
         <input_file_ref idref="fl-1f"/>
      </object_component>
      <object_component id="oc-4a9">
         <name>.text:__mspabi_fltuld</name>
         <load_address>0x13510</load_address>
         <run_address>0x13510</run_address>
         <size>0x80</size>
         <input_file_ref idref="fl-6c"/>
      </object_component>
      <object_component id="oc-750">
         <name>.text:sendTelemetryRaw</name>
         <load_address>0x13590</load_address>
         <run_address>0x13590</run_address>
         <size>0x7e</size>
         <input_file_ref idref="fl-1b"/>
      </object_component>
      <object_component id="oc-70b">
         <name>.text:AHB_READ_BURST_READ</name>
         <load_address>0x1360e</load_address>
         <run_address>0x1360e</run_address>
         <size>0x78</size>
         <input_file_ref idref="fl-20"/>
      </object_component>
      <object_component id="oc-69">
         <name>.text:decompress:lzss:__TI_decompress_lzss</name>
         <load_address>0x13686</load_address>
         <run_address>0x13686</run_address>
         <size>0x76</size>
         <input_file_ref idref="fl-43"/>
      </object_component>
      <object_component id="oc-62e">
         <name>.text:GPIO_setAsPeripheralModuleFunctionInputPin</name>
         <load_address>0x136fc</load_address>
         <run_address>0x136fc</run_address>
         <size>0x72</size>
         <input_file_ref idref="fl-b"/>
      </object_component>
      <object_component id="oc-628">
         <name>.text:GPIO_setAsPeripheralModuleFunctionOutputPin</name>
         <load_address>0x1376e</load_address>
         <run_address>0x1376e</run_address>
         <size>0x72</size>
         <input_file_ref idref="fl-b"/>
      </object_component>
      <object_component id="oc-67c">
         <name>.text:TCAN4x5x_MCAN_ConfigureCCCRRegister</name>
         <load_address>0x137e0</load_address>
         <run_address>0x137e0</run_address>
         <size>0x6e</size>
         <input_file_ref idref="fl-1f"/>
      </object_component>
      <object_component id="oc-7f7">
         <name>.text:__mspabi_cvtfd</name>
         <load_address>0x1384e</load_address>
         <run_address>0x1384e</run_address>
         <size>0x64</size>
         <input_file_ref idref="fl-62"/>
      </object_component>
      <object_component id="oc-6c4">
         <name>.text:TCAN4x5x_Device_Configure</name>
         <load_address>0x138b2</load_address>
         <run_address>0x138b2</run_address>
         <size>0x62</size>
         <input_file_ref idref="fl-1f"/>
      </object_component>
      <object_component id="oc-6ca">
         <name>.text:TCAN4x5x_Device_SetMode</name>
         <load_address>0x13914</load_address>
         <run_address>0x13914</run_address>
         <size>0x62</size>
         <input_file_ref idref="fl-1f"/>
      </object_component>
      <object_component id="oc-7d8">
         <name>.text:AHB_WRITE_BURST_WRITE</name>
         <load_address>0x13976</load_address>
         <run_address>0x13976</run_address>
         <size>0x60</size>
         <input_file_ref idref="fl-20"/>
      </object_component>
      <object_component id="oc-8df">
         <name>.text:__mpyll</name>
         <load_address>0x139d6</load_address>
         <run_address>0x139d6</run_address>
         <size>0x5c</size>
         <input_file_ref idref="fl-75"/>
      </object_component>
      <object_component id="oc-5a3">
         <name>.text:initTelemetry</name>
         <load_address>0x13a32</load_address>
         <run_address>0x13a32</run_address>
         <size>0x5c</size>
         <input_file_ref idref="fl-1b"/>
      </object_component>
      <object_component id="oc-705">
         <name>.text:AHB_READ_BURST_START</name>
         <load_address>0x13a8e</load_address>
         <run_address>0x13a8e</run_address>
         <size>0x5a</size>
         <input_file_ref idref="fl-20"/>
      </object_component>
      <object_component id="oc-7d2">
         <name>.text:AHB_WRITE_BURST_START</name>
         <load_address>0x13ae8</load_address>
         <run_address>0x13ae8</run_address>
         <size>0x5a</size>
         <input_file_ref idref="fl-20"/>
      </object_component>
      <object_component id="oc-511">
         <name>.text:__TI_auto_init_nobinit_nopinit_hold_wdt:__TI_auto_init_nobinit_nopinit_hold_wdt</name>
         <load_address>0x13b42</load_address>
         <run_address>0x13b42</run_address>
         <size>0x54</size>
         <input_file_ref idref="fl-85"/>
      </object_component>
      <object_component id="oc-4cc">
         <name>.text:Init_interrupts</name>
         <load_address>0x13b96</load_address>
         <run_address>0x13b96</run_address>
         <size>0x52</size>
         <input_file_ref idref="fl-1a"/>
      </object_component>
      <object_component id="oc-6a0">
         <name>.text:TCAN4x5x_MCAN_DisableProtectedRegisters</name>
         <load_address>0x13be8</load_address>
         <run_address>0x13be8</run_address>
         <size>0x50</size>
         <input_file_ref idref="fl-1f"/>
      </object_component>
      <object_component id="oc-63b">
         <name>.text:Init_SPIA0</name>
         <load_address>0x13c38</load_address>
         <run_address>0x13c38</run_address>
         <size>0x4e</size>
         <input_file_ref idref="fl-22"/>
      </object_component>
      <object_component id="oc-6b2">
         <name>.text:TCAN4x5x_MCAN_WriteSIDFilter</name>
         <load_address>0x13c86</load_address>
         <run_address>0x13c86</run_address>
         <size>0x4c</size>
         <input_file_ref idref="fl-1f"/>
      </object_component>
      <object_component id="oc-576">
         <name>.text:CAN_Wake</name>
         <load_address>0x13cd2</load_address>
         <run_address>0x13cd2</run_address>
         <size>0x4a</size>
         <input_file_ref idref="fl-21"/>
      </object_component>
      <object_component id="oc-634">
         <name>.text:GPIO_setAsInputPinWithPullUpResistor</name>
         <load_address>0x13d1c</load_address>
         <run_address>0x13d1c</run_address>
         <size>0x4a</size>
         <input_file_ref idref="fl-b"/>
      </object_component>
      <object_component id="oc-828">
         <name>.text</name>
         <load_address>0x13d66</load_address>
         <run_address>0x13d66</run_address>
         <size>0x4a</size>
         <input_file_ref idref="fl-60"/>
      </object_component>
      <object_component id="oc-658">
         <name>.text:TCAN4x5x_Device_ConfigureInterruptEnable</name>
         <load_address>0x13db0</load_address>
         <run_address>0x13db0</run_address>
         <size>0x42</size>
         <input_file_ref idref="fl-1f"/>
      </object_component>
      <object_component id="oc-64d">
         <name>.text:Init_SPIB1</name>
         <load_address>0x13df2</load_address>
         <run_address>0x13df2</run_address>
         <size>0x40</size>
         <input_file_ref idref="fl-22"/>
      </object_component>
      <object_component id="oc-7a7">
         <name>.text:TCAN4x5x_Device_ReadMode</name>
         <load_address>0x13e32</load_address>
         <run_address>0x13e32</run_address>
         <size>0x40</size>
         <input_file_ref idref="fl-1f"/>
      </object_component>
      <object_component id="oc-896">
         <name>.text:__mspabi_srall</name>
         <load_address>0x13e72</load_address>
         <run_address>0x13e72</run_address>
         <size>0x40</size>
         <input_file_ref idref="fl-7e"/>
      </object_component>
      <object_component id="oc-641">
         <name>.text:Init_SPIA1</name>
         <load_address>0x13eb2</load_address>
         <run_address>0x13eb2</run_address>
         <size>0x3e</size>
         <input_file_ref idref="fl-22"/>
      </object_component>
      <object_component id="oc-558">
         <name>.text:l_asr_const</name>
         <load_address>0x13ef0</load_address>
         <run_address>0x13ef0</run_address>
         <size>0x3e</size>
         <input_file_ref idref="fl-7d"/>
      </object_component>
      <object_component id="oc-547">
         <name>.text:l_lsl_const</name>
         <load_address>0x13f2e</load_address>
         <run_address>0x13f2e</run_address>
         <size>0x3e</size>
         <input_file_ref idref="fl-7b"/>
      </object_component>
      <object_component id="oc-54c">
         <name>.text:l_lsr_const</name>
         <load_address>0x13f6c</load_address>
         <run_address>0x13f6c</run_address>
         <size>0x3e</size>
         <input_file_ref idref="fl-7f"/>
      </object_component>
      <object_component id="oc-48c">
         <name>.text:__mpu_init</name>
         <load_address>0x13faa</load_address>
         <run_address>0x13faa</run_address>
         <size>0x3c</size>
         <input_file_ref idref="fl-83"/>
      </object_component>
      <object_component id="oc-89c">
         <name>.text:__mspabi_sllll</name>
         <load_address>0x13fe6</load_address>
         <run_address>0x13fe6</run_address>
         <size>0x3a</size>
         <input_file_ref idref="fl-7c"/>
      </object_component>
      <object_component id="oc-8e9">
         <name>.text:__mspabi_srlll</name>
         <load_address>0x14020</load_address>
         <run_address>0x14020</run_address>
         <size>0x3a</size>
         <input_file_ref idref="fl-80"/>
      </object_component>
      <object_component id="oc-589">
         <name>.text:GPIO_setAsOutputPin</name>
         <load_address>0x1405a</load_address>
         <run_address>0x1405a</run_address>
         <size>0x34</size>
         <input_file_ref idref="fl-b"/>
      </object_component>
      <object_component id="oc-682">
         <name>.text:TCAN4x5x_MCAN_ConfigureGlobalFilter</name>
         <load_address>0x1408e</load_address>
         <run_address>0x1408e</run_address>
         <size>0x34</size>
         <input_file_ref idref="fl-1f"/>
      </object_component>
      <object_component id="oc-47a">
         <name>.text:main</name>
         <load_address>0x140c2</load_address>
         <run_address>0x140c2</run_address>
         <size>0x34</size>
         <input_file_ref idref="fl-1a"/>
      </object_component>
      <object_component id="oc-647">
         <name>.text:Init_SPIB0</name>
         <load_address>0x140f6</load_address>
         <run_address>0x140f6</run_address>
         <size>0x32</size>
         <input_file_ref idref="fl-22"/>
      </object_component>
      <object_component id="oc-857">
         <name>.text:__mspabi_subd</name>
         <load_address>0x14128</load_address>
         <run_address>0x14128</run_address>
         <size>0x32</size>
         <input_file_ref idref="fl-81"/>
      </object_component>
      <object_component id="oc-8e4">
         <name>.text:__mpyull</name>
         <load_address>0x1415a</load_address>
         <run_address>0x1415a</run_address>
         <size>0x2c</size>
         <input_file_ref idref="fl-77"/>
      </object_component>
      <object_component id="oc-864">
         <name>.text:TCAN4x5x_MCAN_TransmitBufferContents</name>
         <load_address>0x14186</load_address>
         <run_address>0x14186</run_address>
         <size>0x28</size>
         <input_file_ref idref="fl-1f"/>
      </object_component>
      <object_component id="oc-409">
         <name>.text:decompress:ZI:__TI_zero_init_nomemset:__TI_zero_init_nomemset</name>
         <load_address>0x141ae</load_address>
         <run_address>0x141ae</run_address>
         <size>0x24</size>
         <input_file_ref idref="fl-5d"/>
      </object_component>
      <object_component id="oc-84c">
         <name>.text</name>
         <load_address>0x141d2</load_address>
         <run_address>0x141d2</run_address>
         <size>0x24</size>
         <input_file_ref idref="fl-6b"/>
      </object_component>
      <object_component id="oc-553">
         <name>.text</name>
         <load_address>0x141f6</load_address>
         <run_address>0x141f6</run_address>
         <size>0x24</size>
         <input_file_ref idref="fl-73"/>
      </object_component>
      <object_component id="oc-694">
         <name>.text:TCAN4x5x_MRAM_Clear</name>
         <load_address>0x1421a</load_address>
         <run_address>0x1421a</run_address>
         <size>0x22</size>
         <input_file_ref idref="fl-1f"/>
      </object_component>
      <object_component id="oc-717">
         <name>.text:TCAN4x5x_MCAN_DLCtoBytes</name>
         <load_address>0x1423c</load_address>
         <run_address>0x1423c</run_address>
         <size>0x1e</size>
         <input_file_ref idref="fl-1f"/>
      </object_component>
      <object_component id="oc-6f8">
         <name>.text:AHB_READ_32</name>
         <load_address>0x1425a</load_address>
         <run_address>0x1425a</run_address>
         <size>0x1c</size>
         <input_file_ref idref="fl-20"/>
      </object_component>
      <object_component id="oc-6ef">
         <name>.text:AHB_WRITE_32</name>
         <load_address>0x14276</load_address>
         <run_address>0x14276</run_address>
         <size>0x1c</size>
         <input_file_ref idref="fl-20"/>
      </object_component>
      <object_component id="oc-59b">
         <name>.text:GPIO_setOutputHighOnPin</name>
         <load_address>0x14292</load_address>
         <run_address>0x14292</run_address>
         <size>0x1c</size>
         <input_file_ref idref="fl-b"/>
      </object_component>
      <object_component id="oc-58f">
         <name>.text:GPIO_setOutputLowOnPin</name>
         <load_address>0x142ae</load_address>
         <run_address>0x142ae</run_address>
         <size>0x1c</size>
         <input_file_ref idref="fl-b"/>
      </object_component>
      <object_component id="oc-6a9">
         <name>.text:TCAN4x5x_MCAN_ConfigureInterruptEnable</name>
         <load_address>0x142ca</load_address>
         <run_address>0x142ca</run_address>
         <size>0x1c</size>
         <input_file_ref idref="fl-1f"/>
      </object_component>
      <object_component id="oc-5c4">
         <name>.text:TCAN4x5x_Device_ReadInterrupts</name>
         <load_address>0x142e6</load_address>
         <run_address>0x142e6</run_address>
         <size>0x18</size>
         <input_file_ref idref="fl-1f"/>
      </object_component>
      <object_component id="oc-5ca">
         <name>.text:TCAN4x5x_MCAN_ReadInterrupts</name>
         <load_address>0x142fe</load_address>
         <run_address>0x142fe</run_address>
         <size>0x18</size>
         <input_file_ref idref="fl-1f"/>
      </object_component>
      <object_component id="oc-55d">
         <name>.text</name>
         <load_address>0x14316</load_address>
         <run_address>0x14316</run_address>
         <size>0x18</size>
         <input_file_ref idref="fl-71"/>
      </object_component>
      <object_component id="oc-4d2">
         <name>.text:Init_GPIO</name>
         <load_address>0x1432e</load_address>
         <run_address>0x1432e</run_address>
         <size>0x16</size>
         <input_file_ref idref="fl-1a"/>
      </object_component>
      <object_component id="oc-570">
         <name>.text:Init_SPI</name>
         <load_address>0x14344</load_address>
         <run_address>0x14344</run_address>
         <size>0x16</size>
         <input_file_ref idref="fl-22"/>
      </object_component>
      <object_component id="oc-4c6">
         <name>.text:WDT_A_hold</name>
         <load_address>0x1435a</load_address>
         <run_address>0x1435a</run_address>
         <size>0x16</size>
         <input_file_ref idref="fl-18"/>
      </object_component>
      <object_component id="oc-4c0">
         <name>.text:memset</name>
         <load_address>0x14370</load_address>
         <run_address>0x14370</run_address>
         <size>0x16</size>
         <input_file_ref idref="fl-91"/>
      </object_component>
      <object_component id="oc-3e5">
         <name>.text:memcpy</name>
         <load_address>0x14386</load_address>
         <run_address>0x14386</run_address>
         <size>0x14</size>
         <input_file_ref idref="fl-90"/>
      </object_component>
      <object_component id="oc-711">
         <name>.text:AHB_READ_BURST_END</name>
         <load_address>0x1439a</load_address>
         <run_address>0x1439a</run_address>
         <size>0x12</size>
         <input_file_ref idref="fl-20"/>
      </object_component>
      <object_component id="oc-7de">
         <name>.text:AHB_WRITE_BURST_END</name>
         <load_address>0x143ac</load_address>
         <run_address>0x143ac</run_address>
         <size>0x12</size>
         <input_file_ref idref="fl-20"/>
      </object_component>
      <object_component id="oc-6f">
         <name>.text:decompress:none:__TI_decompress_none</name>
         <load_address>0x143be</load_address>
         <run_address>0x143be</run_address>
         <size>0x12</size>
         <input_file_ref idref="fl-44"/>
      </object_component>
      <object_component id="oc-6d6">
         <name>.text:CAN_Error</name>
         <load_address>0x143d0</load_address>
         <run_address>0x143d0</run_address>
         <size>0x10</size>
         <input_file_ref idref="fl-21"/>
      </object_component>
      <object_component id="oc-661">
         <name>.text:TCAN4x5x_Device_ClearInterrupts</name>
         <load_address>0x143e0</load_address>
         <run_address>0x143e0</run_address>
         <size>0x10</size>
         <input_file_ref idref="fl-1f"/>
      </object_component>
      <object_component id="oc-5b2">
         <name>.text:TCAN4x5x_MCAN_ClearInterrupts</name>
         <load_address>0x143f0</load_address>
         <run_address>0x143f0</run_address>
         <size>0x10</size>
         <input_file_ref idref="fl-1f"/>
      </object_component>
      <object_component id="oc-8d0">
         <name>.text:l_lsl</name>
         <load_address>0x14400</load_address>
         <run_address>0x14400</run_address>
         <size>0x10</size>
         <input_file_ref idref="fl-7b"/>
      </object_component>
      <object_component id="oc-71d">
         <name>.text:l_lsr</name>
         <load_address>0x14410</load_address>
         <run_address>0x14410</run_address>
         <size>0x10</size>
         <input_file_ref idref="fl-7f"/>
      </object_component>
      <object_component id="oc-5d0">
         <name>.text:TCAN4x5x_Device_ClearSPIERR</name>
         <load_address>0x14420</load_address>
         <run_address>0x14420</run_address>
         <size>0xe</size>
         <input_file_ref idref="fl-1f"/>
      </object_component>
      <object_component id="oc-6d0">
         <name>.text:TCAN4x5x_MCAN_ClearInterruptsAll</name>
         <load_address>0x1442e</load_address>
         <run_address>0x1442e</run_address>
         <size>0xe</size>
         <input_file_ref idref="fl-1f"/>
      </object_component>
      <object_component id="oc-6ff">
         <name>.text:TCAN4x5x_MCAN_TXRXESC_DataByteValue</name>
         <load_address>0x1443c</load_address>
         <run_address>0x1443c</run_address>
         <size>0xe</size>
         <input_file_ref idref="fl-1f"/>
      </object_component>
      <object_component id="oc-7ea">
         <name>.text:EUSCI_A_SPI_transmitData</name>
         <load_address>0x1444a</load_address>
         <run_address>0x1444a</run_address>
         <size>0xc</size>
         <input_file_ref idref="fl-6"/>
      </object_component>
      <object_component id="oc-595">
         <name>.text:EUSCI_B_SPI_transmitData</name>
         <load_address>0x14456</load_address>
         <run_address>0x14456</run_address>
         <size>0xc</size>
         <input_file_ref idref="fl-9"/>
      </object_component>
      <object_component id="oc-886">
         <name>.text:EUSCI_B_SPI_receiveData</name>
         <load_address>0x14462</load_address>
         <run_address>0x14462</run_address>
         <size>0xa</size>
         <input_file_ref idref="fl-9"/>
      </object_component>
      <object_component id="oc-8d6">
         <name>.text</name>
         <load_address>0x1446c</load_address>
         <run_address>0x1446c</run_address>
         <size>0xa</size>
         <input_file_ref idref="fl-7a"/>
      </object_component>
      <object_component id="oc-582">
         <name>.text:PMM_unlockLPM5</name>
         <load_address>0x14476</load_address>
         <run_address>0x14476</run_address>
         <size>0x8</size>
         <input_file_ref idref="fl-f"/>
      </object_component>
      <object_component id="oc-45e">
         <name>.text:__mspabi_fltud</name>
         <load_address>0x1447e</load_address>
         <run_address>0x1447e</run_address>
         <size>0x6</size>
         <input_file_ref idref="fl-6a"/>
      </object_component>
      <object_component id="oc-4ed">
         <name>.text:abort</name>
         <load_address>0x14484</load_address>
         <run_address>0x14484</run_address>
         <size>0x6</size>
         <input_file_ref idref="fl-89"/>
      </object_component>
      <object_component id="oc-474">
         <name>.text:_system_pre_init</name>
         <load_address>0x1448a</load_address>
         <run_address>0x1448a</run_address>
         <size>0x4</size>
         <input_file_ref idref="fl-87"/>
      </object_component>
      <object_component id="oc-5f6">
         <name>.text:_system_post_cinit</name>
         <load_address>0x1448e</load_address>
         <run_address>0x1448e</run_address>
         <size>0x2</size>
         <input_file_ref idref="fl-86"/>
      </object_component>
      <object_component id="oc-732">
         <name>.text:sendTelemetry</name>
         <load_address>0x14490</load_address>
         <run_address>0x14490</run_address>
         <size>0x2</size>
         <input_file_ref idref="fl-1b"/>
      </object_component>
      <object_component id="oc-723">
         <name>.text:set_POW_mode</name>
         <load_address>0x14492</load_address>
         <run_address>0x14492</run_address>
         <size>0x2</size>
         <input_file_ref idref="fl-1a"/>
      </object_component>
      <object_component id="oc-7a5">
         <name>.common:help</name>
         <uninitialized>true</uninitialized>
         <run_address>0x2024</run_address>
         <size>0x4</size>
      </object_component>
      <object_component id="oc-6fe">
         <name>.common:TCAN4x5x_MCAN_CACHE</name>
         <uninitialized>true</uninitialized>
         <run_address>0x2000</run_address>
         <size>0x24</size>
      </object_component>
      <object_component id="oc-45b">
         <name>.data</name>
         <load_address>0x2028</load_address>
         <run_address>0x2028</run_address>
         <size>0xe</size>
         <input_file_ref idref="fl-1a"/>
      </object_component>
      <object_component id="oc-6e5">
         <name>.data:cdhTx_header</name>
         <load_address>0x2036</load_address>
         <run_address>0x2036</run_address>
         <size>0x6</size>
         <input_file_ref idref="fl-1b"/>
      </object_component>
      <object_component id="oc-457">
         <name>.data</name>
         <load_address>0x203e</load_address>
         <run_address>0x203e</run_address>
         <size>0x1</size>
         <input_file_ref idref="fl-21"/>
      </object_component>
      <object_component id="oc-8ba">
         <name>.data</name>
         <load_address>0x203c</load_address>
         <run_address>0x203c</run_address>
         <size>0x2</size>
         <input_file_ref idref="fl-8f"/>
      </object_component>
      <object_component id="oc-3d6">
         <name>.stack</name>
         <uninitialized>true</uninitialized>
         <run_address>0x3f60</run_address>
         <size>0x4</size>
         <input_file_ref idref="fl-82"/>
      </object_component>
      <object_component id="oc-96e">
         <name>.stack</name>
         <uninitialized>true</uninitialized>
         <run_address>0x3f60</run_address>
         <size>0x0</size>
      </object_component>
      <object_component id="oc-75">
         <name>.int20</name>
         <load_address>0xffca</load_address>
         <run_address>0xffca</run_address>
         <size>0x2</size>
         <input_file_ref idref="fl-45"/>
      </object_component>
      <object_component id="oc-76">
         <name>.int21</name>
         <load_address>0xffcc</load_address>
         <run_address>0xffcc</run_address>
         <size>0x2</size>
         <input_file_ref idref="fl-1a"/>
      </object_component>
      <object_component id="oc-77">
         <name>.int22</name>
         <load_address>0xffce</load_address>
         <run_address>0xffce</run_address>
         <size>0x2</size>
         <input_file_ref idref="fl-47"/>
      </object_component>
      <object_component id="oc-78">
         <name>.int23</name>
         <load_address>0xffd0</load_address>
         <run_address>0xffd0</run_address>
         <size>0x2</size>
         <input_file_ref idref="fl-1a"/>
      </object_component>
      <object_component id="oc-79">
         <name>.int24</name>
         <load_address>0xffd2</load_address>
         <run_address>0xffd2</run_address>
         <size>0x2</size>
         <input_file_ref idref="fl-48"/>
      </object_component>
      <object_component id="oc-7a">
         <name>.int25</name>
         <load_address>0xffd4</load_address>
         <run_address>0xffd4</run_address>
         <size>0x2</size>
         <input_file_ref idref="fl-49"/>
      </object_component>
      <object_component id="oc-7b">
         <name>.int26</name>
         <load_address>0xffd6</load_address>
         <run_address>0xffd6</run_address>
         <size>0x2</size>
         <input_file_ref idref="fl-4a"/>
      </object_component>
      <object_component id="oc-7c">
         <name>.int27</name>
         <load_address>0xffd8</load_address>
         <run_address>0xffd8</run_address>
         <size>0x2</size>
         <input_file_ref idref="fl-4b"/>
      </object_component>
      <object_component id="oc-7d">
         <name>.int28</name>
         <load_address>0xffda</load_address>
         <run_address>0xffda</run_address>
         <size>0x2</size>
         <input_file_ref idref="fl-4c"/>
      </object_component>
      <object_component id="oc-7e">
         <name>.int29</name>
         <load_address>0xffdc</load_address>
         <run_address>0xffdc</run_address>
         <size>0x2</size>
         <input_file_ref idref="fl-4d"/>
      </object_component>
      <object_component id="oc-7f">
         <name>.int30</name>
         <load_address>0xffde</load_address>
         <run_address>0xffde</run_address>
         <size>0x2</size>
         <input_file_ref idref="fl-4e"/>
      </object_component>
      <object_component id="oc-80">
         <name>.int31</name>
         <load_address>0xffe0</load_address>
         <run_address>0xffe0</run_address>
         <size>0x2</size>
         <input_file_ref idref="fl-4f"/>
      </object_component>
      <object_component id="oc-81">
         <name>.int32</name>
         <load_address>0xffe2</load_address>
         <run_address>0xffe2</run_address>
         <size>0x2</size>
         <input_file_ref idref="fl-50"/>
      </object_component>
      <object_component id="oc-82">
         <name>.int33</name>
         <load_address>0xffe4</load_address>
         <run_address>0xffe4</run_address>
         <size>0x2</size>
         <input_file_ref idref="fl-51"/>
      </object_component>
      <object_component id="oc-83">
         <name>.int34</name>
         <load_address>0xffe6</load_address>
         <run_address>0xffe6</run_address>
         <size>0x2</size>
         <input_file_ref idref="fl-1a"/>
      </object_component>
      <object_component id="oc-84">
         <name>.int35</name>
         <load_address>0xffe8</load_address>
         <run_address>0xffe8</run_address>
         <size>0x2</size>
         <input_file_ref idref="fl-52"/>
      </object_component>
      <object_component id="oc-85">
         <name>.int36</name>
         <load_address>0xffea</load_address>
         <run_address>0xffea</run_address>
         <size>0x2</size>
         <input_file_ref idref="fl-53"/>
      </object_component>
      <object_component id="oc-86">
         <name>.int37</name>
         <load_address>0xffec</load_address>
         <run_address>0xffec</run_address>
         <size>0x2</size>
         <input_file_ref idref="fl-54"/>
      </object_component>
      <object_component id="oc-87">
         <name>.int38</name>
         <load_address>0xffee</load_address>
         <run_address>0xffee</run_address>
         <size>0x2</size>
         <input_file_ref idref="fl-55"/>
      </object_component>
      <object_component id="oc-88">
         <name>.int39</name>
         <load_address>0xfff0</load_address>
         <run_address>0xfff0</run_address>
         <size>0x2</size>
         <input_file_ref idref="fl-56"/>
      </object_component>
      <object_component id="oc-89">
         <name>.int40</name>
         <load_address>0xfff2</load_address>
         <run_address>0xfff2</run_address>
         <size>0x2</size>
         <input_file_ref idref="fl-57"/>
      </object_component>
      <object_component id="oc-8a">
         <name>.int41</name>
         <load_address>0xfff4</load_address>
         <run_address>0xfff4</run_address>
         <size>0x2</size>
         <input_file_ref idref="fl-58"/>
      </object_component>
      <object_component id="oc-8b">
         <name>.int42</name>
         <load_address>0xfff6</load_address>
         <run_address>0xfff6</run_address>
         <size>0x2</size>
         <input_file_ref idref="fl-59"/>
      </object_component>
      <object_component id="oc-8c">
         <name>.int43</name>
         <load_address>0xfff8</load_address>
         <run_address>0xfff8</run_address>
         <size>0x2</size>
         <input_file_ref idref="fl-5a"/>
      </object_component>
      <object_component id="oc-8d">
         <name>.int44</name>
         <load_address>0xfffa</load_address>
         <run_address>0xfffa</run_address>
         <size>0x2</size>
         <input_file_ref idref="fl-5b"/>
      </object_component>
      <object_component id="oc-8e">
         <name>.int45</name>
         <load_address>0xfffc</load_address>
         <run_address>0xfffc</run_address>
         <size>0x2</size>
         <input_file_ref idref="fl-5c"/>
      </object_component>
      <object_component id="oc-3d9">
         <name>.reset</name>
         <load_address>0xfffe</load_address>
         <run_address>0xfffe</run_address>
         <size>0x2</size>
         <input_file_ref idref="fl-82"/>
      </object_component>
      <object_component id="oc-61c">
         <name>.debug_info</name>
         <load_address>0x0</load_address>
         <run_address>0x0</run_address>
         <size>0x17a</size>
         <input_file_ref idref="fl-2"/>
      </object_component>
      <object_component id="oc-53d">
         <name>.debug_info</name>
         <load_address>0x17a</load_address>
         <run_address>0x17a</run_address>
         <size>0x26b</size>
         <input_file_ref idref="fl-2"/>
      </object_component>
      <object_component id="oc-4a4">
         <name>.debug_info</name>
         <load_address>0x3e5</load_address>
         <run_address>0x3e5</run_address>
         <size>0x8b</size>
         <input_file_ref idref="fl-2"/>
      </object_component>
      <object_component id="oc-617">
         <name>.debug_info</name>
         <load_address>0x470</load_address>
         <run_address>0x470</run_address>
         <size>0x282</size>
         <input_file_ref idref="fl-2"/>
      </object_component>
      <object_component id="oc-538">
         <name>.debug_info</name>
         <load_address>0x6f2</load_address>
         <run_address>0x6f2</run_address>
         <size>0xbb</size>
         <input_file_ref idref="fl-2"/>
      </object_component>
      <object_component id="oc-3e0">
         <name>.debug_info</name>
         <load_address>0x7ad</load_address>
         <run_address>0x7ad</run_address>
         <size>0x84</size>
         <input_file_ref idref="fl-3"/>
      </object_component>
      <object_component id="oc-7eb">
         <name>.debug_info</name>
         <load_address>0x831</load_address>
         <run_address>0x831</run_address>
         <size>0x204</size>
         <input_file_ref idref="fl-6"/>
      </object_component>
      <object_component id="oc-596">
         <name>.debug_info</name>
         <load_address>0xa35</load_address>
         <run_address>0xa35</run_address>
         <size>0x204</size>
         <input_file_ref idref="fl-9"/>
      </object_component>
      <object_component id="oc-888">
         <name>.debug_info</name>
         <load_address>0xc39</load_address>
         <run_address>0xc39</run_address>
         <size>0x1c4</size>
         <input_file_ref idref="fl-9"/>
      </object_component>
      <object_component id="oc-7ca">
         <name>.debug_info</name>
         <load_address>0xdfd</load_address>
         <run_address>0xdfd</run_address>
         <size>0x193</size>
         <input_file_ref idref="fl-b"/>
      </object_component>
      <object_component id="oc-6df">
         <name>.debug_info</name>
         <load_address>0xf90</load_address>
         <run_address>0xf90</run_address>
         <size>0x121</size>
         <input_file_ref idref="fl-b"/>
      </object_component>
      <object_component id="oc-590">
         <name>.debug_info</name>
         <load_address>0x10b1</load_address>
         <run_address>0x10b1</run_address>
         <size>0x230</size>
         <input_file_ref idref="fl-b"/>
      </object_component>
      <object_component id="oc-59c">
         <name>.debug_info</name>
         <load_address>0x12e1</load_address>
         <run_address>0x12e1</run_address>
         <size>0x230</size>
         <input_file_ref idref="fl-b"/>
      </object_component>
      <object_component id="oc-629">
         <name>.debug_info</name>
         <load_address>0x1511</load_address>
         <run_address>0x1511</run_address>
         <size>0x279</size>
         <input_file_ref idref="fl-b"/>
      </object_component>
      <object_component id="oc-62f">
         <name>.debug_info</name>
         <load_address>0x178a</load_address>
         <run_address>0x178a</run_address>
         <size>0x277</size>
         <input_file_ref idref="fl-b"/>
      </object_component>
      <object_component id="oc-58a">
         <name>.debug_info</name>
         <load_address>0x1a01</load_address>
         <run_address>0x1a01</run_address>
         <size>0x227</size>
         <input_file_ref idref="fl-b"/>
      </object_component>
      <object_component id="oc-635">
         <name>.debug_info</name>
         <load_address>0x1c28</load_address>
         <run_address>0x1c28</run_address>
         <size>0x24c</size>
         <input_file_ref idref="fl-b"/>
      </object_component>
      <object_component id="oc-583">
         <name>.debug_info</name>
         <load_address>0x1e74</load_address>
         <run_address>0x1e74</run_address>
         <size>0x177</size>
         <input_file_ref idref="fl-f"/>
      </object_component>
      <object_component id="oc-4c7">
         <name>.debug_info</name>
         <load_address>0x1feb</load_address>
         <run_address>0x1feb</run_address>
         <size>0x1d4</size>
         <input_file_ref idref="fl-18"/>
      </object_component>
      <object_component id="oc-5d7">
         <name>.debug_info</name>
         <load_address>0x21bf</load_address>
         <run_address>0x21bf</run_address>
         <size>0x5ce</size>
         <input_file_ref idref="fl-19"/>
      </object_component>
      <object_component id="oc-757">
         <name>.debug_info</name>
         <load_address>0x278d</load_address>
         <run_address>0x278d</run_address>
         <size>0xfe</size>
         <input_file_ref idref="fl-19"/>
      </object_component>
      <object_component id="oc-748">
         <name>.debug_info</name>
         <load_address>0x288b</load_address>
         <run_address>0x288b</run_address>
         <size>0xfe</size>
         <input_file_ref idref="fl-19"/>
[...]
         <object_component_ref idref="oc-705"/>
      </symbol>
      <symbol id="sm-75c">
         <name>AHB_WRITE_BURST_WRITE</name>
         <value>0x13976</value>
         <object_component_ref idref="oc-7d8"/>
      </symbol>
      <symbol id="sm-75d">
         <name>AHB_READ_32</name>
         <value>0x1425a</value>
         <object_component_ref idref="oc-6f8"/>
      </symbol>
      <symbol id="sm-7d5">
         <name>CAN_Wake</name>
         <value>0x13cd2</value>
         <object_component_ref idref="oc-576"/>
      </symbol>
      <symbol id="sm-7d6">
         <name>CAN_Error</name>
         <value>0x143d0</value>
         <object_component_ref idref="oc-6d6"/>
      </symbol>
      <symbol id="sm-7d7">
         <name>Init_CAN</name>
         <value>0x111b8</value>
         <object_component_ref idref="oc-57c"/>
      </symbol>
      <symbol id="sm-7d8">
         <name>TCAN_Int_Cnt</name>
         <value>0x203e</value>
         <object_component_ref idref="oc-457"/>
      </symbol>
      <symbol id="sm-7fd">
         <name>Init_SPI</name>
         <value>0x14344</value>
         <object_component_ref idref="oc-570"/>
      </symbol>
      <symbol id="sm-7fe">
         <name>Init_SPIB0</name>
         <value>0x140f6</value>
         <object_component_ref idref="oc-647"/>
      </symbol>
      <symbol id="sm-7ff">
         <name>Init_SPIB1</name>
         <value>0x13df2</value>
         <object_component_ref idref="oc-64d"/>
      </symbol>
      <symbol id="sm-800">
         <name>Init_SPIA0</name>
         <value>0x13c38</value>
         <object_component_ref idref="oc-63b"/>
      </symbol>
      <symbol id="sm-801">
         <name>Init_SPIA1</name>
         <value>0x13eb2</value>
         <object_component_ref idref="oc-641"/>
      </symbol>
      <symbol id="sm-824">
         <name>__TI_decompress_lzss</name>
         <value>0x13686</value>
         <object_component_ref idref="oc-69"/>
      </symbol>
      <symbol id="sm-835">
         <name>__TI_decompress_none</name>
         <value>0x143be</value>
         <object_component_ref idref="oc-6f"/>
      </symbol>
      <symbol id="sm-838">
         <name>__TI_int20</name>
         <value>0xffca</value>
         <object_component_ref idref="oc-75"/>
      </symbol>
      <symbol id="sm-840">
         <name>__TI_ISR_TRAP</name>
         <value>0x825e</value>
         <object_component_ref idref="oc-3f2"/>
      </symbol>
      <symbol id="sm-843">
         <name>__TI_int22</name>
         <value>0xffce</value>
         <object_component_ref idref="oc-77"/>
      </symbol>
      <symbol id="sm-846">
         <name>__TI_int24</name>
         <value>0xffd2</value>
         <object_component_ref idref="oc-79"/>
      </symbol>
      <symbol id="sm-849">
         <name>__TI_int25</name>
         <value>0xffd4</value>
         <object_component_ref idref="oc-7a"/>
      </symbol>
      <symbol id="sm-84c">
         <name>__TI_int26</name>
         <value>0xffd6</value>
         <object_component_ref idref="oc-7b"/>
      </symbol>
      <symbol id="sm-84f">
         <name>__TI_int27</name>
         <value>0xffd8</value>
         <object_component_ref idref="oc-7c"/>
      </symbol>
      <symbol id="sm-852">
         <name>__TI_int28</name>
         <value>0xffda</value>
         <object_component_ref idref="oc-7d"/>
      </symbol>
      <symbol id="sm-855">
         <name>__TI_int29</name>
         <value>0xffdc</value>
         <object_component_ref idref="oc-7e"/>
      </symbol>
      <symbol id="sm-858">
         <name>__TI_int30</name>
         <value>0xffde</value>
         <object_component_ref idref="oc-7f"/>
      </symbol>
      <symbol id="sm-85b">
         <name>__TI_int31</name>
         <value>0xffe0</value>
         <object_component_ref idref="oc-80"/>
      </symbol>
      <symbol id="sm-85e">
         <name>__TI_int32</name>
         <value>0xffe2</value>
         <object_component_ref idref="oc-81"/>
      </symbol>
      <symbol id="sm-861">
         <name>__TI_int33</name>
         <value>0xffe4</value>
         <object_component_ref idref="oc-82"/>
      </symbol>
      <symbol id="sm-864">
         <name>__TI_int35</name>
         <value>0xffe8</value>
         <object_component_ref idref="oc-84"/>
      </symbol>
      <symbol id="sm-867">
         <name>__TI_int36</name>
         <value>0xffea</value>
         <object_component_ref idref="oc-85"/>
      </symbol>
      <symbol id="sm-86a">
         <name>__TI_int37</name>
         <value>0xffec</value>
         <object_component_ref idref="oc-86"/>
      </symbol>
      <symbol id="sm-86d">
         <name>__TI_int38</name>
         <value>0xffee</value>
         <object_component_ref idref="oc-87"/>
      </symbol>
      <symbol id="sm-870">
         <name>__TI_int39</name>
         <value>0xfff0</value>
         <object_component_ref idref="oc-88"/>
      </symbol>
      <symbol id="sm-873">
         <name>__TI_int40</name>
         <value>0xfff2</value>
         <object_component_ref idref="oc-89"/>
      </symbol>
      <symbol id="sm-876">
         <name>__TI_int41</name>
         <value>0xfff4</value>
         <object_component_ref idref="oc-8a"/>
      </symbol>
      <symbol id="sm-879">
         <name>__TI_int42</name>
         <value>0xfff6</value>
         <object_component_ref idref="oc-8b"/>
      </symbol>
      <symbol id="sm-87c">
         <name>__TI_int43</name>
         <value>0xfff8</value>
         <object_component_ref idref="oc-8c"/>
      </symbol>
      <symbol id="sm-87f">
         <name>__TI_int44</name>
         <value>0xfffa</value>
         <object_component_ref idref="oc-8d"/>
      </symbol>
      <symbol id="sm-882">
         <name>__TI_int45</name>
         <value>0xfffc</value>
         <object_component_ref idref="oc-8e"/>
      </symbol>
      <symbol id="sm-895">
         <name>__TI_zero_init_nomemset</name>
         <value>0x141ae</value>
         <object_component_ref idref="oc-409"/>
      </symbol>
      <symbol id="sm-8cf">
         <name>__mspabi_addd</name>
         <value>0x10000</value>
         <object_component_ref idref="oc-809"/>
      </symbol>
      <symbol id="sm-8ea">
         <name>__mspabi_subf</name>
         <value>0x1275c</value>
         <object_component_ref idref="oc-82d"/>
      </symbol>
      <symbol id="sm-8eb">
         <name>__mspabi_addf</name>
         <value>0x12762</value>
         <object_component_ref idref="oc-82d"/>
      </symbol>
      <symbol id="sm-8fb">
         <name>__mspabi_cmpf</name>
         <value>0x13d66</value>
         <object_component_ref idref="oc-828"/>
      </symbol>
      <symbol id="sm-915">
         <name>__mspabi_cvtdf</name>
         <value>0x1301c</value>
         <object_component_ref idref="oc-80f"/>
      </symbol>
      <symbol id="sm-923">
         <name>__mspabi_cvtfd</name>
         <value>0x1384e</value>
         <object_component_ref idref="oc-7f7"/>
      </symbol>
      <symbol id="sm-949">
         <name>__mspabi_divd</name>
         <value>0x11db6</value>
         <object_component_ref idref="oc-464"/>
      </symbol>
      <symbol id="sm-964">
         <name>__TI_frcdivd</name>
         <value>0x10d52</value>
         <object_component_ref idref="oc-4b0"/>
      </symbol>
      <symbol id="sm-976">
         <name>__mspabi_divf</name>
         <value>0x13400</value>
         <object_component_ref idref="oc-832"/>
      </symbol>
      <symbol id="sm-983">
         <name>__mspabi_fltud</name>
         <value>0x1447e</value>
         <object_component_ref idref="oc-45e"/>
      </symbol>
      <symbol id="sm-98e">
         <name>__mspabi_fltuf</name>
         <value>0x141d2</value>
         <object_component_ref idref="oc-84c"/>
      </symbol>
      <symbol id="sm-9a3">
         <name>__mspabi_fltuld</name>
         <value>0x13510</value>
         <object_component_ref idref="oc-4a9"/>
      </symbol>
      <symbol id="sm-9c9">
         <name>__mspabi_mpyd</name>
         <value>0x118ae</value>
         <object_component_ref idref="oc-803"/>
      </symbol>
      <symbol id="sm-9d4">
         <name>__TI_frcmpyd</name>
         <value>0x12372</value>
         <object_component_ref idref="oc-88e"/>
      </symbol>
      <symbol id="sm-9eb">
         <name>__mspabi_mpyf</name>
         <value>0x12eb0</value>
         <object_component_ref idref="oc-815"/>
      </symbol>
      <symbol id="sm-9f4">
         <name>__mspabi_mpyi_f5hw</name>
         <value>0x14316</value>
         <object_component_ref idref="oc-55d"/>
      </symbol>
      <symbol id="sm-9fd">
         <name>__mspabi_mpyl_f5hw</name>
         <value>0x141f6</value>
         <object_component_ref idref="oc-553"/>
      </symbol>
      <symbol id="sm-a06">
         <name>__mspabi_mpyll_f5hw</name>
         <value>0x139d6</value>
         <object_component_ref idref="oc-8df"/>
      </symbol>
      <symbol id="sm-a0f">
         <name>__mspabi_mpyull_f5hw</name>
         <value>0x1415a</value>
         <object_component_ref idref="oc-8e4"/>
      </symbol>
      <symbol id="sm-a1a">
         <name>__mspabi_slli</name>
         <value>0x1446c</value>
         <object_component_ref idref="oc-8d6"/>
      </symbol>
      <symbol id="sm-a2a">
         <name>__mspabi_slll_9</name>
         <value>0x13f46</value>
         <object_component_ref idref="oc-547"/>
      </symbol>
      <symbol id="sm-a2b">
         <name>__mspabi_slll_8</name>
         <value>0x13f4a</value>
         <object_component_ref idref="oc-547"/>
      </symbol>
      <symbol id="sm-a2c">
         <name>__mspabi_slll_7</name>
         <value>0x13f4e</value>
         <object_component_ref idref="oc-547"/>
      </symbol>
      <symbol id="sm-a2d">
         <name>__mspabi_slll_6</name>
         <value>0x13f52</value>
         <object_component_ref idref="oc-547"/>
      </symbol>
      <symbol id="sm-a2e">
         <name>__mspabi_slll_5</name>
         <value>0x13f56</value>
         <object_component_ref idref="oc-547"/>
      </symbol>
      <symbol id="sm-a2f">
         <name>__mspabi_slll_4</name>
         <value>0x13f5a</value>
         <object_component_ref idref="oc-547"/>
      </symbol>
      <symbol id="sm-a30">
         <name>__mspabi_slll_3</name>
         <value>0x13f5e</value>
         <object_component_ref idref="oc-547"/>
      </symbol>
      <symbol id="sm-a31">
         <name>__mspabi_slll_2</name>
         <value>0x13f62</value>
         <object_component_ref idref="oc-547"/>
      </symbol>
      <symbol id="sm-a32">
         <name>__mspabi_slll_1</name>
         <value>0x13f66</value>
         <object_component_ref idref="oc-547"/>
      </symbol>
      <symbol id="sm-a33">
         <name>__mspabi_slll</name>
         <value>0x14400</value>
         <object_component_ref idref="oc-8d0"/>
      </symbol>
      <symbol id="sm-a34">
         <name>__mspabi_slll_15</name>
         <value>0x13f2e</value>
         <object_component_ref idref="oc-547"/>
      </symbol>
      <symbol id="sm-a35">
         <name>__mspabi_slll_14</name>
         <value>0x13f32</value>
         <object_component_ref idref="oc-547"/>
      </symbol>
      <symbol id="sm-a36">
         <name>__mspabi_slll_13</name>
         <value>0x13f36</value>
         <object_component_ref idref="oc-547"/>
      </symbol>
      <symbol id="sm-a37">
         <name>__mspabi_slll_12</name>
         <value>0x13f3a</value>
         <object_component_ref idref="oc-547"/>
      </symbol>
      <symbol id="sm-a38">
         <name>__mspabi_slll_11</name>
         <value>0x13f3e</value>
         <object_component_ref idref="oc-547"/>
      </symbol>
      <symbol id="sm-a39">
         <name>__mspabi_slll_10</name>
         <value>0x13f42</value>
         <object_component_ref idref="oc-547"/>
      </symbol>
      <symbol id="sm-a46">
         <name>__mspabi_sllll</name>
         <value>0x13fe6</value>
         <object_component_ref idref="oc-89c"/>
      </symbol>
      <symbol id="sm-a4e">
         <name>__mspabi_sral_15</name>
         <value>0x13ef0</value>
         <object_component_ref idref="oc-558"/>
      </symbol>
      <symbol id="sm-a4f">
         <name>__mspabi_sral_14</name>
         <value>0x13ef4</value>
         <object_component_ref idref="oc-558"/>
      </symbol>
      <symbol id="sm-a50">
         <name>__mspabi_sral_13</name>
         <value>0x13ef8</value>
         <object_component_ref idref="oc-558"/>
      </symbol>
      <symbol id="sm-a51">
         <name>__mspabi_sral_12</name>
         <value>0x13efc</value>
         <object_component_ref idref="oc-558"/>
      </symbol>
      <symbol id="sm-a52">
         <name>__mspabi_sral_11</name>
         <value>0x13f00</value>
         <object_component_ref idref="oc-558"/>
      </symbol>
      <symbol id="sm-a53">
         <name>__mspabi_sral_10</name>
         <value>0x13f04</value>
         <object_component_ref idref="oc-558"/>
      </symbol>
      <symbol id="sm-a54">
         <name>__mspabi_sral_8</name>
         <value>0x13f0c</value>
         <object_component_ref idref="oc-558"/>
      </symbol>
      <symbol id="sm-a55">
         <name>__mspabi_sral_9</name>
         <value>0x13f08</value>
         <object_component_ref idref="oc-558"/>
      </symbol>
      <symbol id="sm-a56">
         <name>__mspabi_sral_6</name>
         <value>0x13f14</value>
         <object_component_ref idref="oc-558"/>
      </symbol>
      <symbol id="sm-a57">
         <name>__mspabi_sral_7</name>
         <value>0x13f10</value>
         <object_component_ref idref="oc-558"/>
      </symbol>
      <symbol id="sm-a58">
         <name>__mspabi_sral_4</name>
         <value>0x13f1c</value>
         <object_component_ref idref="oc-558"/>
      </symbol>
      <symbol id="sm-a59">
         <name>__mspabi_sral_5</name>
         <value>0x13f18</value>
         <object_component_ref idref="oc-558"/>
      </symbol>
      <symbol id="sm-a5a">
         <name>__mspabi_sral_2</name>
         <value>0x13f24</value>
         <object_component_ref idref="oc-558"/>
      </symbol>
      <symbol id="sm-a5b">
         <name>__mspabi_sral_3</name>
         <value>0x13f20</value>
         <object_component_ref idref="oc-558"/>
      </symbol>
      <symbol id="sm-a5c">
         <name>__mspabi_sral_1</name>
         <value>0x13f28</value>
         <object_component_ref idref="oc-558"/>
      </symbol>
      <symbol id="sm-a69">
         <name>__mspabi_srall</name>
         <value>0x13e72</value>
         <object_component_ref idref="oc-896"/>
      </symbol>
      <symbol id="sm-a79">
         <name>__mspabi_srll_8</name>
         <value>0x13f88</value>
         <object_component_ref idref="oc-54c"/>
      </symbol>
      <symbol id="sm-a7a">
         <name>__mspabi_srll_9</name>
         <value>0x13f84</value>
         <object_component_ref idref="oc-54c"/>
      </symbol>
      <symbol id="sm-a7b">
         <name>__mspabi_srll_6</name>
         <value>0x13f90</value>
         <object_component_ref idref="oc-54c"/>
      </symbol>
      <symbol id="sm-a7c">
         <name>__mspabi_srll_7</name>
         <value>0x13f8c</value>
         <object_component_ref idref="oc-54c"/>
      </symbol>
      <symbol id="sm-a7d">
         <name>__mspabi_srll_4</name>
         <value>0x13f98</value>
         <object_component_ref idref="oc-54c"/>
      </symbol>
      <symbol id="sm-a7e">
         <name>__mspabi_srll_5</name>
         <value>0x13f94</value>
         <object_component_ref idref="oc-54c"/>
      </symbol>
      <symbol id="sm-a7f">
         <name>__mspabi_srll_2</name>
         <value>0x13fa0</value>
         <object_component_ref idref="oc-54c"/>
      </symbol>
      <symbol id="sm-a80">
         <name>__mspabi_srll_3</name>
         <value>0x13f9c</value>
         <object_component_ref idref="oc-54c"/>
      </symbol>
      <symbol id="sm-a81">
         <name>__mspabi_srll_1</name>
         <value>0x13fa4</value>
         <object_component_ref idref="oc-54c"/>
      </symbol>
      <symbol id="sm-a82">
         <name>__mspabi_srll_15</name>
         <value>0x13f6c</value>
         <object_component_ref idref="oc-54c"/>
      </symbol>
      <symbol id="sm-a83">
         <name>__mspabi_srll_14</name>
         <value>0x13f70</value>
         <object_component_ref idref="oc-54c"/>
      </symbol>
      <symbol id="sm-a84">
         <name>__mspabi_srll_13</name>
         <value>0x13f74</value>
         <object_component_ref idref="oc-54c"/>
      </symbol>
      <symbol id="sm-a85">
         <name>__mspabi_srll_12</name>
         <value>0x13f78</value>
         <object_component_ref idref="oc-54c"/>
      </symbol>
      <symbol id="sm-a86">
         <name>__mspabi_srll_11</name>
         <value>0x13f7c</value>
         <object_component_ref idref="oc-54c"/>
      </symbol>
      <symbol id="sm-a87">
         <name>__mspabi_srll_10</name>
         <value>0x13f80</value>
         <object_component_ref idref="oc-54c"/>
      </symbol>
      <symbol id="sm-a88">
         <name>__mspabi_srll</name>
         <value>0x14410</value>
         <object_component_ref idref="oc-71d"/>
      </symbol>
      <symbol id="sm-a95">
         <name>__mspabi_srlll</name>
         <value>0x14020</value>
         <object_component_ref idref="oc-8e9"/>
      </symbol>
      <symbol id="sm-a9e">
         <name>__mspabi_subd</name>
         <value>0x14128</value>
         <object_component_ref idref="oc-857"/>
      </symbol>
      <symbol id="sm-aae">
         <name>_c_int00_noargs_mpu</name>
         <value>0x822e</value>
         <object_component_ref idref="oc-433"/>
      </symbol>
      <symbol id="sm-aaf">
         <name>_stack</name>
         <value>0x3f60</value>
         <object_component_ref idref="oc-3d6"/>
      </symbol>
      <symbol id="sm-ab0">
         <name>_reset_vector</name>
         <value>0xfffe</value>
         <object_component_ref idref="oc-3d9"/>
      </symbol>
      <symbol id="sm-abe">
         <name>__mpu_init</name>
         <value>0x13faa</value>
         <object_component_ref idref="oc-48c"/>
      </symbol>
      <symbol id="sm-ae2">
         <name>__TI_auto_init_nobinit_nopinit_hold_wdt</name>
         <value>0x13b42</value>
         <object_component_ref idref="oc-511"/>
      </symbol>
      <symbol id="sm-aeb">
         <name>_system_post_cinit</name>
         <value>0x1448e</value>
         <object_component_ref idref="oc-5f6"/>
      </symbol>
      <symbol id="sm-af4">
         <name>_system_pre_init</name>
         <value>0x1448a</value>
         <object_component_ref idref="oc-474"/>
      </symbol>
      <symbol id="sm-b04">
         <name>C$$EXIT</name>
         <value>0x14484</value>
         <object_component_ref idref="oc-4ed"/>
      </symbol>
      <symbol id="sm-b05">
         <name>abort</name>
         <value>0x14484</value>
         <object_component_ref idref="oc-4ed"/>
      </symbol>
      <symbol id="sm-b45">
         <name>log</name>
         <value>0x1072a</value>
         <object_component_ref idref="oc-851"/>
      </symbol>
      <symbol id="sm-b46">
         <name>logl</name>
         <value>0x1072a</value>
         <object_component_ref idref="oc-851"/>
      </symbol>
      <symbol id="sm-b60">
         <name>__mspabi_cmpd</name>
         <value>0x12abc</value>
         <object_component_ref idref="oc-8c3"/>
      </symbol>
      <symbol id="sm-b78">
         <name>__mspabi_fltlid</name>
         <value>0x132d0</value>
         <object_component_ref idref="oc-8bd"/>
      </symbol>
      <symbol id="sm-b7f">
         <name>errno</name>
         <value>0x203c</value>
         <object_component_ref idref="oc-8ba"/>
      </symbol>
      <symbol id="sm-b8d">
         <name>memcpy</name>
         <value>0x14386</value>
         <object_component_ref idref="oc-3e5"/>
      </symbol>
      <symbol id="sm-b9b">
         <name>memset</name>
         <value>0x14370</value>
         <object_component_ref idref="oc-4c0"/>
      </symbol>
   </symbol_table>
   <title>Link successful</title>
</link_info>
