<?xml version="1.0" encoding="ISO-8859-1" ?>
<link_info>
   <banner>MSP430 Linker PC v20.2.2.LTS</banner>
   <copyright>Copyright (c) 2003-2018 Texas Instruments Incorporated</copyright>
   <link_time>0x6194451a</link_time>
   <link_errors>0x0</link_errors>
   <output_file>iris-powctrl-ccs.out</output_file>
   <entry_point>
      <name>_c_int00_noargs_mpu</name>
      <address>0xab92</address>
   </entry_point>
   <input_file_list>
      <input_file id="fl-2">
         <path>.\driverlib\MSP430FR2xx_4xx\</path>
         <kind>object</kind>
         <file>adc.obj</file>
         <name>adc.obj</name>
      </input_file>
      <input_file id="fl-3">
         <path>.\driverlib\MSP430FR2xx_4xx\</path>
         <kind>object</kind>
         <file>crc.obj</file>
         <name>crc.obj</name>
      </input_file>
      <input_file id="fl-4">
         <path>.\driverlib\MSP430FR2xx_4xx\</path>
         <kind>object</kind>
         <file>cs.obj</file>
         <name>cs.obj</name>
      </input_file>
      <input_file id="fl-5">
         <path>.\driverlib\MSP430FR2xx_4xx\</path>
         <kind>object</kind>
         <file>ecomp.obj</file>
         <name>ecomp.obj</name>
      </input_file>
      <input_file id="fl-6">
         <path>.\driverlib\MSP430FR2xx_4xx\</path>
         <kind>object</kind>
         <file>eusci_a_spi.obj</file>
         <name>eusci_a_spi.obj</name>
      </input_file>
      <input_file id="fl-7">
         <path>.\driverlib\MSP430FR2xx_4xx\</path>
         <kind>object</kind>
         <file>eusci_a_uart.obj</file>
         <name>eusci_a_uart.obj</name>
      </input_file>
      <input_file id="fl-8">
         <path>.\driverlib\MSP430FR2xx_4xx\</path>
         <kind>object</kind>
         <file>eusci_b_i2c.obj</file>
         <name>eusci_b_i2c.obj</name>
      </input_file>
      <input_file id="fl-9">
         <path>.\driverlib\MSP430FR2xx_4xx\</path>
         <kind>object</kind>
         <file>eusci_b_spi.obj</file>
         <name>eusci_b_spi.obj</name>
      </input_file>
      <input_file id="fl-a">
         <path>.\driverlib\MSP430FR2xx_4xx\</path>
         <kind>object</kind>
         <file>framctl.obj</file>
         <name>framctl.obj</name>
      </input_file>
      <input_file id="fl-b">
         <path>.\driverlib\MSP430FR2xx_4xx\</path>
         <kind>object</kind>
         <file>gpio.obj</file>
         <name>gpio.obj</name>
      </input_file>
      <input_file id="fl-c">
         <path>.\driverlib\MSP430FR2xx_4xx\</path>
         <kind>object</kind>
         <file>icc.obj</file>
         <name>icc.obj</name>
      </input_file>
      <input_file id="fl-d">
         <path>.\driverlib\MSP430FR2xx_4xx\</path>
         <kind>object</kind>
         <file>lcd_e.obj</file>
         <name>lcd_e.obj</name>
      </input_file>
      <input_file id="fl-e">
         <path>.\driverlib\MSP430FR2xx_4xx\</path>
         <kind>object</kind>
         <file>mpy32.obj</file>
         <name>mpy32.obj</name>
      </input_file>
      <input_file id="fl-f">
         <path>.\driverlib\MSP430FR2xx_4xx\</path>
         <kind>object</kind>
         <file>pmm.obj</file>
         <name>pmm.obj</name>
      </input_file>
      <input_file id="fl-10">
         <path>.\driverlib\MSP430FR2xx_4xx\</path>
         <kind>object</kind>
         <file>rtc.obj</file>
         <name>rtc.obj</name>
      </input_file>
      <input_file id="fl-11">
         <path>.\driverlib\MSP430FR2xx_4xx\</path>
         <kind>object</kind>
         <file>sac.obj</file>
         <name>sac.obj</name>
      </input_file>
      <input_file id="fl-12">
         <path>.\driverlib\MSP430FR2xx_4xx\</path>
         <kind>object</kind>
         <file>sfr.obj</file>
         <name>sfr.obj</name>
      </input_file>
      <input_file id="fl-13">
         <path>.\driverlib\MSP430FR2xx_4xx\</path>
         <kind>object</kind>
         <file>sysctl.obj</file>
         <name>sysctl.obj</name>
      </input_file>
      <input_file id="fl-14">
         <path>.\driverlib\MSP430FR2xx_4xx\</path>
         <kind>object</kind>
         <file>tia.obj</file>
         <name>tia.obj</name>
      </input_file>
      <input_file id="fl-15">
         <path>.\driverlib\MSP430FR2xx_4xx\</path>
         <kind>object</kind>
         <file>timer_a.obj</file>
         <name>timer_a.obj</name>
      </input_file>
      <input_file id="fl-16">
         <path>.\driverlib\MSP430FR2xx_4xx\</path>
         <kind>object</kind>
         <file>timer_b.obj</file>
         <name>timer_b.obj</name>
      </input_file>
      <input_file id="fl-17">
         <path>.\driverlib\MSP430FR2xx_4xx\</path>
         <kind>object</kind>
         <file>tlv.obj</file>
         <name>tlv.obj</name>
      </input_file>
      <input_file id="fl-18">
         <path>.\driverlib\MSP430FR2xx_4xx\</path>
         <kind>object</kind>
         <file>wdt_a.obj</file>
         <name>wdt_a.obj</name>
      </input_file>
      <input_file id="fl-19">
         <path>.\src\drivers\</path>
         <kind>object</kind>
         <file>adcbankAB_driver.obj</file>
         <name>adcbankAB_driver.obj</name>
      </input_file>
      <input_file id="fl-1a">
         <path>.\src\drivers\</path>
         <kind>object</kind>
         <file>adcs_driver.obj</file>
         <name>adcs_driver.obj</name>
      </input_file>
      <input_file id="fl-1b">
         <path>.\src\drivers\</path>
         <kind>object</kind>
         <file>peripheral_driver.obj</file>
         <name>peripheral_driver.obj</name>
      </input_file>
      <input_file id="fl-1c">
         <path>.\src\drivers\device\tcan4x5x\</path>
         <kind>object</kind>
         <file>TCAN4550.obj</file>
         <name>TCAN4550.obj</name>
      </input_file>
      <input_file id="fl-1d">
         <path>.\src\drivers\device\tcan4x5x\</path>
         <kind>object</kind>
         <file>TCAN4x5x_SPI.obj</file>
         <name>TCAN4x5x_SPI.obj</name>
      </input_file>
      <input_file id="fl-1e">
         <path>.\src\drivers\protocol\</path>
         <kind>object</kind>
         <file>can.obj</file>
         <name>can.obj</name>
      </input_file>
      <input_file id="fl-1f">
         <path>.\src\drivers\protocol\</path>
         <kind>object</kind>
         <file>spi.obj</file>
         <name>spi.obj</name>
      </input_file>
      <input_file id="fl-20">
         <path>.\src\</path>
         <kind>object</kind>
         <file>main.obj</file>
         <name>main.obj</name>
      </input_file>
      <input_file id="fl-26">
         <kind>object</kind>
         <file>&lt;internal&gt;</file>
         <name>&lt;internal&gt;</name>
      </input_file>
      <input_file id="fl-41">
         <path>C:\ti\ccs1020\ccs\tools\compiler\ti-cgt-msp430_20.2.2.LTS\lib\</path>
         <kind>archive</kind>
         <file>rts430x_lc_rd_eabi.lib</file>
         <name>copy_decompress_lzss.c.obj</name>
      </input_file>
      <input_file id="fl-42">
         <path>C:\ti\ccs1020\ccs\tools\compiler\ti-cgt-msp430_20.2.2.LTS\lib\</path>
         <kind>archive</kind>
         <file>rts430x_lc_rd_eabi.lib</file>
         <name>copy_decompress_none.c.obj</name>
      </input_file>
      <input_file id="fl-43">
         <path>C:\ti\ccs1020\ccs\tools\compiler\ti-cgt-msp430_20.2.2.LTS\lib\</path>
         <kind>archive</kind>
         <file>rts430x_lc_rd_eabi.lib</file>
         <name>int20.asm.obj</name>
      </input_file>
      <input_file id="fl-44">
         <path>C:\ti\ccs1020\ccs\tools\compiler\ti-cgt-msp430_20.2.2.LTS\lib\</path>
         <kind>archive</kind>
         <file>rts430x_lc_rd_eabi.lib</file>
         <name>isr_trap.asm.obj</name>
      </input_file>
      <input_file id="fl-45">
         <path>C:\ti\ccs1020\ccs\tools\compiler\ti-cgt-msp430_20.2.2.LTS\lib\</path>
         <kind>archive</kind>
         <file>rts430x_lc_rd_eabi.lib</file>
         <name>int21.asm.obj</name>
      </input_file>
      <input_file id="fl-46">
         <path>C:\ti\ccs1020\ccs\tools\compiler\ti-cgt-msp430_20.2.2.LTS\lib\</path>
         <kind>archive</kind>
         <file>rts430x_lc_rd_eabi.lib</file>
         <name>int22.asm.obj</name>
      </input_file>
      <input_file id="fl-47">
         <path>C:\ti\ccs1020\ccs\tools\compiler\ti-cgt-msp430_20.2.2.LTS\lib\</path>
         <kind>archive</kind>
         <file>rts430x_lc_rd_eabi.lib</file>
         <name>int24.asm.obj</name>
      </input_file>
      <input_file id="fl-48">
         <path>C:\ti\ccs1020\ccs\tools\compiler\ti-cgt-msp430_20.2.2.LTS\lib\</path>
         <kind>archive</kind>
         <file>rts430x_lc_rd_eabi.lib</file>
         <name>int25.asm.obj</name>
      </input_file>
      <input_file id="fl-49">
         <path>C:\ti\ccs1020\ccs\tools\compiler\ti-cgt-msp430_20.2.2.LTS\lib\</path>
         <kind>archive</kind>
         <file>rts430x_lc_rd_eabi.lib</file>
         <name>int26.asm.obj</name>
      </input_file>
      <input_file id="fl-4a">
         <path>C:\ti\ccs1020\ccs\tools\compiler\ti-cgt-msp430_20.2.2.LTS\lib\</path>
         <kind>archive</kind>
         <file>rts430x_lc_rd_eabi.lib</file>
         <name>int27.asm.obj</name>
      </input_file>
      <input_file id="fl-4b">
         <path>C:\ti\ccs1020\ccs\tools\compiler\ti-cgt-msp430_20.2.2.LTS\lib\</path>
         <kind>archive</kind>
         <file>rts430x_lc_rd_eabi.lib</file>
         <name>int28.asm.obj</name>
      </input_file>
      <input_file id="fl-4c">
         <path>C:\ti\ccs1020\ccs\tools\compiler\ti-cgt-msp430_20.2.2.LTS\lib\</path>
         <kind>archive</kind>
         <file>rts430x_lc_rd_eabi.lib</file>
         <name>int29.asm.obj</name>
      </input_file>
      <input_file id="fl-4d">
         <path>C:\ti\ccs1020\ccs\tools\compiler\ti-cgt-msp430_20.2.2.LTS\lib\</path>
         <kind>archive</kind>
         <file>rts430x_lc_rd_eabi.lib</file>
         <name>int30.asm.obj</name>
      </input_file>
      <input_file id="fl-4e">
         <path>C:\ti\ccs1020\ccs\tools\compiler\ti-cgt-msp430_20.2.2.LTS\lib\</path>
         <kind>archive</kind>
         <file>rts430x_lc_rd_eabi.lib</file>
         <name>int31.asm.obj</name>
      </input_file>
      <input_file id="fl-4f">
         <path>C:\ti\ccs1020\ccs\tools\compiler\ti-cgt-msp430_20.2.2.LTS\lib\</path>
         <kind>archive</kind>
         <file>rts430x_lc_rd_eabi.lib</file>
         <name>int32.asm.obj</name>
      </input_file>
      <input_file id="fl-50">
         <path>C:\ti\ccs1020\ccs\tools\compiler\ti-cgt-msp430_20.2.2.LTS\lib\</path>
         <kind>archive</kind>
         <file>rts430x_lc_rd_eabi.lib</file>
         <name>int33.asm.obj</name>
      </input_file>
      <input_file id="fl-51">
         <path>C:\ti\ccs1020\ccs\tools\compiler\ti-cgt-msp430_20.2.2.LTS\lib\</path>
         <kind>archive</kind>
         <file>rts430x_lc_rd_eabi.lib</file>
         <name>int35.asm.obj</name>
      </input_file>
      <input_file id="fl-52">
         <path>C:\ti\ccs1020\ccs\tools\compiler\ti-cgt-msp430_20.2.2.LTS\lib\</path>
         <kind>archive</kind>
         <file>rts430x_lc_rd_eabi.lib</file>
         <name>int36.asm.obj</name>
      </input_file>
      <input_file id="fl-53">
         <path>C:\ti\ccs1020\ccs\tools\compiler\ti-cgt-msp430_20.2.2.LTS\lib\</path>
         <kind>archive</kind>
         <file>rts430x_lc_rd_eabi.lib</file>
         <name>int37.asm.obj</name>
      </input_file>
      <input_file id="fl-54">
         <path>C:\ti\ccs1020\ccs\tools\compiler\ti-cgt-msp430_20.2.2.LTS\lib\</path>
         <kind>archive</kind>
         <file>rts430x_lc_rd_eabi.lib</file>
         <name>int38.asm.obj</name>
      </input_file>
      <input_file id="fl-55">
         <path>C:\ti\ccs1020\ccs\tools\compiler\ti-cgt-msp430_20.2.2.LTS\lib\</path>
         <kind>archive</kind>
         <file>rts430x_lc_rd_eabi.lib</file>
         <name>int39.asm.obj</name>
      </input_file>
      <input_file id="fl-56">
         <path>C:\ti\ccs1020\ccs\tools\compiler\ti-cgt-msp430_20.2.2.LTS\lib\</path>
         <kind>archive</kind>
         <file>rts430x_lc_rd_eabi.lib</file>
         <name>int40.asm.obj</name>
      </input_file>
      <input_file id="fl-57">
         <path>C:\ti\ccs1020\ccs\tools\compiler\ti-cgt-msp430_20.2.2.LTS\lib\</path>
         <kind>archive</kind>
         <file>rts430x_lc_rd_eabi.lib</file>
         <name>int41.asm.obj</name>
      </input_file>
      <input_file id="fl-58">
         <path>C:\ti\ccs1020\ccs\tools\compiler\ti-cgt-msp430_20.2.2.LTS\lib\</path>
         <kind>archive</kind>
         <file>rts430x_lc_rd_eabi.lib</file>
         <name>int42.asm.obj</name>
      </input_file>
      <input_file id="fl-59">
         <path>C:\ti\ccs1020\ccs\tools\compiler\ti-cgt-msp430_20.2.2.LTS\lib\</path>
         <kind>archive</kind>
         <file>rts430x_lc_rd_eabi.lib</file>
         <name>int43.asm.obj</name>
      </input_file>
      <input_file id="fl-5a">
         <path>C:\ti\ccs1020\ccs\tools\compiler\ti-cgt-msp430_20.2.2.LTS\lib\</path>
         <kind>archive</kind>
         <file>rts430x_lc_rd_eabi.lib</file>
         <name>int44.asm.obj</name>
      </input_file>
      <input_file id="fl-5b">
         <path>C:\ti\ccs1020\ccs\tools\compiler\ti-cgt-msp430_20.2.2.LTS\lib\</path>
         <kind>archive</kind>
         <file>rts430x_lc_rd_eabi.lib</file>
         <name>int45.asm.obj</name>
      </input_file>
      <input_file id="fl-5c">
         <path>C:\ti\ccs1020\ccs\tools\compiler\ti-cgt-msp430_20.2.2.LTS\lib\</path>
         <kind>archive</kind>
         <file>rts430x_lc_rd_eabi.lib</file>
         <name>copy_zero_init.c.obj</name>
      </input_file>
      <input_file id="fl-5d">
         <path>C:\ti\ccs1020\ccs\tools\compiler\ti-cgt-msp430_20.2.2.LTS\lib\</path>
         <kind>archive</kind>
         <file>rts430x_lc_rd_eabi.lib</file>
         <name>addd.c.obj</name>
      </input_file>
      <input_file id="fl-5e">
         <path>C:\ti\ccs1020\ccs\tools\compiler\ti-cgt-msp430_20.2.2.LTS\lib\</path>
         <kind>archive</kind>
         <file>rts430x_lc_rd_eabi.lib</file>
         <name>frcaddd.c.obj</name>
      </input_file>
      <input_file id="fl-5f">
         <path>C:\ti\ccs1020\ccs\tools\compiler\ti-cgt-msp430_20.2.2.LTS\lib\</path>
         <kind>archive</kind>
         <file>rts430x_lc_rd_eabi.lib</file>
         <name>renormd.c.obj</name>
      </input_file>
      <input_file id="fl-60">
         <path>C:\ti\ccs1020\ccs\tools\compiler\ti-cgt-msp430_20.2.2.LTS\lib\</path>
         <kind>archive</kind>
         <file>rts430x_lc_rd_eabi.lib</file>
         <name>fs_add.asm.obj</name>
      </input_file>
      <input_file id="fl-61">
         <path>C:\ti\ccs1020\ccs\tools\compiler\ti-cgt-msp430_20.2.2.LTS\lib\</path>
         <kind>archive</kind>
         <file>rts430x_lc_rd_eabi.lib</file>
         <name>fs_cmp.asm.obj</name>
      </input_file>
      <input_file id="fl-62">
         <path>C:\ti\ccs1020\ccs\tools\compiler\ti-cgt-msp430_20.2.2.LTS\lib\</path>
         <kind>archive</kind>
         <file>rts430x_lc_rd_eabi.lib</file>
         <name>cvtdf.c.obj</name>
      </input_file>
      <input_file id="fl-63">
         <path>C:\ti\ccs1020\ccs\tools\compiler\ti-cgt-msp430_20.2.2.LTS\lib\</path>
         <kind>archive</kind>
         <file>rts430x_lc_rd_eabi.lib</file>
         <name>cvtfd.c.obj</name>
      </input_file>
      <input_file id="fl-64">
         <path>C:\ti\ccs1020\ccs\tools\compiler\ti-cgt-msp430_20.2.2.LTS\lib\</path>
         <kind>archive</kind>
         <file>rts430x_lc_rd_eabi.lib</file>
         <name>divd.c.obj</name>
      </input_file>
      <input_file id="fl-65">
         <path>C:\ti\ccs1020\ccs\tools\compiler\ti-cgt-msp430_20.2.2.LTS\lib\</path>
         <kind>archive</kind>
         <file>rts430x_lc_rd_eabi.lib</file>
         <name>frcdivd.c.obj</name>
      </input_file>
      <input_file id="fl-66">
         <path>C:\ti\ccs1020\ccs\tools\compiler\ti-cgt-msp430_20.2.2.LTS\lib\</path>
         <kind>archive</kind>
         <file>rts430x_lc_rd_eabi.lib</file>
         <name>fs_div.asm.obj</name>
      </input_file>
      <input_file id="fl-67">
         <path>C:\ti\ccs1020\ccs\tools\compiler\ti-cgt-msp430_20.2.2.LTS\lib\</path>
         <kind>archive</kind>
         <file>rts430x_lc_rd_eabi.lib</file>
         <name>div16s.asm.obj</name>
      </input_file>
      <input_file id="fl-68">
         <path>C:\ti\ccs1020\ccs\tools\compiler\ti-cgt-msp430_20.2.2.LTS\lib\</path>
         <kind>archive</kind>
         <file>rts430x_lc_rd_eabi.lib</file>
         <name>div32s.asm.obj</name>
      </input_file>
      <input_file id="fl-69">
         <path>C:\ti\ccs1020\ccs\tools\compiler\ti-cgt-msp430_20.2.2.LTS\lib\</path>
         <kind>archive</kind>
         <file>rts430x_lc_rd_eabi.lib</file>
         <name>div16u.asm.obj</name>
      </input_file>
      <input_file id="fl-6a">
         <path>C:\ti\ccs1020\ccs\tools\compiler\ti-cgt-msp430_20.2.2.LTS\lib\</path>
         <kind>archive</kind>
         <file>rts430x_lc_rd_eabi.lib</file>
         <name>div32u.asm.obj</name>
      </input_file>
      <input_file id="fl-6b">
         <path>C:\ti\ccs1020\ccs\tools\compiler\ti-cgt-msp430_20.2.2.LTS\lib\</path>
         <kind>archive</kind>
         <file>rts430x_lc_rd_eabi.lib</file>
         <name>fltud.c.obj</name>
      </input_file>
      <input_file id="fl-6c">
         <path>C:\ti\ccs1020\ccs\tools\compiler\ti-cgt-msp430_20.2.2.LTS\lib\</path>
         <kind>archive</kind>
         <file>rts430x_lc_rd_eabi.lib</file>
         <name>fs_utof.asm.obj</name>
      </input_file>
      <input_file id="fl-6d">
         <path>C:\ti\ccs1020\ccs\tools\compiler\ti-cgt-msp430_20.2.2.LTS\lib\</path>
         <kind>archive</kind>
         <file>rts430x_lc_rd_eabi.lib</file>
         <name>fltuld.c.obj</name>
      </input_file>
      <input_file id="fl-6e">
         <path>C:\ti\ccs1020\ccs\tools\compiler\ti-cgt-msp430_20.2.2.LTS\lib\</path>
         <kind>archive</kind>
         <file>rts430x_lc_rd_eabi.lib</file>
         <name>mpyd.c.obj</name>
      </input_file>
      <input_file id="fl-6f">
         <path>C:\ti\ccs1020\ccs\tools\compiler\ti-cgt-msp430_20.2.2.LTS\lib\</path>
         <kind>archive</kind>
         <file>rts430x_lc_rd_eabi.lib</file>
         <name>frcmpyd.c.obj</name>
      </input_file>
      <input_file id="fl-70">
         <path>C:\ti\ccs1020\ccs\tools\compiler\ti-cgt-msp430_20.2.2.LTS\lib\</path>
         <kind>archive</kind>
         <file>rts430x_lc_rd_eabi.lib</file>
         <name>fs_mpy.asm.obj</name>
      </input_file>
      <input_file id="fl-71">
         <path>C:\ti\ccs1020\ccs\tools\compiler\ti-cgt-msp430_20.2.2.LTS\lib\</path>
         <kind>archive</kind>
         <file>rts430x_lc_rd_eabi.lib</file>
         <name>mult16.asm.obj</name>
      </input_file>
      <input_file id="fl-72">
         <path>C:\ti\ccs1020\ccs\tools\compiler\ti-cgt-msp430_20.2.2.LTS\lib\</path>
         <kind>archive</kind>
         <file>rts430x_lc_rd_eabi.lib</file>
         <name>mult16_f5hw.asm.obj</name>
      </input_file>
      <input_file id="fl-73">
         <path>C:\ti\ccs1020\ccs\tools\compiler\ti-cgt-msp430_20.2.2.LTS\lib\</path>
         <kind>archive</kind>
         <file>rts430x_lc_rd_eabi.lib</file>
         <name>mult32.asm.obj</name>
      </input_file>
      <input_file id="fl-74">
         <path>C:\ti\ccs1020\ccs\tools\compiler\ti-cgt-msp430_20.2.2.LTS\lib\</path>
         <kind>archive</kind>
         <file>rts430x_lc_rd_eabi.lib</file>
         <name>mult32_f5hw.asm.obj</name>
      </input_file>
      <input_file id="fl-75">
         <path>C:\ti\ccs1020\ccs\tools\compiler\ti-cgt-msp430_20.2.2.LTS\lib\</path>
         <kind>archive</kind>
         <file>rts430x_lc_rd_eabi.lib</file>
         <name>mult64_f5hw.asm.obj</name>
      </input_file>
      <input_file id="fl-76">
         <path>C:\ti\ccs1020\ccs\tools\compiler\ti-cgt-msp430_20.2.2.LTS\lib\</path>
         <kind>archive</kind>
         <file>rts430x_lc_rd_eabi.lib</file>
         <name>mult1632_f5hw.asm.obj</name>
      </input_file>
      <input_file id="fl-77">
         <path>C:\ti\ccs1020\ccs\tools\compiler\ti-cgt-msp430_20.2.2.LTS\lib\</path>
         <kind>archive</kind>
         <file>rts430x_lc_rd_eabi.lib</file>
         <name>mult3264_f5hw.asm.obj</name>
      </input_file>
      <input_file id="fl-78">
         <path>C:\ti\ccs1020\ccs\tools\compiler\ti-cgt-msp430_20.2.2.LTS\lib\</path>
         <kind>archive</kind>
         <file>rts430x_lc_rd_eabi.lib</file>
         <name>lsl16.asm.obj</name>
      </input_file>
      <input_file id="fl-79">
         <path>C:\ti\ccs1020\ccs\tools\compiler\ti-cgt-msp430_20.2.2.LTS\lib\</path>
         <kind>archive</kind>
         <file>rts430x_lc_rd_eabi.lib</file>
         <name>lsl32.asm.obj</name>
      </input_file>
      <input_file id="fl-7a">
         <path>C:\ti\ccs1020\ccs\tools\compiler\ti-cgt-msp430_20.2.2.LTS\lib\</path>
         <kind>archive</kind>
         <file>rts430x_lc_rd_eabi.lib</file>
         <name>asr32.asm.obj</name>
      </input_file>
      <input_file id="fl-7b">
         <path>C:\ti\ccs1020\ccs\tools\compiler\ti-cgt-msp430_20.2.2.LTS\lib\</path>
         <kind>archive</kind>
         <file>rts430x_lc_rd_eabi.lib</file>
         <name>lsr32.asm.obj</name>
      </input_file>
      <input_file id="fl-7c">
         <path>C:\ti\ccs1020\ccs\tools\compiler\ti-cgt-msp430_20.2.2.LTS\lib\</path>
         <kind>archive</kind>
         <file>rts430x_lc_rd_eabi.lib</file>
         <name>lsr64.c.obj</name>
      </input_file>
      <input_file id="fl-7d">
         <path>C:\ti\ccs1020\ccs\tools\compiler\ti-cgt-msp430_20.2.2.LTS\lib\</path>
         <kind>archive</kind>
         <file>rts430x_lc_rd_eabi.lib</file>
         <name>subd.c.obj</name>
      </input_file>
      <input_file id="fl-7e">
         <path>C:\ti\ccs1020\ccs\tools\compiler\ti-cgt-msp430_20.2.2.LTS\lib\</path>
         <kind>archive</kind>
         <file>rts430x_lc_rd_eabi.lib</file>
         <name>boot.c.obj</name>
      </input_file>
      <input_file id="fl-7f">
         <path>C:\ti\ccs1020\ccs\ccs_base\msp430\lib\FR2xx\</path>
         <kind>archive</kind>
         <file>FRWP_INIT_LIB_CCS_msp430_large_code_restricted_data.lib</file>
         <name>frwp_init.obj</name>
      </input_file>
      <input_file id="fl-80">
         <path>C:\ti\ccs1020\ccs\tools\compiler\ti-cgt-msp430_20.2.2.LTS\lib\</path>
         <kind>archive</kind>
         <file>rts430x_lc_rd_eabi.lib</file>
         <name>args_main.c.obj</name>
      </input_file>
      <input_file id="fl-81">
         <path>C:\ti\ccs1020\ccs\tools\compiler\ti-cgt-msp430_20.2.2.LTS\lib\</path>
         <kind>archive</kind>
         <file>rts430x_lc_rd_eabi.lib</file>
         <name>autoinit.c.obj</name>
      </input_file>
      <input_file id="fl-82">
         <path>C:\ti\ccs1020\ccs\tools\compiler\ti-cgt-msp430_20.2.2.LTS\lib\</path>
         <kind>archive</kind>
         <file>rts430x_lc_rd_eabi.lib</file>
         <name>startup.c.obj</name>
      </input_file>
      <input_file id="fl-83">
         <path>C:\ti\ccs1020\ccs\tools\compiler\ti-cgt-msp430_20.2.2.LTS\lib\</path>
         <kind>archive</kind>
         <file>rts430x_lc_rd_eabi.lib</file>
         <name>pre_init.c.obj</name>
      </input_file>
      <input_file id="fl-84">
         <path>C:\ti\ccs1020\ccs\tools\compiler\ti-cgt-msp430_20.2.2.LTS\lib\</path>
         <kind>archive</kind>
         <file>rts430x_lc_rd_eabi.lib</file>
         <name>cpy_tbl.c.obj</name>
      </input_file>
      <input_file id="fl-85">
         <path>C:\ti\ccs1020\ccs\tools\compiler\ti-cgt-msp430_20.2.2.LTS\lib\</path>
         <kind>archive</kind>
         <file>rts430x_lc_rd_eabi.lib</file>
         <name>exit.c.obj</name>
      </input_file>
      <input_file id="fl-86">
         <path>C:\ti\ccs1020\ccs\tools\compiler\ti-cgt-msp430_20.2.2.LTS\lib\</path>
         <kind>archive</kind>
         <file>rts430x_lc_rd_eabi.lib</file>
         <name>exit_gvars.c.obj</name>
      </input_file>
      <input_file id="fl-87">
         <path>C:\ti\ccs1020\ccs\tools\compiler\ti-cgt-msp430_20.2.2.LTS\lib\</path>
         <kind>archive</kind>
         <file>rts430x_lc_rd_eabi.lib</file>
         <name>_lock.c.obj</name>
      </input_file>
      <input_file id="fl-88">
         <path>C:\ti\ccs1020\ccs\tools\compiler\ti-cgt-msp430_20.2.2.LTS\lib\</path>
         <kind>archive</kind>
         <file>rts430x_lc_rd_eabi.lib</file>
         <name>e_log.c.obj</name>
      </input_file>
      <input_file id="fl-89">
         <path>C:\ti\ccs1020\ccs\tools\compiler\ti-cgt-msp430_20.2.2.LTS\lib\</path>
         <kind>archive</kind>
         <file>rts430x_lc_rd_eabi.lib</file>
         <name>cmpd.c.obj</name>
      </input_file>
      <input_file id="fl-8a">
         <path>C:\ti\ccs1020\ccs\tools\compiler\ti-cgt-msp430_20.2.2.LTS\lib\</path>
         <kind>archive</kind>
         <file>rts430x_lc_rd_eabi.lib</file>
         <name>fltlid.c.obj</name>
      </input_file>
      <input_file id="fl-8b">
         <path>C:\ti\ccs1020\ccs\tools\compiler\ti-cgt-msp430_20.2.2.LTS\lib\</path>
         <kind>archive</kind>
         <file>rts430x_lc_rd_eabi.lib</file>
         <name>errno.c.obj</name>
      </input_file>
      <input_file id="fl-8c">
         <path>C:\ti\ccs1020\ccs\tools\compiler\ti-cgt-msp430_20.2.2.LTS\lib\</path>
         <kind>archive</kind>
         <file>rts430x_lc_rd_eabi.lib</file>
         <name>memcpy.c.obj</name>
      </input_file>
      <input_file id="fl-8d">
         <path>C:\ti\ccs1020\ccs\tools\compiler\ti-cgt-msp430_20.2.2.LTS\lib\</path>
         <kind>archive</kind>
         <file>rts430x_lc_rd_eabi.lib</file>
         <name>memset.c.obj</name>
      </input_file>
   </input_file_list>
   <object_component_list>
      <object_component id="oc-7e7">
         <name>__TI_handler_table</name>
         <load_address>0x8000</load_address>
         <run_address>0x8000</run_address>
         <size>0xc</size>
      </object_component>
      <object_component id="oc-7ea">
         <name>.cinit..data.load</name>
         <load_address>0x800c</load_address>
         <run_address>0x800c</run_address>
         <size>0x7</size>
      </object_component>
      <object_component id="oc-7e9">
         <name>.cinit..bss.load</name>
         <load_address>0x8014</load_address>
         <run_address>0x8014</run_address>
         <size>0x6</size>
      </object_component>
      <object_component id="oc-7e8">
         <name>__TI_cinit_table</name>
         <load_address>0x801a</load_address>
         <run_address>0x801a</run_address>
         <size>0x10</size>
      </object_component>
      <object_component id="oc-787">
         <name>.binit</name>
         <load_address>0x802a</load_address>
         <run_address>0x802a</run_address>
         <size>0x0</size>
      </object_component>
      <object_component id="oc-630">
         <name>.const:$P$T3$4</name>
         <load_address>0x802a</load_address>
         <run_address>0x802a</run_address>
         <size>0x1c</size>
         <input_file_ref idref="fl-20"/>
      </object_component>
      <object_component id="oc-633">
         <name>.const:$P$T4$5</name>
         <load_address>0x8046</load_address>
         <run_address>0x8046</run_address>
         <size>0x1c</size>
         <input_file_ref idref="fl-20"/>
      </object_component>
      <object_component id="oc-636">
         <name>.const:$P$T5$6</name>
         <load_address>0x8062</load_address>
         <run_address>0x8062</run_address>
         <size>0x1c</size>
         <input_file_ref idref="fl-20"/>
      </object_component>
      <object_component id="oc-6bb">
         <name>.const:GPIO_PORT_TO_BASE</name>
         <load_address>0x807e</load_address>
         <run_address>0x807e</run_address>
         <size>0x1c</size>
         <input_file_ref idref="fl-b"/>
      </object_component>
      <object_component id="oc-62c">
         <name>.const:.string:SUBSYSTEM_EN_PINS</name>
         <load_address>0x809a</load_address>
         <run_address>0x809a</run_address>
         <size>0x7</size>
         <input_file_ref idref="fl-1b"/>
      </object_component>
      <object_component id="oc-629">
         <name>.const:.string:SUBSYTEM_EN_PORTS</name>
         <load_address>0x80a2</load_address>
         <run_address>0x80a2</run_address>
         <size>0x7</size>
         <input_file_ref idref="fl-1b"/>
      </object_component>
      <object_component id="oc-609">
         <name>.text:log</name>
         <load_address>0x80aa</load_address>
         <run_address>0x80aa</run_address>
         <size>0x628</size>
         <input_file_ref idref="fl-88"/>
      </object_component>
      <object_component id="oc-506">
         <name>.text:__TI_frcdivd</name>
         <load_address>0x86d2</load_address>
         <run_address>0x86d2</run_address>
         <size>0x466</size>
         <input_file_ref idref="fl-65"/>
      </object_component>
      <object_component id="oc-60f">
         <name>.text:__mspabi_addd</name>
         <load_address>0x8b38</load_address>
         <run_address>0x8b38</run_address>
         <size>0x2e0</size>
         <input_file_ref idref="fl-5d"/>
      </object_component>
      <object_component id="oc-701">
         <name>.text:__TI_frcmpyd</name>
         <load_address>0x8e18</load_address>
         <run_address>0x8e18</run_address>
         <size>0x280</size>
         <input_file_ref idref="fl-6f"/>
      </object_component>
      <object_component id="oc-63f">
         <name>.text:__mspabi_mpyd</name>
         <load_address>0x9098</load_address>
         <run_address>0x9098</run_address>
         <size>0x266</size>
         <input_file_ref idref="fl-6e"/>
      </object_component>
      <object_component id="oc-6e9">
         <name>.text:__TI_frcaddd</name>
         <load_address>0x92fe</load_address>
         <run_address>0x92fe</run_address>
         <size>0x248</size>
         <input_file_ref idref="fl-5e"/>
      </object_component>
      <object_component id="oc-4bd">
         <name>.text:__mspabi_divd</name>
         <load_address>0x9546</load_address>
         <run_address>0x9546</run_address>
         <size>0x222</size>
         <input_file_ref idref="fl-64"/>
      </object_component>
      <object_component id="oc-5bc">
         <name>.text:Init_Ports</name>
         <load_address>0x9768</load_address>
         <run_address>0x9768</run_address>
         <size>0x14e</size>
         <input_file_ref idref="fl-1b"/>
      </object_component>
      <object_component id="oc-549">
         <name>.text:read_load_current</name>
         <load_address>0x98b6</load_address>
         <run_address>0x98b6</run_address>
         <size>0x138</size>
         <input_file_ref idref="fl-20"/>
      </object_component>
      <object_component id="oc-5f9">
         <name>.text</name>
         <load_address>0x99ee</load_address>
         <run_address>0x99ee</run_address>
         <size>0x132</size>
         <input_file_ref idref="fl-60"/>
      </object_component>
      <object_component id="oc-6dd">
         <name>.text:__mspabi_cmpd</name>
         <load_address>0x9b20</load_address>
         <run_address>0x9b20</run_address>
         <size>0xd8</size>
         <input_file_ref idref="fl-89"/>
      </object_component>
      <object_component id="oc-639">
         <name>.text:read_ADC_B</name>
         <load_address>0x9bf8</load_address>
         <run_address>0x9bf8</run_address>
         <size>0xce</size>
         <input_file_ref idref="fl-19"/>
      </object_component>
      <object_component id="oc-5e9">
         <name>.text:read_ADC_A</name>
         <load_address>0x9cc6</load_address>
         <run_address>0x9cc6</run_address>
         <size>0xbe</size>
         <input_file_ref idref="fl-19"/>
      </object_component>
      <object_component id="oc-5fe">
         <name>.text</name>
         <load_address>0x9d84</load_address>
         <run_address>0x9d84</run_address>
         <size>0xb8</size>
         <input_file_ref idref="fl-70"/>
      </object_component>
      <object_component id="oc-534">
         <name>.text:Init_ADC_B</name>
         <load_address>0x9e3c</load_address>
         <run_address>0x9e3c</run_address>
         <size>0xb4</size>
         <input_file_ref idref="fl-19"/>
      </object_component>
      <object_component id="oc-758">
         <name>.text:__TI_renormd</name>
         <load_address>0x9ef0</load_address>
         <run_address>0x9ef0</run_address>
         <size>0xb2</size>
         <input_file_ref idref="fl-5f"/>
      </object_component>
      <object_component id="oc-53a">
         <name>.text:read_temperature</name>
         <load_address>0x9fa2</load_address>
         <run_address>0x9fa2</run_address>
         <size>0xb2</size>
         <input_file_ref idref="fl-20"/>
      </object_component>
      <object_component id="oc-52e">
         <name>.text:Init_ADC_A</name>
         <load_address>0xa054</load_address>
         <run_address>0xa054</run_address>
         <size>0xa0</size>
         <input_file_ref idref="fl-19"/>
      </object_component>
      <object_component id="oc-6d7">
         <name>.text:__mspabi_fltlid</name>
         <load_address>0xa0f4</load_address>
         <run_address>0xa0f4</run_address>
         <size>0x9e</size>
         <input_file_ref idref="fl-8a"/>
      </object_component>
      <object_component id="oc-5f4">
         <name>.text</name>
         <load_address>0xa192</load_address>
         <run_address>0xa192</run_address>
         <size>0x90</size>
         <input_file_ref idref="fl-66"/>
      </object_component>
      <object_component id="oc-61b">
         <name>.text:__mspabi_cvtdf</name>
         <load_address>0xa222</load_address>
         <run_address>0xa222</run_address>
         <size>0x8c</size>
         <input_file_ref idref="fl-62"/>
      </object_component>
      <object_component id="oc-4ff">
         <name>.text:__mspabi_fltuld</name>
         <load_address>0xa2ae</load_address>
         <run_address>0xa2ae</run_address>
         <size>0x80</size>
         <input_file_ref idref="fl-6d"/>
      </object_component>
      <object_component id="oc-68">
         <name>.text:decompress:lzss:__TI_decompress_lzss</name>
         <load_address>0xa32e</load_address>
         <run_address>0xa32e</run_address>
         <size>0x76</size>
         <input_file_ref idref="fl-41"/>
      </object_component>
      <object_component id="oc-694">
         <name>.text:GPIO_setAsPeripheralModuleFunctionInputPin</name>
         <load_address>0xa3a4</load_address>
         <run_address>0xa3a4</run_address>
         <size>0x72</size>
         <input_file_ref idref="fl-b"/>
      </object_component>
      <object_component id="oc-68e">
         <name>.text:GPIO_setAsPeripheralModuleFunctionOutputPin</name>
         <load_address>0xa416</load_address>
         <run_address>0xa416</run_address>
         <size>0x72</size>
         <input_file_ref idref="fl-b"/>
      </object_component>
      <object_component id="oc-603">
         <name>.text:__mspabi_cvtfd</name>
         <load_address>0xa488</load_address>
         <run_address>0xa488</run_address>
         <size>0x64</size>
         <input_file_ref idref="fl-63"/>
      </object_component>
      <object_component id="oc-4d3">
         <name>.text:main</name>
         <load_address>0xa4ec</load_address>
         <run_address>0xa4ec</run_address>
         <size>0x5c</size>
         <input_file_ref idref="fl-20"/>
      </object_component>
      <object_component id="oc-543">
         <name>.text:setLoads</name>
         <load_address>0xa548</load_address>
         <run_address>0xa548</run_address>
         <size>0x5c</size>
         <input_file_ref idref="fl-1b"/>
      </object_component>
      <object_component id="oc-574">
         <name>.text:__TI_auto_init_nobinit_nopinit_hold_wdt:__TI_auto_init_nobinit_nopinit_hold_wdt</name>
         <load_address>0xa5a4</load_address>
         <run_address>0xa5a4</run_address>
         <size>0x54</size>
         <input_file_ref idref="fl-81"/>
      </object_component>
      <object_component id="oc-522">
         <name>.text:Init_interrupts</name>
         <load_address>0xa5f8</load_address>
         <run_address>0xa5f8</run_address>
         <size>0x52</size>
         <input_file_ref idref="fl-20"/>
      </object_component>
      <object_component id="oc-6a1">
         <name>.text:Init_SPIA0</name>
         <load_address>0xa64a</load_address>
         <run_address>0xa64a</run_address>
         <size>0x4e</size>
         <input_file_ref idref="fl-1f"/>
      </object_component>
      <object_component id="oc-69a">
         <name>.text:GPIO_setAsInputPinWithPullUpResistor</name>
         <load_address>0xa698</load_address>
         <run_address>0xa698</run_address>
         <size>0x4a</size>
         <input_file_ref idref="fl-b"/>
      </object_component>
      <object_component id="oc-645">
         <name>.text</name>
         <load_address>0xa6e2</load_address>
         <run_address>0xa6e2</run_address>
         <size>0x4a</size>
         <input_file_ref idref="fl-61"/>
      </object_component>
      <object_component id="oc-6b3">
         <name>.text:Init_SPIB1</name>
         <load_address>0xa72c</load_address>
         <run_address>0xa72c</run_address>
         <size>0x40</size>
         <input_file_ref idref="fl-1f"/>
      </object_component>
      <object_component id="oc-6a7">
         <name>.text:Init_SPIA1</name>
         <load_address>0xa76c</load_address>
         <run_address>0xa76c</run_address>
         <size>0x3e</size>
         <input_file_ref idref="fl-1f"/>
      </object_component>
      <object_component id="oc-5a5">
         <name>.text:l_asr_const</name>
         <load_address>0xa7aa</load_address>
         <run_address>0xa7aa</run_address>
         <size>0x3e</size>
         <input_file_ref idref="fl-7a"/>
      </object_component>
      <object_component id="oc-594">
         <name>.text:l_lsl_const</name>
         <load_address>0xa7e8</load_address>
         <run_address>0xa7e8</run_address>
         <size>0x3e</size>
         <input_file_ref idref="fl-79"/>
      </object_component>
      <object_component id="oc-599">
         <name>.text:l_lsr_const</name>
         <load_address>0xa826</load_address>
         <run_address>0xa826</run_address>
         <size>0x3e</size>
         <input_file_ref idref="fl-7b"/>
      </object_component>
      <object_component id="oc-4e5">
         <name>.text:__mpu_init</name>
         <load_address>0xa864</load_address>
         <run_address>0xa864</run_address>
         <size>0x3c</size>
         <input_file_ref idref="fl-7f"/>
      </object_component>
      <object_component id="oc-5cf">
         <name>.text:GPIO_setAsOutputPin</name>
         <load_address>0xa8a0</load_address>
         <run_address>0xa8a0</run_address>
         <size>0x34</size>
         <input_file_ref idref="fl-b"/>
      </object_component>
      <object_component id="oc-6ad">
         <name>.text:Init_SPIB0</name>
         <load_address>0xa8d4</load_address>
         <run_address>0xa8d4</run_address>
         <size>0x32</size>
         <input_file_ref idref="fl-1f"/>
      </object_component>
      <object_component id="oc-615">
         <name>.text:__mspabi_subd</name>
         <load_address>0xa906</load_address>
         <run_address>0xa906</run_address>
         <size>0x32</size>
         <input_file_ref idref="fl-7d"/>
      </object_component>
      <object_component id="oc-466">
         <name>.text:decompress:ZI:__TI_zero_init_nomemset:__TI_zero_init_nomemset</name>
         <load_address>0xa938</load_address>
         <run_address>0xa938</run_address>
         <size>0x24</size>
         <input_file_ref idref="fl-5c"/>
      </object_component>
      <object_component id="oc-5ef">
         <name>.text</name>
         <load_address>0xa95c</load_address>
         <run_address>0xa95c</run_address>
         <size>0x24</size>
         <input_file_ref idref="fl-6c"/>
      </object_component>
      <object_component id="oc-5a0">
         <name>.text</name>
         <load_address>0xa980</load_address>
         <run_address>0xa980</run_address>
         <size>0x24</size>
         <input_file_ref idref="fl-74"/>
      </object_component>
      <object_component id="oc-5e1">
         <name>.text:GPIO_setOutputHighOnPin</name>
         <load_address>0xa9a4</load_address>
         <run_address>0xa9a4</run_address>
         <size>0x1c</size>
         <input_file_ref idref="fl-b"/>
      </object_component>
      <object_component id="oc-5d5">
         <name>.text:GPIO_setOutputLowOnPin</name>
         <load_address>0xa9c0</load_address>
         <run_address>0xa9c0</run_address>
         <size>0x1c</size>
         <input_file_ref idref="fl-b"/>
      </object_component>
      <object_component id="oc-5aa">
         <name>.text</name>
         <load_address>0xa9dc</load_address>
         <run_address>0xa9dc</run_address>
         <size>0x18</size>
         <input_file_ref idref="fl-72"/>
      </object_component>
      <object_component id="oc-5c2">
         <name>.text:Init_SPI</name>
         <load_address>0xa9f4</load_address>
         <run_address>0xa9f4</run_address>
         <size>0x16</size>
         <input_file_ref idref="fl-1f"/>
      </object_component>
      <object_component id="oc-51c">
         <name>.text:WDT_A_hold</name>
         <load_address>0xaa0a</load_address>
         <run_address>0xaa0a</run_address>
         <size>0x16</size>
         <input_file_ref idref="fl-18"/>
      </object_component>
      <object_component id="oc-516">
         <name>.text:memset</name>
         <load_address>0xaa20</load_address>
         <run_address>0xaa20</run_address>
         <size>0x16</size>
         <input_file_ref idref="fl-8d"/>
      </object_component>
      <object_component id="oc-448">
         <name>.text:memcpy</name>
         <load_address>0xaa36</load_address>
         <run_address>0xaa36</run_address>
         <size>0x14</size>
         <input_file_ref idref="fl-8c"/>
      </object_component>
      <object_component id="oc-6e">
         <name>.text:decompress:none:__TI_decompress_none</name>
         <load_address>0xaa4a</load_address>
         <run_address>0xaa4a</run_address>
         <size>0x12</size>
         <input_file_ref idref="fl-42"/>
      </object_component>
      <object_component id="oc-753">
         <name>.text:l_asr</name>
         <load_address>0xaa5c</load_address>
         <run_address>0xaa5c</run_address>
         <size>0x10</size>
         <input_file_ref idref="fl-7a"/>
      </object_component>
      <object_component id="oc-749">
         <name>.text:l_lsl</name>
         <load_address>0xaa6c</load_address>
         <run_address>0xaa6c</run_address>
         <size>0x10</size>
         <input_file_ref idref="fl-79"/>
      </object_component>
      <object_component id="oc-74e">
         <name>.text:l_lsr</name>
         <load_address>0xaa7c</load_address>
         <run_address>0xaa7c</run_address>
         <size>0x10</size>
         <input_file_ref idref="fl-7b"/>
      </object_component>
      <object_component id="oc-528">
         <name>.text:Init_GPIO</name>
         <load_address>0xaa8c</load_address>
         <run_address>0xaa8c</run_address>
         <size>0xe</size>
         <input_file_ref idref="fl-20"/>
      </object_component>
      <object_component id="oc-5db">
         <name>.text:EUSCI_B_SPI_transmitData</name>
         <load_address>0xaa9a</load_address>
         <run_address>0xaa9a</run_address>
         <size>0xc</size>
         <input_file_ref idref="fl-9"/>
      </object_component>
      <object_component id="oc-6c2">
         <name>.text:EUSCI_B_SPI_receiveData</name>
         <load_address>0xaaa6</load_address>
         <run_address>0xaaa6</run_address>
         <size>0xa</size>
         <input_file_ref idref="fl-9"/>
      </object_component>
      <object_component id="oc-5c8">
         <name>.text:PMM_unlockLPM5</name>
         <load_address>0xaab0</load_address>
         <run_address>0xaab0</run_address>
         <size>0x8</size>
         <input_file_ref idref="fl-f"/>
      </object_component>
      <object_component id="oc-4b7">
         <name>.text:__mspabi_fltud</name>
         <load_address>0xaab8</load_address>
         <run_address>0xaab8</run_address>
         <size>0x6</size>
         <input_file_ref idref="fl-6b"/>
      </object_component>
      <object_component id="oc-550">
         <name>.text:abort</name>
         <load_address>0xaabe</load_address>
         <run_address>0xaabe</run_address>
         <size>0x6</size>
         <input_file_ref idref="fl-85"/>
      </object_component>
      <object_component id="oc-4cd">
         <name>.text:_system_pre_init</name>
         <load_address>0xaac4</load_address>
         <run_address>0xaac4</run_address>
         <size>0x4</size>
         <input_file_ref idref="fl-83"/>
      </object_component>
      <object_component id="oc-65d">
         <name>.text:_system_post_cinit</name>
         <load_address>0xaac8</load_address>
         <run_address>0xaac8</run_address>
         <size>0x2</size>
         <input_file_ref idref="fl-82"/>
      </object_component>
      <object_component id="oc-45a">
         <name>.text:_isr:ISR_Port4_S5</name>
         <load_address>0xaaca</load_address>
         <run_address>0xaaca</run_address>
         <size>0xa6</size>
         <input_file_ref idref="fl-20"/>
      </object_component>
      <object_component id="oc-460">
         <name>.text:_isr:ISR_TB0_Overflow</name>
         <load_address>0xab70</load_address>
         <run_address>0xab70</run_address>
         <size>0x22</size>
         <input_file_ref idref="fl-20"/>
      </object_component>
      <object_component id="oc-490">
         <name>.text:_isr:_c_int00_noargs_mpu</name>
         <load_address>0xab92</load_address>
         <run_address>0xab92</run_address>
         <size>0x20</size>
         <input_file_ref idref="fl-7e"/>
      </object_component>
      <object_component id="oc-455">
         <name>.text:_isr:__TI_ISR_TRAP</name>
         <load_address>0xabb2</load_address>
         <run_address>0xabb2</run_address>
         <size>0x8</size>
         <input_file_ref idref="fl-44"/>
      </object_component>
      <object_component id="oc-540">
         <name>.common:temp_tmp</name>
         <uninitialized>true</uninitialized>
         <run_address>0x2010</run_address>
         <size>0x4</size>
      </object_component>
      <object_component id="oc-4b4">
         <name>.data</name>
         <load_address>0x2000</load_address>
         <run_address>0x2000</run_address>
         <size>0xe</size>
         <input_file_ref idref="fl-20"/>
      </object_component>
      <object_component id="oc-6d4">
         <name>.data</name>
         <load_address>0x200e</load_address>
         <run_address>0x200e</run_address>
         <size>0x2</size>
         <input_file_ref idref="fl-8b"/>
      </object_component>
      <object_component id="oc-439">
         <name>.stack</name>
         <uninitialized>true</uninitialized>
         <run_address>0x2f60</run_address>
         <size>0x4</size>
         <input_file_ref idref="fl-7e"/>
      </object_component>
      <object_component id="oc-7eb">
         <name>.stack</name>
         <uninitialized>true</uninitialized>
         <run_address>0x2f60</run_address>
         <size>0x0</size>
      </object_component>
      <object_component id="oc-74">
         <name>.int20</name>
         <load_address>0xffca</load_address>
         <run_address>0xffca</run_address>
         <size>0x2</size>
         <input_file_ref idref="fl-43"/>
      </object_component>
      <object_component id="oc-75">
         <name>.int21</name>
         <load_address>0xffcc</load_address>
         <run_address>0xffcc</run_address>
         <size>0x2</size>
         <input_file_ref idref="fl-45"/>
      </object_component>
      <object_component id="oc-76">
         <name>.int22</name>
         <load_address>0xffce</load_address>
         <run_address>0xffce</run_address>
         <size>0x2</size>
         <input_file_ref idref="fl-46"/>
      </object_component>
      <object_component id="oc-77">
         <name>.int23</name>
         <load_address>0xffd0</load_address>
         <run_address>0xffd0</run_address>
         <size>0x2</size>
         <input_file_ref idref="fl-20"/>
      </object_component>
      <object_component id="oc-78">
         <name>.int24</name>
         <load_address>0xffd2</load_address>
         <run_address>0xffd2</run_address>
         <size>0x2</size>
         <input_file_ref idref="fl-47"/>
      </object_component>
      <object_component id="oc-79">
         <name>.int25</name>
         <load_address>0xffd4</load_address>
         <run_address>0xffd4</run_address>
         <size>0x2</size>
         <input_file_ref idref="fl-48"/>
      </object_component>
      <object_component id="oc-7a">
         <name>.int26</name>
         <load_address>0xffd6</load_address>
         <run_address>0xffd6</run_address>
         <size>0x2</size>
         <input_file_ref idref="fl-49"/>
      </object_component>
      <object_component id="oc-7b">
         <name>.int27</name>
         <load_address>0xffd8</load_address>
         <run_address>0xffd8</run_address>
         <size>0x2</size>
         <input_file_ref idref="fl-4a"/>
      </object_component>
      <object_component id="oc-7c">
         <name>.int28</name>
         <load_address>0xffda</load_address>
         <run_address>0xffda</run_address>
         <size>0x2</size>
         <input_file_ref idref="fl-4b"/>
      </object_component>
      <object_component id="oc-7d">
         <name>.int29</name>
         <load_address>0xffdc</load_address>
         <run_address>0xffdc</run_address>
         <size>0x2</size>
         <input_file_ref idref="fl-4c"/>
      </object_component>
      <object_component id="oc-7e">
         <name>.int30</name>
         <load_address>0xffde</load_address>
         <run_address>0xffde</run_address>
         <size>0x2</size>
         <input_file_ref idref="fl-4d"/>
      </object_component>
      <object_component id="oc-7f">
         <name>.int31</name>
         <load_address>0xffe0</load_address>
         <run_address>0xffe0</run_address>
         <size>0x2</size>
         <input_file_ref idref="fl-4e"/>
      </object_component>
      <object_component id="oc-80">
         <name>.int32</name>
         <load_address>0xffe2</load_address>
         <run_address>0xffe2</run_address>
         <size>0x2</size>
         <input_file_ref idref="fl-4f"/>
      </object_component>
      <object_component id="oc-81">
         <name>.int33</name>
         <load_address>0xffe4</load_address>
         <run_address>0xffe4</run_address>
         <size>0x2</size>
         <input_file_ref idref="fl-50"/>
      </object_component>
      <object_component id="oc-82">
         <name>.int34</name>
         <load_address>0xffe6</load_address>
         <run_address>0xffe6</run_address>
         <size>0x2</size>
         <input_file_ref idref="fl-20"/>
      </object_component>
      <object_component id="oc-83">
         <name>.int35</name>
         <load_address>0xffe8</load_address>
         <run_address>0xffe8</run_address>
         <size>0x2</size>
         <input_file_ref idref="fl-51"/>
      </object_component>
      <object_component id="oc-84">
         <name>.int36</name>
         <load_address>0xffea</load_address>
         <run_address>0xffea</run_address>
         <size>0x2</size>
         <input_file_ref idref="fl-52"/>
      </object_component>
      <object_component id="oc-85">
         <name>.int37</name>
         <load_address>0xffec</load_address>
         <run_address>0xffec</run_address>
         <size>0x2</size>
         <input_file_ref idref="fl-53"/>
      </object_component>
      <object_component id="oc-86">
         <name>.int38</name>
         <load_address>0xffee</load_address>
         <run_address>0xffee</run_address>
         <size>0x2</size>
         <input_file_ref idref="fl-54"/>
      </object_component>
      <object_component id="oc-87">
         <name>.int39</name>
         <load_address>0xfff0</load_address>
         <run_address>0xfff0</run_address>
         <size>0x2</size>
         <input_file_ref idref="fl-55"/>
      </object_component>
      <object_component id="oc-88">
         <name>.int40</name>
         <load_address>0xfff2</load_address>
         <run_address>0xfff2</run_address>
         <size>0x2</size>
         <input_file_ref idref="fl-56"/>
      </object_component>
      <object_component id="oc-89">
         <name>.int41</name>
         <load_address>0xfff4</load_address>
         <run_address>0xfff4</run_address>
         <size>0x2</size>
         <input_file_ref idref="fl-57"/>
      </object_component>
      <object_component id="oc-8a">
         <name>.int42</name>
         <load_address>0xfff6</load_address>
         <run_address>0xfff6</run_address>
         <size>0x2</size>
         <input_file_ref idref="fl-58"/>
      </object_component>
      <object_component id="oc-8b">
         <name>.int43</name>
         <load_address>0xfff8</load_address>
         <run_address>0xfff8</run_address>
         <size>0x2</size>
         <input_file_ref idref="fl-59"/>
      </object_component>
      <object_component id="oc-8c">
         <name>.int44</name>
         <load_address>0xfffa</load_address>
         <run_address>0xfffa</run_address>
         <size>0x2</size>
         <input_file_ref idref="fl-5a"/>
      </object_component>
      <object_component id="oc-8d">
         <name>.int45</name>
         <load_address>0xfffc</load_address>
         <run_address>0xfffc</run_address>
         <size>0x2</size>
         <input_file_ref idref="fl-5b"/>
      </object_component>
      <object_component id="oc-43c">
         <name>.reset</name>
         <load_address>0xfffe</load_address>
         <run_address>0xfffe</run_address>
         <size>0x2</size>
         <input_file_ref idref="fl-7e"/>
      </object_component>
      <object_component id="oc-6f4">
         <name>.debug_info</name>
         <load_address>0x0</load_address>
         <run_address>0x0</run_address>
         <size>0x196</size>
         <input_file_ref idref="fl-2"/>
      </object_component>
      <object_component id="oc-624">
         <name>.debug_info</name>
         <load_address>0x196</load_address>
         <run_address>0x196</run_address>
         <size>0x26b</size>
         <input_file_ref idref="fl-2"/>
      </object_component>
      <object_component id="oc-4fa">
         <name>.debug_info</name>
         <load_address>0x401</load_address>
         <run_address>0x401</run_address>
         <size>0x8b</size>
         <input_file_ref idref="fl-2"/>
      </object_component>
      <object_component id="oc-689">
         <name>.debug_info</name>
         <load_address>0x48c</load_address>
         <run_address>0x48c</run_address>
         <size>0x282</size>
         <input_file_ref idref="fl-2"/>
      </object_component>
      <object_component id="oc-5b6">
         <name>.debug_info</name>
         <load_address>0x70e</load_address>
         <run_address>0x70e</run_address>
         <size>0xbb</size>
         <input_file_ref idref="fl-2"/>
      </object_component>
      <object_component id="oc-443">
         <name>.debug_info</name>
         <load_address>0x7c9</load_address>
         <run_address>0x7c9</run_address>
         <size>0x84</size>
         <input_file_ref idref="fl-3"/>
      </object_component>
      <object_component id="oc-5dc">
         <name>.debug_info</name>
         <load_address>0x84d</load_address>
         <run_address>0x84d</run_address>
         <size>0x220</size>
         <input_file_ref idref="fl-9"/>
      </object_component>
      <object_component id="oc-6c3">
         <name>.debug_info</name>
         <load_address>0xa6d</load_address>
         <run_address>0xa6d</run_address>
         <size>0x1e0</size>
         <input_file_ref idref="fl-9"/>
      </object_component>
      <object_component id="oc-73b">
         <name>.debug_info</name>
         <load_address>0xc4d</load_address>
         <run_address>0xc4d</run_address>
         <size>0x1af</size>
         <input_file_ref idref="fl-b"/>
      </object_component>
      <object_component id="oc-6bc">
         <name>.debug_info</name>
         <load_address>0xdfc</load_address>
         <run_address>0xdfc</run_address>
         <size>0x13d</size>
         <input_file_ref idref="fl-b"/>
      </object_component>
      <object_component id="oc-5d6">
         <name>.debug_info</name>
         <load_address>0xf39</load_address>
         <run_address>0xf39</run_address>
         <size>0x24c</size>
         <input_file_ref idref="fl-b"/>
      </object_component>
      <object_component id="oc-5e2">
         <name>.debug_info</name>
         <load_address>0x1185</load_address>
         <run_address>0x1185</run_address>
         <size>0x24c</size>
         <input_file_ref idref="fl-b"/>
      </object_component>
      <object_component id="oc-68f">
         <name>.debug_info</name>
         <load_address>0x13d1</load_address>
         <run_address>0x13d1</run_address>
         <size>0x295</size>
         <input_file_ref idref="fl-b"/>
      </object_component>
      <object_component id="oc-695">
         <name>.debug_info</name>
         <load_address>0x1666</load_address>
         <run_address>0x1666</run_address>
         <size>0x293</size>
         <input_file_ref idref="fl-b"/>
      </object_component>
      <object_component id="oc-5d0">
         <name>.debug_info</name>
         <load_address>0x18f9</load_address>
         <run_address>0x18f9</run_address>
         <size>0x243</size>
         <input_file_ref idref="fl-b"/>
      </object_component>
      <object_component id="oc-69b">
         <name>.debug_info</name>
         <load_address>0x1b3c</load_address>
         <run_address>0x1b3c</run_address>
         <size>0x268</size>
         <input_file_ref idref="fl-b"/>
      </object_component>
      <object_component id="oc-5c9">
         <name>.debug_info</name>
         <load_address>0x1da4</load_address>
         <run_address>0x1da4</run_address>
         <size>0x193</size>
         <input_file_ref idref="fl-f"/>
      </object_component>
      <object_component id="oc-51e">
         <name>.debug_info</name>
         <load_address>0x1f37</load_address>
         <run_address>0x1f37</run_address>
         <size>0x1f0</size>
         <input_file_ref idref="fl-18"/>
      </object_component>
      <object_component id="oc-6c9">
         <name>.debug_info</name>
         <load_address>0x2127</load_address>
         <run_address>0x2127</run_address>
         <size>0x34b</size>
         <input_file_ref idref="fl-19"/>
      </object_component>
      <object_component id="oc-63a">
         <name>.debug_info</name>
         <load_address>0x2472</load_address>
         <run_address>0x2472</run_address>
         <size>0x35e</size>
         <input_file_ref idref="fl-19"/>
      </object_component>
      <object_component id="oc-5eb">
         <name>.debug_info</name>
         <load_address>0x27d0</load_address>
         <run_address>0x27d0</run_address>
         <size>0x35e</size>
         <input_file_ref idref="fl-19"/>
      </object_component>
      <object_component id="oc-536">
         <name>.debug_info</name>
         <load_address>0x2b2e</load_address>
         <run_address>0x2b2e</run_address>
         <size>0x294</size>
         <input_file_ref idref="fl-19"/>
      </object_component>
      <object_component id="oc-530">
         <name>.debug_info</name>
         <load_address>0x2dc2</load_address>
         <run_address>0x2dc2</run_address>
         <size>0x294</size>
         <input_file_ref idref="fl-19"/>
      </object_component>
      <object_component id="oc-6f7">
         <name>.debug_info</name>
         <load_address>0x3056</load_address>
         <run_address>0x3056</run_address>
         <size>0x3bf</size>
         <input_file_ref idref="fl-1b"/>
      </object_component>
      <object_component id="oc-62a">
         <name>.debug_info</name>
         <load_address>0x3415</load_address>
         <run_address>0x3415</run_address>
         <size>0x13d</size>
         <input_file_ref idref="fl-1b"/>
      </object_component>
      <object_component id="oc-62d">
         <name>.debug_info</name>
         <load_address>0x3552</load_address>
         <run_address>0x3552</run_address>
         <size>0x13d</size>
         <input_file_ref idref="fl-1b"/>
      </object_component>
      <object_component id="oc-544">
         <name>.debug_info</name>
         <load_address>0x368f</load_address>
         <run_address>0x368f</run_address>
         <size>0x210</size>
         <input_file_ref idref="fl-1b"/>
      </object_component>
      <object_component id="oc-5bd">
         <name>.debug_info</name>
         <load_address>0x389f</load_address>
         <run_address>0x389f</run_address>
         <size>0x543</size>
         <input_file_ref idref="fl-1b"/>
      </object_component>
      <object_component id="oc-6b4">
         <name>.debug_info</name>
         <load_address>0x3de2</load_address>
         <run_address>0x3de2</run_address>
         <size>0x17c</size>
         <input_file_ref idref="fl-1f"/>
      </object_component>
      <object_component id="oc-6ae">
         <name>.debug_info</name>
         <load_address>0x3f5e</load_address>
         <run_address>0x3f5e</run_address>
         <size>0x17c</size>
         <input_file_ref idref="fl-1f"/>
      </object_component>
      <object_component id="oc-6a8">
         <name>.debug_info</name>
         <load_address>0x40da</load_address>
         <run_address>0x40da</run_address>
         <size>0x17c</size>
         <input_file_ref idref="fl-1f"/>
      </object_component>
      <object_component id="oc-6a2">
         <name>.debug_info</name>
         <load_address>0x4256</load_address>
         <run_address>0x4256</run_address>
         <size>0x17c</size>
         <input_file_ref idref="fl-1f"/>
      </object_component>
      <object_component id="oc-5c3">
         <name>.debug_info</name>
         <load_address>0x43d2</load_address>
         <run_address>0x43d2</run_address>
         <size>0x1d1</size>
         <input_file_ref idref="fl-1f"/>
      </object_component>
      <object_component id="oc-541">
         <name>.debug_info</name>
         <load_address>0x45a3</load_address>
         <run_address>0x45a3</run_address>
         <size>0x468</size>
         <input_file_ref idref="fl-20"/>
      </object_component>
      <object_component id="oc-4b5">
         <name>.debug_info</name>
         <load_address>0x4a0b</load_address>
         <run_address>0x4a0b</run_address>
         <size>0x16f</size>
         <input_file_ref idref="fl-20"/>
      </object_component>
      <object_component id="oc-631">
         <name>.debug_info</name>
         <load_address>0x4b7a</load_address>
         <run_address>0x4b7a</run_address>
         <size>0x113</size>
         <input_file_ref idref="fl-20"/>
      </object_component>
      <object_component id="oc-634">
         <name>.debug_info</name>
         <load_address>0x4c8d</load_address>
         <run_address>0x4c8d</run_address>
         <size>0x113</size>
         <input_file_ref idref="fl-20"/>
      </object_component>
      <object_component id="oc-637">
         <name>.debug_info</name>
         <load_address>0x4da0</load_address>
         <run_address>0x4da0</run_address>
         <size>0x113</size>
         <input_file_ref idref="fl-20"/>
      </object_component>
      <object_component id="oc-53b">
         <name>.debug_info</name>
         <load_address>0x4eb3</load_address>
         <run_address>0x4eb3</run_address>
         <size>0x2a1</size>
         <input_file_ref idref="fl-20"/>
      </object_component>
      <object_component id="oc-54a">
         <name>.debug_info</name>
         <load_address>0x5154</load_address>
         <run_address>0x5154</run_address>
         <size>0x351</size>
         <input_file_ref idref="fl-20"/>
      </object_component>
      <object_component id="oc-523">
         <name>.debug_info</name>
         <load_address>0x54a5</load_address>
         <run_address>0x54a5</run_address>
         <size>0x156</size>
         <input_file_ref idref="fl-20"/>
      </object_component>
      <object_component id="oc-529">
         <name>.debug_info</name>
         <load_address>0x55fb</load_address>
         <run_address>0x55fb</run_address>
         <size>0x17f</size>
         <input_file_ref idref="fl-20"/>
      </object_component>
      <object_component id="oc-4d4">
         <name>.debug_info</name>
         <load_address>0x577a</load_address>
         <run_address>0x577a</run_address>
         <size>0x1f4</size>
         <input_file_ref idref="fl-20"/>
      </object_component>
      <object_component id="oc-462">
         <name>.debug_info</name>
         <load_address>0x596e</load_address>
         <run_address>0x596e</run_address>
         <size>0x15c</size>
         <input_file_ref idref="fl-20"/>
      </object_component>
      <object_component id="oc-45b">
         <name>.debug_info</name>
         <load_address>0x5aca</load_address>
         <run_address>0x5aca</run_address>
         <size>0x1a6</size>
         <input_file_ref idref="fl-20"/>
      </object_component>
      <object_component id="oc-4a9">
         <name>.debug_info</name>
         <load_address>0x5c70</load_address>
         <run_address>0x5c70</run_address>
         <size>0x17b</size>
         <input_file_ref idref="fl-41"/>
      </object_component>
      <object_component id="oc-6a">
         <name>.debug_info</name>
         <load_address>0x5deb</load_address>
         <run_address>0x5deb</run_address>
         <size>0x250</size>
         <input_file_ref idref="fl-41"/>
      </object_component>
      <object_component id="oc-43e">
         <name>.debug_info</name>
         <load_address>0x603b</load_address>
         <run_address>0x603b</run_address>
         <size>0x60</size>
         <input_file_ref idref="fl-41"/>
      </object_component>
      <object_component id="oc-4ef">
         <name>.debug_info</name>
         <load_address>0x609b</load_address>
         <run_address>0x609b</run_address>
         <size>0x46</size>
         <input_file_ref idref="fl-41"/>
      </object_component>
      <object_component id="oc-4a4">
         <name>.debug_info</name>
         <load_address>0x60e1</load_address>
         <run_address>0x60e1</run_address>
         <size>0x39</size>
         <input_file_ref idref="fl-41"/>
      </object_component>
      <object_component id="oc-454">
         <name>.debug_info</name>
         <load_address>0x611a</load_address>
         <run_address>0x611a</run_address>
         <size>0x18f</size>
         <input_file_ref idref="fl-42"/>
      </object_component>
      <object_component id="oc-70">
         <name>.debug_info</name>
         <load_address>0x62a9</load_address>
         <run_address>0x62a9</run_address>
         <size>0x1d3</size>
         <input_file_ref idref="fl-42"/>
      </object_component>
      <object_component id="oc-44f">
         <name>.debug_info</name>
         <load_address>0x647c</load_address>
         <run_address>0x647c</run_address>
         <size>0x46</size>
         <input_file_ref idref="fl-42"/>
      </object_component>
      <object_component id="oc-456">
         <name>.debug_info</name>
         <load_address>0x64c2</load_address>
         <run_address>0x64c2</run_address>
         <size>0x10f</size>
         <input_file_ref idref="fl-44"/>
      </object_component>
      <object_component id="oc-4cb">
         <name>.debug_info</name>
         <load_address>0x65d1</load_address>
         <run_address>0x65d1</run_address>
         <size>0x17f</size>
         <input_file_ref idref="fl-5c"/>
      </object_component>
      <object_component id="oc-469">
         <name>.debug_info</name>
         <load_address>0x6750</load_address>
         <run_address>0x6750</run_address>
         <size>0x1d7</size>
         <input_file_ref idref="fl-5c"/>
      </object_component>
      <object_component id="oc-4c6">
         <name>.debug_info</name>
         <load_address>0x6927</load_address>
         <run_address>0x6927</run_address>
         <size>0x46</size>
         <input_file_ref idref="fl-5c"/>
      </object_component>
      <object_component id="oc-6f0">
         <name>.debug_info</name>
         <load_address>0x696d</load_address>
         <run_address>0x696d</run_address>
         <size>0x1ac</size>
         <input_file_ref idref="fl-5d"/>
      </object_component>
      <object_component id="oc-610">
         <name>.debug_info</name>
         <load_address>0x6b19</load_address>
         <run_address>0x6b19</run_address>
         <size>0x228</size>
         <input_file_ref idref="fl-5d"/>
      </object_component>
      <object_component id="oc-50d">
         <name>.debug_info</name>
         <load_address>0x6d41</load_address>
         <run_address>0x6d41</run_address>
         <size>0x94</size>
         <input_file_ref idref="fl-5d"/>
      </object_component>
      <object_component id="oc-75f">
         <name>.debug_info</name>
         <load_address>0x6dd5</load_address>
         <run_address>0x6dd5</run_address>
         <size>0x1aa</size>
         <input_file_ref idref="fl-5e"/>
      </object_component>
      <object_component id="oc-6eb">
         <name>.debug_info</name>
         <load_address>0x6f7f</load_address>
         <run_address>0x6f7f</run_address>
         <size>0x2bc</size>
         <input_file_ref idref="fl-5e"/>
      </object_component>
      <object_component id="oc-780">
         <name>.debug_info</name>
         <load_address>0x723b</load_address>
         <run_address>0x723b</run_address>
         <size>0x17c</size>
         <input_file_ref idref="fl-5f"/>
      </object_component>
      <object_component id="oc-759">
         <name>.debug_info</name>
         <load_address>0x73b7</load_address>
         <run_address>0x73b7</run_address>
         <size>0x1dd</size>
         <input_file_ref idref="fl-5f"/>
      </object_component>
      <object_component id="oc-5fc">
         <name>.debug_info</name>
         <load_address>0x7594</load_address>
         <run_address>0x7594</run_address>
         <size>0x121</size>
         <input_file_ref idref="fl-60"/>
      </object_component>
      <object_component id="oc-646">
         <name>.debug_info</name>
         <load_address>0x76b5</load_address>
         <run_address>0x76b5</run_address>
         <size>0x12d</size>
         <input_file_ref idref="fl-61"/>
      </object_component>
      <object_component id="oc-6f3">
         <name>.debug_info</name>
         <load_address>0x77e2</load_address>
         <run_address>0x77e2</run_address>
         <size>0x16a</size>
         <input_file_ref idref="fl-62"/>
      </object_component>
      <object_component id="oc-61f">
         <name>.debug_info</name>
         <load_address>0x794c</load_address>
         <run_address>0x794c</run_address>
         <size>0x1ab</size>
         <input_file_ref idref="fl-62"/>
      </object_component>
      <object_component id="oc-6cf">
         <name>.debug_info</name>
         <load_address>0x7af7</load_address>
         <run_address>0x7af7</run_address>
         <size>0xdb</size>
         <input_file_ref idref="fl-62"/>
      </object_component>
      <object_component id="oc-604">
         <name>.debug_info</name>
         <load_address>0x7bd2</load_address>
         <run_address>0x7bd2</run_address>
         <size>0x19c</size>
         <input_file_ref idref="fl-63"/>
      </object_component>
      <object_component id="oc-512">
         <name>.debug_info</name>
         <load_address>0x7d6e</load_address>
         <run_address>0x7d6e</run_address>
         <size>0x1a7</size>
         <input_file_ref idref="fl-64"/>
      </object_component>
      <object_component id="oc-4be">
         <name>.debug_info</name>
         <load_address>0x7f15</load_address>
         <run_address>0x7f15</run_address>
         <size>0x252</size>
         <input_file_ref idref="fl-64"/>
      </object_component>
      <object_component id="oc-5b0">
         <name>.debug_info</name>
         <load_address>0x8167</load_address>
         <run_address>0x8167</run_address>
         <size>0x17c</size>
         <input_file_ref idref="fl-65"/>
      </object_component>
      <object_component id="oc-508">
         <name>.debug_info</name>
         <load_address>0x82e3</load_address>
         <run_address>0x82e3</run_address>
         <size>0x5bd</size>
         <input_file_ref idref="fl-65"/>
      </object_component>
      <object_component id="oc-5f7">
         <name>.debug_info</name>
         <load_address>0x88a0</load_address>
         <run_address>0x88a0</run_address>
         <size>0x121</size>
         <input_file_ref idref="fl-66"/>
      </object_component>
      <object_component id="oc-4bb">
         <name>.debug_info</name>
         <load_address>0x89c1</load_address>
         <run_address>0x89c1</run_address>
         <size>0x166</size>
         <input_file_ref idref="fl-6b"/>
      </object_component>
      <object_component id="oc-5f2">
         <name>.debug_info</name>
         <load_address>0x8b27</load_address>
         <run_address>0x8b27</run_address>
         <size>0x124</size>
         <input_file_ref idref="fl-6c"/>
      </object_component>
      <object_component id="oc-59f">
         <name>.debug_info</name>
         <load_address>0x8c4b</load_address>
         <run_address>0x8c4b</run_address>
         <size>0x175</size>
         <input_file_ref idref="fl-6d"/>
      </object_component>
      <object_component id="oc-500">
         <name>.debug_info</name>
         <load_address>0x8dc0</load_address>
         <run_address>0x8dc0</run_address>
         <size>0x1c1</size>
         <input_file_ref idref="fl-6d"/>
      </object_component>
      <object_component id="oc-708">
         <name>.debug_info</name>
         <load_address>0x8f81</load_address>
         <run_address>0x8f81</run_address>
         <size>0x1a7</size>
         <input_file_ref idref="fl-6e"/>
      </object_component>
      <object_component id="oc-640">
         <name>.debug_info</name>
         <load_address>0x9128</load_address>
         <run_address>0x9128</run_address>
         <size>0x263</size>
         <input_file_ref idref="fl-6e"/>
      </object_component>
      <object_component id="oc-769">
         <name>.debug_info</name>
         <load_address>0x938b</load_address>
         <run_address>0x938b</run_address>
         <size>0x17c</size>
         <input_file_ref idref="fl-6f"/>
      </object_component>
      <object_component id="oc-702">
         <name>.debug_info</name>
         <load_address>0x9507</load_address>
         <run_address>0x9507</run_address>
         <size>0x33d</size>
         <input_file_ref idref="fl-6f"/>
      </object_component>
      <object_component id="oc-5ff">
         <name>.debug_info</name>
         <load_address>0x9844</load_address>
         <run_address>0x9844</run_address>
         <size>0x121</size>
         <input_file_ref idref="fl-70"/>
      </object_component>
      <object_component id="oc-5ab">
         <name>.debug_info</name>
         <load_address>0x9965</load_address>
         <run_address>0x9965</run_address>
         <size>0x130</size>
         <input_file_ref idref="fl-72"/>
      </object_component>
      <object_component id="oc-5a2">
         <name>.debug_info</name>
         <load_address>0x9a95</load_address>
         <run_address>0x9a95</run_address>
         <size>0x130</size>
         <input_file_ref idref="fl-74"/>
      </object_component>
      <object_component id="oc-74a">
         <name>.debug_info</name>
         <load_address>0x9bc5</load_address>
         <run_address>0x9bc5</run_address>
         <size>0x120</size>
         <input_file_ref idref="fl-79"/>
      </object_component>
      <object_component id="oc-595">
         <name>.debug_info</name>
         <load_address>0x9ce5</load_address>
         <run_address>0x9ce5</run_address>
         <size>0x126</size>
         <input_file_ref idref="fl-79"/>
      </object_component>
      <object_component id="oc-754">
         <name>.debug_info</name>
         <load_address>0x9e0b</load_address>
         <run_address>0x9e0b</run_address>
         <size>0x120</size>
         <input_file_ref idref="fl-7a"/>
      </object_component>
      <object_component id="oc-5a7">
         <name>.debug_info</name>
         <load_address>0x9f2b</load_address>
         <run_address>0x9f2b</run_address>
         <size>0x126</size>
         <input_file_ref idref="fl-7a"/>
      </object_component>
      <object_component id="oc-74f">
         <name>.debug_info</name>
         <load_address>0xa051</load_address>
         <run_address>0xa051</run_address>
         <size>0x120</size>
         <input_file_ref idref="fl-7b"/>
      </object_component>
      <object_component id="oc-59a">
         <name>.debug_info</name>
         <load_address>0xa171</load_address>
         <run_address>0xa171</run_address>
         <size>0x126</size>
         <input_file_ref idref="fl-7b"/>
      </object_component>
      <object_component id="oc-617">
         <name>.debug_info</name>
         <load_address>0xa297</load_address>
         <run_address>0xa297</run_address>
         <size>0x1a3</size>
         <input_file_ref idref="fl-7d"/>
      </object_component>
      <object_component id="oc-43a">
         <name>.debug_info</name>
         <load_address>0xa43a</load_address>
         <run_address>0xa43a</run_address>
         <size>0x100</size>
         <input_file_ref idref="fl-7e"/>
      </object_component>
      <object_component id="oc-494">
         <name>.debug_info</name>
         <load_address>0xa53a</load_address>
         <run_address>0xa53a</run_address>
         <size>0x193</size>
         <input_file_ref idref="fl-7e"/>
      </object_component>
      <object_component id="oc-4e6">
         <name>.debug_info</name>
         <load_address>0xa6cd</load_address>
         <run_address>0xa6cd</run_address>
         <size>0x1ae</size>
         <input_file_ref idref="fl-7f"/>
      </object_component>
      <object_component id="oc-58f">
         <name>.debug_info</name>
         <load_address>0xa87b</load_address>
         <run_address>0xa87b</run_address>
         <size>0x18b</size>
         <input_file_ref idref="fl-7f"/>
      </object_component>
      <object_component id="oc-664">
         <name>.debug_info</name>
         <load_address>0xaa06</load_address>
         <run_address>0xaa06</run_address>
         <size>0x3fc</size>
         <input_file_ref idref="fl-81"/>
      </object_component>
      <object_component id="oc-575">
         <name>.debug_info</name>
         <load_address>0xae02</load_address>
         <run_address>0xae02</run_address>
         <size>0x230</size>
         <input_file_ref idref="fl-81"/>
      </object_component>
      <object_component id="oc-721">
         <name>.debug_info</name>
         <load_address>0xb032</load_address>
         <run_address>0xb032</run_address>
         <size>0x39</size>
         <input_file_ref idref="fl-81"/>
      </object_component>
      <object_component id="oc-72d">
         <name>.debug_info</name>
         <load_address>0xb06b</load_address>
         <run_address>0xb06b</run_address>
         <size>0x2c</size>
         <input_file_ref idref="fl-81"/>
      </object_component>
      <object_component id="oc-66f">
         <name>.debug_info</name>
         <load_address>0xb097</load_address>
         <run_address>0xb097</run_address>
         <size>0x2c</size>
         <input_file_ref idref="fl-81"/>
      </object_component>
      <object_component id="oc-726">
         <name>.debug_info</name>
         <load_address>0xb0c3</load_address>
         <run_address>0xb0c3</run_address>
[...]
         <object_component_ref idref="oc-6a7"/>
      </symbol>
      <symbol id="sm-583">
         <name>temp_tmp</name>
         <value>0x2010</value>
      </symbol>
      <symbol id="sm-584">
         <name>ISR_TB0_Overflow</name>
         <value>0xab70</value>
         <object_component_ref idref="oc-460"/>
      </symbol>
      <symbol id="sm-585">
         <name>__TI_int23</name>
         <value>0xffd0</value>
         <object_component_ref idref="oc-77"/>
      </symbol>
      <symbol id="sm-586">
         <name>__TI_int34</name>
         <value>0xffe6</value>
         <object_component_ref idref="oc-82"/>
      </symbol>
      <symbol id="sm-587">
         <name>read_temperature</name>
         <value>0x9fa2</value>
         <object_component_ref idref="oc-53a"/>
      </symbol>
      <symbol id="sm-588">
         <name>Init_GPIO</name>
         <value>0xaa8c</value>
         <object_component_ref idref="oc-528"/>
      </symbol>
      <symbol id="sm-589">
         <name>read_load_current</name>
         <value>0x98b6</value>
         <object_component_ref idref="oc-549"/>
      </symbol>
      <symbol id="sm-58a">
         <name>ISR_Port4_S5</name>
         <value>0xaaca</value>
         <object_component_ref idref="oc-45a"/>
      </symbol>
      <symbol id="sm-58b">
         <name>CC_milis</name>
         <value>0x200a</value>
         <object_component_ref idref="oc-4b4"/>
      </symbol>
      <symbol id="sm-58c">
         <name>main</name>
         <value>0xa4ec</value>
         <object_component_ref idref="oc-4d3"/>
      </symbol>
      <symbol id="sm-58d">
         <name>COULOMB</name>
         <value>0x2000</value>
         <object_component_ref idref="oc-4b4"/>
      </symbol>
      <symbol id="sm-58e">
         <name>BATT_CURR</name>
         <value>0x2002</value>
         <object_component_ref idref="oc-4b4"/>
      </symbol>
      <symbol id="sm-58f">
         <name>tmp</name>
         <value>0x200c</value>
         <object_component_ref idref="oc-4b4"/>
      </symbol>
      <symbol id="sm-590">
         <name>Init_interrupts</name>
         <value>0xa5f8</value>
         <object_component_ref idref="oc-522"/>
      </symbol>
      <symbol id="sm-5b3">
         <name>__TI_decompress_lzss</name>
         <value>0xa32e</value>
         <object_component_ref idref="oc-68"/>
      </symbol>
      <symbol id="sm-5c4">
         <name>__TI_decompress_none</name>
         <value>0xaa4a</value>
         <object_component_ref idref="oc-6e"/>
      </symbol>
      <symbol id="sm-5c7">
         <name>__TI_int20</name>
         <value>0xffca</value>
         <object_component_ref idref="oc-74"/>
      </symbol>
      <symbol id="sm-5cf">
         <name>__TI_ISR_TRAP</name>
         <value>0xabb2</value>
         <object_component_ref idref="oc-455"/>
      </symbol>
      <symbol id="sm-5d2">
         <name>__TI_int21</name>
         <value>0xffcc</value>
         <object_component_ref idref="oc-75"/>
      </symbol>
      <symbol id="sm-5d5">
         <name>__TI_int22</name>
         <value>0xffce</value>
         <object_component_ref idref="oc-76"/>
      </symbol>
      <symbol id="sm-5d8">
         <name>__TI_int24</name>
         <value>0xffd2</value>
         <object_component_ref idref="oc-78"/>
      </symbol>
      <symbol id="sm-5db">
         <name>__TI_int25</name>
         <value>0xffd4</value>
         <object_component_ref idref="oc-79"/>
      </symbol>
      <symbol id="sm-5de">
         <name>__TI_int26</name>
         <value>0xffd6</value>
         <object_component_ref idref="oc-7a"/>
      </symbol>
      <symbol id="sm-5e1">
         <name>__TI_int27</name>
         <value>0xffd8</value>
         <object_component_ref idref="oc-7b"/>
      </symbol>
      <symbol id="sm-5e4">
         <name>__TI_int28</name>
         <value>0xffda</value>
         <object_component_ref idref="oc-7c"/>
      </symbol>
      <symbol id="sm-5e7">
         <name>__TI_int29</name>
         <value>0xffdc</value>
         <object_component_ref idref="oc-7d"/>
      </symbol>
      <symbol id="sm-5ea">
         <name>__TI_int30</name>
         <value>0xffde</value>
         <object_component_ref idref="oc-7e"/>
      </symbol>
      <symbol id="sm-5ed">
         <name>__TI_int31</name>
         <value>0xffe0</value>
         <object_component_ref idref="oc-7f"/>
      </symbol>
      <symbol id="sm-5f0">
         <name>__TI_int32</name>
         <value>0xffe2</value>
         <object_component_ref idref="oc-80"/>
      </symbol>
      <symbol id="sm-5f3">
         <name>__TI_int33</name>
         <value>0xffe4</value>
         <object_component_ref idref="oc-81"/>
      </symbol>
      <symbol id="sm-5f6">
         <name>__TI_int35</name>
         <value>0xffe8</value>
         <object_component_ref idref="oc-83"/>
      </symbol>
      <symbol id="sm-5f9">
         <name>__TI_int36</name>
         <value>0xffea</value>
         <object_component_ref idref="oc-84"/>
      </symbol>
      <symbol id="sm-5fc">
         <name>__TI_int37</name>
         <value>0xffec</value>
         <object_component_ref idref="oc-85"/>
      </symbol>
      <symbol id="sm-5ff">
         <name>__TI_int38</name>
         <value>0xffee</value>
         <object_component_ref idref="oc-86"/>
      </symbol>
      <symbol id="sm-602">
         <name>__TI_int39</name>
         <value>0xfff0</value>
         <object_component_ref idref="oc-87"/>
      </symbol>
      <symbol id="sm-605">
         <name>__TI_int40</name>
         <value>0xfff2</value>
         <object_component_ref idref="oc-88"/>
      </symbol>
      <symbol id="sm-608">
         <name>__TI_int41</name>
         <value>0xfff4</value>
         <object_component_ref idref="oc-89"/>
      </symbol>
      <symbol id="sm-60b">
         <name>__TI_int42</name>
         <value>0xfff6</value>
         <object_component_ref idref="oc-8a"/>
      </symbol>
      <symbol id="sm-60e">
         <name>__TI_int43</name>
         <value>0xfff8</value>
         <object_component_ref idref="oc-8b"/>
      </symbol>
      <symbol id="sm-611">
         <name>__TI_int44</name>
         <value>0xfffa</value>
         <object_component_ref idref="oc-8c"/>
      </symbol>
      <symbol id="sm-614">
         <name>__TI_int45</name>
         <value>0xfffc</value>
         <object_component_ref idref="oc-8d"/>
      </symbol>
      <symbol id="sm-627">
         <name>__TI_zero_init_nomemset</name>
         <value>0xa938</value>
         <object_component_ref idref="oc-466"/>
      </symbol>
      <symbol id="sm-64e">
         <name>__mspabi_addd</name>
         <value>0x8b38</value>
         <object_component_ref idref="oc-60f"/>
      </symbol>
      <symbol id="sm-66f">
         <name>__TI_frcaddd</name>
         <value>0x92fe</value>
         <object_component_ref idref="oc-6e9"/>
      </symbol>
      <symbol id="sm-683">
         <name>__TI_renormd</name>
         <value>0x9ef0</value>
         <object_component_ref idref="oc-758"/>
      </symbol>
      <symbol id="sm-69e">
         <name>__mspabi_subf</name>
         <value>0x99ee</value>
         <object_component_ref idref="oc-5f9"/>
      </symbol>
      <symbol id="sm-69f">
         <name>__mspabi_addf</name>
         <value>0x99f4</value>
         <object_component_ref idref="oc-5f9"/>
      </symbol>
      <symbol id="sm-6af">
         <name>__mspabi_cmpf</name>
         <value>0xa6e2</value>
         <object_component_ref idref="oc-645"/>
      </symbol>
      <symbol id="sm-6c7">
         <name>__mspabi_cvtdf</name>
         <value>0xa222</value>
         <object_component_ref idref="oc-61b"/>
      </symbol>
      <symbol id="sm-6d5">
         <name>__mspabi_cvtfd</name>
         <value>0xa488</value>
         <object_component_ref idref="oc-603"/>
      </symbol>
      <symbol id="sm-6f6">
         <name>__mspabi_divd</name>
         <value>0x9546</value>
         <object_component_ref idref="oc-4bd"/>
      </symbol>
      <symbol id="sm-711">
         <name>__TI_frcdivd</name>
         <value>0x86d2</value>
         <object_component_ref idref="oc-506"/>
      </symbol>
      <symbol id="sm-723">
         <name>__mspabi_divf</name>
         <value>0xa192</value>
         <object_component_ref idref="oc-5f4"/>
      </symbol>
      <symbol id="sm-730">
         <name>__mspabi_fltud</name>
         <value>0xaab8</value>
         <object_component_ref idref="oc-4b7"/>
      </symbol>
      <symbol id="sm-73b">
         <name>__mspabi_fltuf</name>
         <value>0xa95c</value>
         <object_component_ref idref="oc-5ef"/>
      </symbol>
      <symbol id="sm-750">
         <name>__mspabi_fltuld</name>
         <value>0xa2ae</value>
         <object_component_ref idref="oc-4ff"/>
      </symbol>
      <symbol id="sm-771">
         <name>__mspabi_mpyd</name>
         <value>0x9098</value>
         <object_component_ref idref="oc-63f"/>
      </symbol>
      <symbol id="sm-781">
         <name>__TI_frcmpyd</name>
         <value>0x8e18</value>
         <object_component_ref idref="oc-701"/>
      </symbol>
      <symbol id="sm-798">
         <name>__mspabi_mpyf</name>
         <value>0x9d84</value>
         <object_component_ref idref="oc-5fe"/>
      </symbol>
      <symbol id="sm-7a1">
         <name>__mspabi_mpyi_f5hw</name>
         <value>0xa9dc</value>
         <object_component_ref idref="oc-5aa"/>
      </symbol>
      <symbol id="sm-7aa">
         <name>__mspabi_mpyl_f5hw</name>
         <value>0xa980</value>
         <object_component_ref idref="oc-5a0"/>
      </symbol>
      <symbol id="sm-7be">
         <name>__mspabi_slll_9</name>
         <value>0xa800</value>
         <object_component_ref idref="oc-594"/>
      </symbol>
      <symbol id="sm-7bf">
         <name>__mspabi_slll_8</name>
         <value>0xa804</value>
         <object_component_ref idref="oc-594"/>
      </symbol>
      <symbol id="sm-7c0">
         <name>__mspabi_slll_7</name>
         <value>0xa808</value>
         <object_component_ref idref="oc-594"/>
      </symbol>
      <symbol id="sm-7c1">
         <name>__mspabi_slll_6</name>
         <value>0xa80c</value>
         <object_component_ref idref="oc-594"/>
      </symbol>
      <symbol id="sm-7c2">
         <name>__mspabi_slll_5</name>
         <value>0xa810</value>
         <object_component_ref idref="oc-594"/>
      </symbol>
      <symbol id="sm-7c3">
         <name>__mspabi_slll_4</name>
         <value>0xa814</value>
         <object_component_ref idref="oc-594"/>
      </symbol>
      <symbol id="sm-7c4">
         <name>__mspabi_slll_3</name>
         <value>0xa818</value>
         <object_component_ref idref="oc-594"/>
      </symbol>
      <symbol id="sm-7c5">
         <name>__mspabi_slll_2</name>
         <value>0xa81c</value>
         <object_component_ref idref="oc-594"/>
      </symbol>
      <symbol id="sm-7c6">
         <name>__mspabi_slll_1</name>
         <value>0xa820</value>
         <object_component_ref idref="oc-594"/>
      </symbol>
      <symbol id="sm-7c7">
         <name>__mspabi_slll</name>
         <value>0xaa6c</value>
         <object_component_ref idref="oc-749"/>
      </symbol>
      <symbol id="sm-7c8">
         <name>__mspabi_slll_15</name>
         <value>0xa7e8</value>
         <object_component_ref idref="oc-594"/>
      </symbol>
      <symbol id="sm-7c9">
         <name>__mspabi_slll_14</name>
         <value>0xa7ec</value>
         <object_component_ref idref="oc-594"/>
      </symbol>
      <symbol id="sm-7ca">
         <name>__mspabi_slll_13</name>
         <value>0xa7f0</value>
         <object_component_ref idref="oc-594"/>
      </symbol>
      <symbol id="sm-7cb">
         <name>__mspabi_slll_12</name>
         <value>0xa7f4</value>
         <object_component_ref idref="oc-594"/>
      </symbol>
      <symbol id="sm-7cc">
         <name>__mspabi_slll_11</name>
         <value>0xa7f8</value>
         <object_component_ref idref="oc-594"/>
      </symbol>
      <symbol id="sm-7cd">
         <name>__mspabi_slll_10</name>
         <value>0xa7fc</value>
         <object_component_ref idref="oc-594"/>
      </symbol>
      <symbol id="sm-7dd">
         <name>__mspabi_sral</name>
         <value>0xaa5c</value>
         <object_component_ref idref="oc-753"/>
      </symbol>
      <symbol id="sm-7de">
         <name>__mspabi_sral_15</name>
         <value>0xa7aa</value>
         <object_component_ref idref="oc-5a5"/>
      </symbol>
      <symbol id="sm-7df">
         <name>__mspabi_sral_14</name>
         <value>0xa7ae</value>
         <object_component_ref idref="oc-5a5"/>
      </symbol>
      <symbol id="sm-7e0">
         <name>__mspabi_sral_13</name>
         <value>0xa7b2</value>
         <object_component_ref idref="oc-5a5"/>
      </symbol>
      <symbol id="sm-7e1">
         <name>__mspabi_sral_12</name>
         <value>0xa7b6</value>
         <object_component_ref idref="oc-5a5"/>
      </symbol>
      <symbol id="sm-7e2">
         <name>__mspabi_sral_11</name>
         <value>0xa7ba</value>
         <object_component_ref idref="oc-5a5"/>
      </symbol>
      <symbol id="sm-7e3">
         <name>__mspabi_sral_10</name>
         <value>0xa7be</value>
         <object_component_ref idref="oc-5a5"/>
      </symbol>
      <symbol id="sm-7e4">
         <name>__mspabi_sral_8</name>
         <value>0xa7c6</value>
         <object_component_ref idref="oc-5a5"/>
      </symbol>
      <symbol id="sm-7e5">
         <name>__mspabi_sral_9</name>
         <value>0xa7c2</value>
         <object_component_ref idref="oc-5a5"/>
      </symbol>
      <symbol id="sm-7e6">
         <name>__mspabi_sral_6</name>
         <value>0xa7ce</value>
         <object_component_ref idref="oc-5a5"/>
      </symbol>
      <symbol id="sm-7e7">
         <name>__mspabi_sral_7</name>
         <value>0xa7ca</value>
         <object_component_ref idref="oc-5a5"/>
      </symbol>
      <symbol id="sm-7e8">
         <name>__mspabi_sral_4</name>
         <value>0xa7d6</value>
         <object_component_ref idref="oc-5a5"/>
      </symbol>
      <symbol id="sm-7e9">
         <name>__mspabi_sral_5</name>
         <value>0xa7d2</value>
         <object_component_ref idref="oc-5a5"/>
      </symbol>
      <symbol id="sm-7ea">
         <name>__mspabi_sral_2</name>
         <value>0xa7de</value>
         <object_component_ref idref="oc-5a5"/>
      </symbol>
      <symbol id="sm-7eb">
         <name>__mspabi_sral_3</name>
         <value>0xa7da</value>
         <object_component_ref idref="oc-5a5"/>
      </symbol>
      <symbol id="sm-7ec">
         <name>__mspabi_sral_1</name>
         <value>0xa7e2</value>
         <object_component_ref idref="oc-5a5"/>
      </symbol>
      <symbol id="sm-7fc">
         <name>__mspabi_srll_8</name>
         <value>0xa842</value>
         <object_component_ref idref="oc-599"/>
      </symbol>
      <symbol id="sm-7fd">
         <name>__mspabi_srll_9</name>
         <value>0xa83e</value>
         <object_component_ref idref="oc-599"/>
      </symbol>
      <symbol id="sm-7fe">
         <name>__mspabi_srll_6</name>
         <value>0xa84a</value>
         <object_component_ref idref="oc-599"/>
      </symbol>
      <symbol id="sm-7ff">
         <name>__mspabi_srll_7</name>
         <value>0xa846</value>
         <object_component_ref idref="oc-599"/>
      </symbol>
      <symbol id="sm-800">
         <name>__mspabi_srll_4</name>
         <value>0xa852</value>
         <object_component_ref idref="oc-599"/>
      </symbol>
      <symbol id="sm-801">
         <name>__mspabi_srll_5</name>
         <value>0xa84e</value>
         <object_component_ref idref="oc-599"/>
      </symbol>
      <symbol id="sm-802">
         <name>__mspabi_srll_2</name>
         <value>0xa85a</value>
         <object_component_ref idref="oc-599"/>
      </symbol>
      <symbol id="sm-803">
         <name>__mspabi_srll_3</name>
         <value>0xa856</value>
         <object_component_ref idref="oc-599"/>
      </symbol>
      <symbol id="sm-804">
         <name>__mspabi_srll_1</name>
         <value>0xa85e</value>
         <object_component_ref idref="oc-599"/>
      </symbol>
      <symbol id="sm-805">
         <name>__mspabi_srll_15</name>
         <value>0xa826</value>
         <object_component_ref idref="oc-599"/>
      </symbol>
      <symbol id="sm-806">
         <name>__mspabi_srll_14</name>
         <value>0xa82a</value>
         <object_component_ref idref="oc-599"/>
      </symbol>
      <symbol id="sm-807">
         <name>__mspabi_srll_13</name>
         <value>0xa82e</value>
         <object_component_ref idref="oc-599"/>
      </symbol>
      <symbol id="sm-808">
         <name>__mspabi_srll_12</name>
         <value>0xa832</value>
         <object_component_ref idref="oc-599"/>
      </symbol>
      <symbol id="sm-809">
         <name>__mspabi_srll_11</name>
         <value>0xa836</value>
         <object_component_ref idref="oc-599"/>
      </symbol>
      <symbol id="sm-80a">
         <name>__mspabi_srll_10</name>
         <value>0xa83a</value>
         <object_component_ref idref="oc-599"/>
      </symbol>
      <symbol id="sm-80b">
         <name>__mspabi_srll</name>
         <value>0xaa7c</value>
         <object_component_ref idref="oc-74e"/>
      </symbol>
      <symbol id="sm-815">
         <name>__mspabi_subd</name>
         <value>0xa906</value>
         <object_component_ref idref="oc-615"/>
      </symbol>
      <symbol id="sm-825">
         <name>_c_int00_noargs_mpu</name>
         <value>0xab92</value>
         <object_component_ref idref="oc-490"/>
      </symbol>
      <symbol id="sm-826">
         <name>_stack</name>
         <value>0x2f60</value>
         <object_component_ref idref="oc-439"/>
      </symbol>
      <symbol id="sm-827">
         <name>_reset_vector</name>
         <value>0xfffe</value>
         <object_component_ref idref="oc-43c"/>
      </symbol>
      <symbol id="sm-835">
         <name>__mpu_init</name>
         <value>0xa864</value>
         <object_component_ref idref="oc-4e5"/>
      </symbol>
      <symbol id="sm-859">
         <name>__TI_auto_init_nobinit_nopinit_hold_wdt</name>
         <value>0xa5a4</value>
         <object_component_ref idref="oc-574"/>
      </symbol>
      <symbol id="sm-862">
         <name>_system_post_cinit</name>
         <value>0xaac8</value>
         <object_component_ref idref="oc-65d"/>
      </symbol>
      <symbol id="sm-86b">
         <name>_system_pre_init</name>
         <value>0xaac4</value>
         <object_component_ref idref="oc-4cd"/>
      </symbol>
      <symbol id="sm-87b">
         <name>C$$EXIT</name>
         <value>0xaabe</value>
         <object_component_ref idref="oc-550"/>
      </symbol>
      <symbol id="sm-87c">
         <name>abort</name>
         <value>0xaabe</value>
         <object_component_ref idref="oc-550"/>
      </symbol>
      <symbol id="sm-8bc">
         <name>log</name>
         <value>0x80aa</value>
         <object_component_ref idref="oc-609"/>
      </symbol>
      <symbol id="sm-8bd">
         <name>logl</name>
         <value>0x80aa</value>
         <object_component_ref idref="oc-609"/>
      </symbol>
      <symbol id="sm-8d7">
         <name>__mspabi_cmpd</name>
         <value>0x9b20</value>
         <object_component_ref idref="oc-6dd"/>
      </symbol>
      <symbol id="sm-8ef">
         <name>__mspabi_fltlid</name>
         <value>0xa0f4</value>
         <object_component_ref idref="oc-6d7"/>
      </symbol>
      <symbol id="sm-8f6">
         <name>errno</name>
         <value>0x200e</value>
         <object_component_ref idref="oc-6d4"/>
      </symbol>
      <symbol id="sm-904">
         <name>memcpy</name>
         <value>0xaa36</value>
         <object_component_ref idref="oc-448"/>
      </symbol>
      <symbol id="sm-912">
         <name>memset</name>
         <value>0xaa20</value>
         <object_component_ref idref="oc-516"/>
      </symbol>
   </symbol_table>
   <title>Link successful</title>
</link_info>
