******************************************************************************
                  MSP430 Linker PC v20.2.5                     
******************************************************************************
>> Linked Mon Nov 29 23:34:05 2021

OUTPUT FILE NAME:   <iris-powpcu-ccs.out>
ENTRY POINT SYMBOL: "_c_int00_noargs"  address: 0000fb82


MEMORY CONFIGURATION

         name            origin    length      used     unused   attr    fill
----------------------  --------  ---------  --------  --------  ----  --------
  SFR                   00000000   00000010  00000000  00000010  RWIX
  PERIPHERALS_8BIT      00000010   000000f0  00000000  000000f0  RWIX
  PERIPHERALS_16BIT     00000100   00000100  00000000  00000100  RWIX
  RAM                   00000200   00000080  00000045  0000003b  RWIX
  INFOD                 00001000   00000040  00000000  00000040  RWIX
  INFOC                 00001040   00000040  00000000  00000040  RWIX
  INFOB                 00001080   00000040  00000000  00000040  RWIX
  INFOA                 000010c0   00000040  00000000  00000040  RWIX
  FLASH                 0000f800   000007e0  00000462  0000037e  RWIX
  INT00                 0000ffe0   00000002  00000000  00000002  RWIX
  INT01                 0000ffe2   00000002  00000000  00000002  RWIX
  INT02                 0000ffe4   00000002  00000002  00000000  RWIX
  INT03                 0000ffe6   00000002  00000002  00000000  RWIX
  INT04                 0000ffe8   00000002  00000002  00000000  RWIX
  INT05                 0000ffea   00000002  00000002  00000000  RWIX
  INT06                 0000ffec   00000002  00000000  00000002  RWIX
  INT07                 0000ffee   00000002  00000000  00000002  RWIX
  INT08                 0000fff0   00000002  00000002  00000000  RWIX
  INT09                 0000fff2   00000002  00000002  00000000  RWIX
  INT10                 0000fff4   00000002  00000002  00000000  RWIX
  INT11                 0000fff6   00000002  00000000  00000002  RWIX
  INT12                 0000fff8   00000002  00000000  00000002  RWIX
  INT13                 0000fffa   00000002  00000000  00000002  RWIX
  INT14                 0000fffc   00000002  00000002  00000000  RWIX
  RESET                 0000fffe   00000002  00000002  00000000  RWIX


SECTION ALLOCATION MAP

 output                                  attributes/
section   page    origin      length       input sections
--------  ----  ----------  ----------   ----------------
.bss       0    00000200    00000010     UNINITIALIZED
                  00000200    00000002     (.common:aux_ms1)
                  00000202    00000002     (.common:digital_TMR)
                  00000204    00000002     (.common:h)
                  00000206    00000002     (.common:m)
                  00000208    00000002     (.common:ms)
                  0000020a    00000002     (.common:one_vote_TTR_sec)
                  0000020c    00000002     (.common:s)
                  0000020e    00000002     (.common:timer_vote)

.data      0    00000210    00000001     UNINITIALIZED
                  00000210    00000001     main.obj (.data)

.stack     0    0000024c    00000034     UNINITIALIZED
                  0000024c    00000002     rts430_eabi.lib : boot.c.obj (.stack)
                  0000024e    00000032     --HOLE--

.text      0    0000f800    0000044a     
                  0000f800    00000092     pin_control.obj (.text:initPins)
                  0000f892    0000007c     rts430_eabi.lib : copy_decompress_lzss.c.obj (.text:decompress:lzss:__TI_decompress_lzss)
                  0000f90e    00000060     main.obj (.text:main)
                  0000f96e    0000005e     mission_timing.obj (.text:checkTimers)
                  0000f9cc    0000005e     pin_control.obj (.text:setSSR)
                  0000fa2a    00000056     main.obj (.text:Timer_A)
                  0000fa80    0000004c     rts430_eabi.lib : lsr16.asm.obj (.text)
                  0000facc    00000042                     : autoinit.c.obj (.text:__TI_auto_init_nobinit_nopinit:__TI_auto_init_nobinit_nopinit)
                  0000fb0e    0000002c                     : lsl16.asm.obj (.text)
                  0000fb3a    00000024     pin_control.obj (.text:digitalWrite)
                  0000fb5e    00000024     pin_control.obj (.text:pinMode)
                  0000fb82    0000001c     rts430_eabi.lib : boot.c.obj (.text:_c_int00_noargs)
                  0000fb9e    00000016     pin_control.obj (.text:resetATMRS)
                  0000fbb4    00000016     mission_timing.obj (.text:timerA2_init)
                  0000fbca    00000014     rts430_eabi.lib : copy_zero_init.c.obj (.text:decompress:ZI:__TI_zero_init_nomemset:__TI_zero_init_nomemset)
                  0000fbde    00000012                     : copy_decompress_none.c.obj (.text:decompress:none:__TI_decompress_none)
                  0000fbf0    00000012     pin_control.obj (.text:digitalRead)
                  0000fc02    00000012     rts430_eabi.lib : memcpy.c.obj (.text:memcpy)
                  0000fc14    00000012     mission_timing.obj (.text:startTMR)
                  0000fc26    00000010     rts430_eabi.lib : epilog.asm.obj (.text)
                  0000fc36    00000008                     : isr_trap.asm.obj (.text:_isr:__TI_ISR_TRAP)
                  0000fc3e    00000006                     : exit.c.obj (.text:abort)
                  0000fc44    00000004                     : pre_init.c.obj (.text:_system_pre_init)
                  0000fc48    00000002                     : startup.c.obj (.text:_system_post_cinit)

.cinit     0    0000fc4a    00000018     
                  0000fc4a    00000006     (__TI_handler_table)
                  0000fc50    00000005     (.cinit..data.load) [load image]
                  0000fc55    00000001     --HOLE-- [fill = 0]
                  0000fc56    00000004     (.cinit..bss.load) [load image, compression = zero_init]
                  0000fc5a    00000008     (__TI_cinit_table)

.binit     0    0000f800    00000000     

.init_array 
*          0    0000f800    00000000     UNINITIALIZED

PORT1      0    0000ffe4    00000002     
                  0000ffe4    00000002     rts430_eabi.lib : int02.asm.obj (.int02)

PORT2      0    0000ffe6    00000002     
                  0000ffe6    00000002     rts430_eabi.lib : int03.asm.obj (.int03)

USI        0    0000ffe8    00000002     
                  0000ffe8    00000002     rts430_eabi.lib : int04.asm.obj (.int04)

ADC10      0    0000ffea    00000002     
                  0000ffea    00000002     rts430_eabi.lib : int05.asm.obj (.int05)

TIMERA1    0    0000fff0    00000002     
                  0000fff0    00000002     rts430_eabi.lib : int08.asm.obj (.int08)

TIMERA0    0    0000fff2    00000002     
                  0000fff2    00000002     main.obj (.int09)

WDT        0    0000fff4    00000002     
                  0000fff4    00000002     rts430_eabi.lib : int10.asm.obj (.int10)

NMI        0    0000fffc    00000002     
                  0000fffc    00000002     rts430_eabi.lib : int14.asm.obj (.int14)

.reset     0    0000fffe    00000002     
                  0000fffe    00000002     rts430_eabi.lib : boot.c.obj (.reset)

MODULE SUMMARY

       Module                       code   ro data   rw data
       ------                       ----   -------   -------
    .\src\
       pin_control.obj              352    0         0      
       main.obj                     182    2         17     
       mission_timing.obj           134    0         0      
    +--+----------------------------+------+---------+---------+
       Total:                       668    2         17     
                                                            
    C:\ti\ccs1040\ccs\tools\compiler\ti-cgt-msp430_20.2.5.LTS\lib\rts430_eabi.lib
       copy_decompress_lzss.c.obj   124    0         0      
       lsr16.asm.obj                76     0         0      
       autoinit.c.obj               66     0         0      
       lsl16.asm.obj                44     0         0      
       boot.c.obj                   28     2         0      
       copy_zero_init.c.obj         20     0         0      
       copy_decompress_none.c.obj   18     0         0      
       memcpy.c.obj                 18     0         0      
       epilog.asm.obj               16     0         0      
       isr_trap.asm.obj             8      0         0      
       exit.c.obj                   6      0         0      
       pre_init.c.obj               4      0         0      
       int02.asm.obj                0      2         0      
       int03.asm.obj                0      2         0      
       int04.asm.obj                0      2         0      
       int05.asm.obj                0      2         0      
       int08.asm.obj                0      2         0      
       int10.asm.obj                0      2         0      
       int14.asm.obj                0      2         0      
       startup.c.obj                2      0         0      
    +--+----------------------------+------+---------+---------+
       Total:                       430    16        0      
                                                            
       Stack:                       0      0         52     
       Linker Generated:            0      23        0      
    +--+----------------------------+------+---------+---------+
       Grand Total:                 1098   41        69     


LINKER GENERATED COPY TABLES

__TI_cinit_table @ 0000fc5a records: 2, size/record: 4, table size: 8
	.data: load addr=0000fc50, load size=00000005 bytes, run addr=00000210, run size=00000001 bytes, compression=copy
	.bss: load addr=0000fc56, load size=00000004 bytes, run addr=00000200, run size=00000010 bytes, compression=zero_init


LINKER GENERATED HANDLER TABLE

__TI_handler_table @ 0000fc4a records: 3, size/record: 2, table size: 6
	index: 0, handler: __TI_zero_init
	index: 1, handler: __TI_decompress_lzss
	index: 2, handler: __TI_decompress_none


GLOBAL SYMBOLS: SORTED ALPHABETICALLY BY Name 

address   name                          
-------   ----                          
0000004a  ADC10AE0                      
000001b0  ADC10CTL0                     
000001b2  ADC10CTL1                     
00000048  ADC10DTC0                     
00000049  ADC10DTC1                     
000001b4  ADC10MEM                      
000001bc  ADC10SA                       
00000057  BCSCTL1                       
00000058  BCSCTL2                       
00000053  BCSCTL3                       
0000fc3e  C$$EXIT                       
000010ff  CALBC1_1MHZ                   
000010fe  CALDCO_1MHZ                   
00000056  DCOCTL                        
00000128  FCTL1                         
0000012a  FCTL2                         
0000012c  FCTL3                         
00000000  IE1                           
00000002  IFG1                          
00000022  P1DIR                         
00000025  P1IE                          
00000024  P1IES                         
00000023  P1IFG                         
00000020  P1IN                          
00000021  P1OUT                         
00000027  P1REN                         
00000026  P1SEL                         
0000002a  P2DIR                         
0000002d  P2IE                          
0000002c  P2IES                         
0000002b  P2IFG                         
00000028  P2IN                          
00000029  P2OUT                         
0000002f  P2REN                         
0000002e  P2SEL                         
00000172  TACCR0                        
00000174  TACCR1                        
00000162  TACCTL0                       
00000164  TACCTL1                       
00000160  TACTL                         
0000012e  TAIV                          
00000170  TAR                           
0000fa2a  Timer_A                       
0000007a  USICCTL                       
0000007a  USICKCTL                      
0000007b  USICNT                        
00000078  USICTL                        
00000078  USICTL0                       
00000079  USICTL1                       
0000007c  USISR                         
0000007d  USISRH                        
0000007c  USISRL                        
00000120  WDTCTL                        
00000280  __STACK_END                   
00000034  __STACK_SIZE                  
0000fc5a  __TI_CINIT_Base               
0000fc62  __TI_CINIT_Limit              
0000fc4a  __TI_Handler_Table_Base       
0000fc50  __TI_Handler_Table_Limit      
0000fc36  __TI_ISR_TRAP                 
0000facc  __TI_auto_init_nobinit_nopinit
0000f892  __TI_decompress_lzss          
0000fbde  __TI_decompress_none          
0000ffe4  __TI_int02                    
0000ffe6  __TI_int03                    
0000ffe8  __TI_int04                    
0000ffea  __TI_int05                    
0000fff0  __TI_int08                    
0000fff2  __TI_int09                    
0000fff4  __TI_int10                    
0000fffc  __TI_int14                    
ffffffff  __TI_pprof_out_hndl           
ffffffff  __TI_prof_data_size           
ffffffff  __TI_prof_data_start          
0000fbca  __TI_zero_init_nomemset       
ffffffff  __c_args__                    
0000fc32  __mspabi_func_epilog_1        
0000fc30  __mspabi_func_epilog_2        
0000fc2e  __mspabi_func_epilog_3        
0000fc2c  __mspabi_func_epilog_4        
0000fc2a  __mspabi_func_epilog_5        
0000fc28  __mspabi_func_epilog_6        
0000fc26  __mspabi_func_epilog_7        
0000fb0e  __mspabi_slli                 
0000fb36  __mspabi_slli_1               
0000fb24  __mspabi_slli_10              
0000fb22  __mspabi_slli_11              
0000fb20  __mspabi_slli_12              
0000fb1e  __mspabi_slli_13              
0000fb1c  __mspabi_slli_14              
0000fb1a  __mspabi_slli_15              
0000fb34  __mspabi_slli_2               
0000fb32  __mspabi_slli_3               
0000fb30  __mspabi_slli_4               
0000fb2e  __mspabi_slli_5               
0000fb2c  __mspabi_slli_6               
0000fb2a  __mspabi_slli_7               
0000fb28  __mspabi_slli_8               
0000fb26  __mspabi_slli_9               
0000fa80  __mspabi_srli                 
0000fac6  __mspabi_srli_1               
0000faa2  __mspabi_srli_10              
0000fa9e  __mspabi_srli_11              
0000fa9a  __mspabi_srli_12              
0000fa96  __mspabi_srli_13              
0000fa92  __mspabi_srli_14              
0000fa8e  __mspabi_srli_15              
0000fac2  __mspabi_srli_2               
0000fabe  __mspabi_srli_3               
0000faba  __mspabi_srli_4               
0000fab6  __mspabi_srli_5               
0000fab2  __mspabi_srli_6               
0000faae  __mspabi_srli_7               
0000faaa  __mspabi_srli_8               
0000faa6  __mspabi_srli_9               
0000fb82  _c_int00_noargs               
0000fffe  _reset_vector                 
0000024c  _stack                        
0000fc48  _system_post_cinit            
0000fc44  _system_pre_init              
0000fc3e  abort                         
00000200  aux_ms1                       
0000f96e  checkTimers                   
0000fbf0  digitalRead                   
0000fb3a  digitalWrite                  
00000202  digital_TMR                   
00000204  h                             
0000f800  initPins                      
00000210  is_counting                   
00000206  m                             
0000f90e  main                          
0000fc02  memcpy                        
00000208  ms                            
0000020a  one_vote_TTR_sec              
0000fb5e  pinMode                       
0000fb9e  resetATMRS                    
0000020c  s                             
0000f9cc  setSSR                        
0000fc14  startTMR                      
0000fbb4  timerA2_init                  
0000020e  timer_vote                    


GLOBAL SYMBOLS: SORTED BY Symbol Address 

address   name                          
-------   ----                          
00000000  IE1                           
00000002  IFG1                          
00000020  P1IN                          
00000021  P1OUT                         
00000022  P1DIR                         
00000023  P1IFG                         
00000024  P1IES                         
00000025  P1IE                          
00000026  P1SEL                         
00000027  P1REN                         
00000028  P2IN                          
00000029  P2OUT                         
0000002a  P2DIR                         
0000002b  P2IFG                         
0000002c  P2IES                         
0000002d  P2IE                          
0000002e  P2SEL                         
0000002f  P2REN                         
00000034  __STACK_SIZE                  
00000048  ADC10DTC0                     
00000049  ADC10DTC1                     
0000004a  ADC10AE0                      
00000053  BCSCTL3                       
00000056  DCOCTL                        
00000057  BCSCTL1                       
00000058  BCSCTL2                       
00000078  USICTL                        
00000078  USICTL0                       
00000079  USICTL1                       
0000007a  USICCTL                       
0000007a  USICKCTL                      
0000007b  USICNT                        
0000007c  USISR                         
0000007c  USISRL                        
0000007d  USISRH                        
00000120  WDTCTL                        
00000128  FCTL1                         
0000012a  FCTL2                         
0000012c  FCTL3                         
0000012e  TAIV                          
00000160  TACTL                         
00000162  TACCTL0                       
00000164  TACCTL1                       
00000170  TAR                           
00000172  TACCR0                        
00000174  TACCR1                        
000001b0  ADC10CTL0                     
000001b2  ADC10CTL1                     
000001b4  ADC10MEM                      
000001bc  ADC10SA                       
00000200  aux_ms1                       
00000202  digital_TMR                   
00000204  h                             
00000206  m                             
00000208  ms                            
0000020a  one_vote_TTR_sec              
0000020c  s                             
0000020e  timer_vote                    
00000210  is_counting                   
0000024c  _stack                        
00000280  __STACK_END                   
000010fe  CALDCO_1MHZ                   
000010ff  CALBC1_1MHZ                   
0000f800  initPins                      
0000f892  __TI_decompress_lzss          
0000f90e  main                          
0000f96e  checkTimers                   
0000f9cc  setSSR                        
0000fa2a  Timer_A                       
0000fa80  __mspabi_srli                 
0000fa8e  __mspabi_srli_15              
0000fa92  __mspabi_srli_14              
0000fa96  __mspabi_srli_13              
0000fa9a  __mspabi_srli_12              
0000fa9e  __mspabi_srli_11              
0000faa2  __mspabi_srli_10              
0000faa6  __mspabi_srli_9               
0000faaa  __mspabi_srli_8               
0000faae  __mspabi_srli_7               
0000fab2  __mspabi_srli_6               
0000fab6  __mspabi_srli_5               
0000faba  __mspabi_srli_4               
0000fabe  __mspabi_srli_3               
0000fac2  __mspabi_srli_2               
0000fac6  __mspabi_srli_1               
0000facc  __TI_auto_init_nobinit_nopinit
0000fb0e  __mspabi_slli                 
0000fb1a  __mspabi_slli_15              
0000fb1c  __mspabi_slli_14              
0000fb1e  __mspabi_slli_13              
0000fb20  __mspabi_slli_12              
0000fb22  __mspabi_slli_11              
0000fb24  __mspabi_slli_10              
0000fb26  __mspabi_slli_9               
0000fb28  __mspabi_slli_8               
0000fb2a  __mspabi_slli_7               
0000fb2c  __mspabi_slli_6               
0000fb2e  __mspabi_slli_5               
0000fb30  __mspabi_slli_4               
0000fb32  __mspabi_slli_3               
0000fb34  __mspabi_slli_2               
0000fb36  __mspabi_slli_1               
0000fb3a  digitalWrite                  
0000fb5e  pinMode                       
0000fb82  _c_int00_noargs               
0000fb9e  resetATMRS                    
0000fbb4  timerA2_init                  
0000fbca  __TI_zero_init_nomemset       
0000fbde  __TI_decompress_none          
0000fbf0  digitalRead                   
0000fc02  memcpy                        
0000fc14  startTMR                      
0000fc26  __mspabi_func_epilog_7        
0000fc28  __mspabi_func_epilog_6        
0000fc2a  __mspabi_func_epilog_5        
0000fc2c  __mspabi_func_epilog_4        
0000fc2e  __mspabi_func_epilog_3        
0000fc30  __mspabi_func_epilog_2        
0000fc32  __mspabi_func_epilog_1        
0000fc36  __TI_ISR_TRAP                 
0000fc3e  C$$EXIT                       
0000fc3e  abort                         
0000fc44  _system_pre_init              
0000fc48  _system_post_cinit            
0000fc4a  __TI_Handler_Table_Base       
0000fc50  __TI_Handler_Table_Limit      
0000fc5a  __TI_CINIT_Base               
0000fc62  __TI_CINIT_Limit              
0000ffe4  __TI_int02                    
0000ffe6  __TI_int03                    
0000ffe8  __TI_int04                    
0000ffea  __TI_int05                    
0000fff0  __TI_int08                    
0000fff2  __TI_int09                    
0000fff4  __TI_int10                    
0000fffc  __TI_int14                    
0000fffe  _reset_vector                 
ffffffff  __TI_pprof_out_hndl           
ffffffff  __TI_prof_data_size           
ffffffff  __TI_prof_data_start          
ffffffff  __c_args__                    

[141 symbols]
